Archive member included to satisfy reference by file (symbol)

/opt/st/stm32cubeide_1.5.1/plugins/com.st.stm32cube.ide.mcu.externaltools.gnu-tools-for-stm32.7-2018-q2-update.linux64_1.5.0.202011040924/tools/bin/../lib/gcc/arm-none-eabi/7.3.1/../../../../arm-none-eabi/lib/thumb/v7-m/libc_nano.a(lib_a-errno.o)
                              Core/Src/syscalls.o (__errno)
/opt/st/stm32cubeide_1.5.1/plugins/com.st.stm32cube.ide.mcu.externaltools.gnu-tools-for-stm32.7-2018-q2-update.linux64_1.5.0.202011040924/tools/bin/../lib/gcc/arm-none-eabi/7.3.1/../../../../arm-none-eabi/lib/thumb/v7-m/libc_nano.a(lib_a-exit.o)
                              /opt/st/stm32cubeide_1.5.1/plugins/com.st.stm32cube.ide.mcu.externaltools.gnu-tools-for-stm32.7-2018-q2-update.linux64_1.5.0.202011040924/tools/bin/../lib/gcc/arm-none-eabi/7.3.1/../../../../arm-none-eabi/lib/thumb/v7-m/crt0.o (exit)
/opt/st/stm32cubeide_1.5.1/plugins/com.st.stm32cube.ide.mcu.externaltools.gnu-tools-for-stm32.7-2018-q2-update.linux64_1.5.0.202011040924/tools/bin/../lib/gcc/arm-none-eabi/7.3.1/../../../../arm-none-eabi/lib/thumb/v7-m/libc_nano.a(lib_a-impure.o)
                              /opt/st/stm32cubeide_1.5.1/plugins/com.st.stm32cube.ide.mcu.externaltools.gnu-tools-for-stm32.7-2018-q2-update.linux64_1.5.0.202011040924/tools/bin/../lib/gcc/arm-none-eabi/7.3.1/../../../../arm-none-eabi/lib/thumb/v7-m/libc_nano.a(lib_a-exit.o) (_global_impure_ptr)
/opt/st/stm32cubeide_1.5.1/plugins/com.st.stm32cube.ide.mcu.externaltools.gnu-tools-for-stm32.7-2018-q2-update.linux64_1.5.0.202011040924/tools/bin/../lib/gcc/arm-none-eabi/7.3.1/../../../../arm-none-eabi/lib/thumb/v7-m/libc_nano.a(lib_a-init.o)
                              /opt/st/stm32cubeide_1.5.1/plugins/com.st.stm32cube.ide.mcu.externaltools.gnu-tools-for-stm32.7-2018-q2-update.linux64_1.5.0.202011040924/tools/bin/../lib/gcc/arm-none-eabi/7.3.1/../../../../arm-none-eabi/lib/thumb/v7-m/crt0.o (__libc_init_array)
/opt/st/stm32cubeide_1.5.1/plugins/com.st.stm32cube.ide.mcu.externaltools.gnu-tools-for-stm32.7-2018-q2-update.linux64_1.5.0.202011040924/tools/bin/../lib/gcc/arm-none-eabi/7.3.1/../../../../arm-none-eabi/lib/thumb/v7-m/libc_nano.a(lib_a-memcpy-stub.o)
                              Middlewares/Third_Party/FreeRTOS/Source/queue.o (memcpy)
/opt/st/stm32cubeide_1.5.1/plugins/com.st.stm32cube.ide.mcu.externaltools.gnu-tools-for-stm32.7-2018-q2-update.linux64_1.5.0.202011040924/tools/bin/../lib/gcc/arm-none-eabi/7.3.1/../../../../arm-none-eabi/lib/thumb/v7-m/libc_nano.a(lib_a-memset.o)
                              /opt/st/stm32cubeide_1.5.1/plugins/com.st.stm32cube.ide.mcu.externaltools.gnu-tools-for-stm32.7-2018-q2-update.linux64_1.5.0.202011040924/tools/bin/../lib/gcc/arm-none-eabi/7.3.1/../../../../arm-none-eabi/lib/thumb/v7-m/crt0.o (memset)
/opt/st/stm32cubeide_1.5.1/plugins/com.st.stm32cube.ide.mcu.externaltools.gnu-tools-for-stm32.7-2018-q2-update.linux64_1.5.0.202011040924/tools/bin/../lib/gcc/arm-none-eabi/7.3.1/../../../../arm-none-eabi/lib/thumb/v7-m/libc_nano.a(lib_a-sprintf.o)
                              Core/Src/main.o (sprintf)
/opt/st/stm32cubeide_1.5.1/plugins/com.st.stm32cube.ide.mcu.externaltools.gnu-tools-for-stm32.7-2018-q2-update.linux64_1.5.0.202011040924/tools/bin/../lib/gcc/arm-none-eabi/7.3.1/../../../../arm-none-eabi/lib/thumb/v7-m/libc_nano.a(lib_a-strlen.o)
                              Core/Src/main.o (strlen)
/opt/st/stm32cubeide_1.5.1/plugins/com.st.stm32cube.ide.mcu.externaltools.gnu-tools-for-stm32.7-2018-q2-update.linux64_1.5.0.202011040924/tools/bin/../lib/gcc/arm-none-eabi/7.3.1/../../../../arm-none-eabi/lib/thumb/v7-m/libc_nano.a(lib_a-nano-svfprintf.o)
                              /opt/st/stm32cubeide_1.5.1/plugins/com.st.stm32cube.ide.mcu.externaltools.gnu-tools-for-stm32.7-2018-q2-update.linux64_1.5.0.202011040924/tools/bin/../lib/gcc/arm-none-eabi/7.3.1/../../../../arm-none-eabi/lib/thumb/v7-m/libc_nano.a(lib_a-sprintf.o) (_svfprintf_r)
/opt/st/stm32cubeide_1.5.1/plugins/com.st.stm32cube.ide.mcu.externaltools.gnu-tools-for-stm32.7-2018-q2-update.linux64_1.5.0.202011040924/tools/bin/../lib/gcc/arm-none-eabi/7.3.1/../../../../arm-none-eabi/lib/thumb/v7-m/libc_nano.a(lib_a-nano-vfprintf_i.o)
                              /opt/st/stm32cubeide_1.5.1/plugins/com.st.stm32cube.ide.mcu.externaltools.gnu-tools-for-stm32.7-2018-q2-update.linux64_1.5.0.202011040924/tools/bin/../lib/gcc/arm-none-eabi/7.3.1/../../../../arm-none-eabi/lib/thumb/v7-m/libc_nano.a(lib_a-nano-svfprintf.o) (_printf_i)
/opt/st/stm32cubeide_1.5.1/plugins/com.st.stm32cube.ide.mcu.externaltools.gnu-tools-for-stm32.7-2018-q2-update.linux64_1.5.0.202011040924/tools/bin/../lib/gcc/arm-none-eabi/7.3.1/../../../../arm-none-eabi/lib/thumb/v7-m/libc_nano.a(lib_a-memchr-stub.o)
[...]
Memory Configuration

Name             Origin             Length             Attributes
RAM              0x0000000020000000 0x0000000000005000 xrw
FLASH            0x0000000008000000 0x0000000000010000 xr
*default*        0x0000000000000000 0xffffffffffffffff

Linker script and memory map

LOAD /opt/st/stm32cubeide_1.5.1/plugins/com.st.stm32cube.ide.mcu.externaltools.gnu-tools-for-stm32.7-2018-q2-update.linux64_1.5.0.202011040924/tools/bin/../lib/gcc/arm-none-eabi/7.3.1/thumb/v7-m/crti.o
LOAD /opt/st/stm32cubeide_1.5.1/plugins/com.st.stm32cube.ide.mcu.externaltools.gnu-tools-for-stm32.7-2018-q2-update.linux64_1.5.0.202011040924/tools/bin/../lib/gcc/arm-none-eabi/7.3.1/thumb/v7-m/crtbegin.o
LOAD /opt/st/stm32cubeide_1.5.1/plugins/com.st.stm32cube.ide.mcu.externaltools.gnu-tools-for-stm32.7-2018-q2-update.linux64_1.5.0.202011040924/tools/bin/../lib/gcc/arm-none-eabi/7.3.1/../../../../arm-none-eabi/lib/thumb/v7-m/crt0.o
LOAD Core/Src/freertos.o
LOAD Core/Src/main.o
LOAD Core/Src/stm32f1xx_hal_msp.o
LOAD Core/Src/stm32f1xx_hal_timebase_tim.o
LOAD Core/Src/stm32f1xx_it.o
LOAD Core/Src/syscalls.o
LOAD Core/Src/sysmem.o
LOAD Core/Src/system_stm32f1xx.o
LOAD Core/Src/ws2812_led.o
LOAD Core/Startup/startup_stm32f103c8tx.o
LOAD Drivers/STM32F1xx_HAL_Driver/Src/stm32f1xx_hal.o
LOAD Drivers/STM32F1xx_HAL_Driver/Src/stm32f1xx_hal_adc.o
LOAD Drivers/STM32F1xx_HAL_Driver/Src/stm32f1xx_hal_adc_ex.o
LOAD Drivers/STM32F1xx_HAL_Driver/Src/stm32f1xx_hal_cortex.o
LOAD Drivers/STM32F1xx_HAL_Driver/Src/stm32f1xx_hal_dma.o
LOAD Drivers/STM32F1xx_HAL_Driver/Src/stm32f1xx_hal_exti.o
LOAD Drivers/STM32F1xx_HAL_Driver/Src/stm32f1xx_hal_flash.o
LOAD Drivers/STM32F1xx_HAL_Driver/Src/stm32f1xx_hal_flash_ex.o
LOAD Drivers/STM32F1xx_HAL_Driver/Src/stm32f1xx_hal_gpio.o
LOAD Drivers/STM32F1xx_HAL_Driver/Src/stm32f1xx_hal_gpio_ex.o
LOAD Drivers/STM32F1xx_HAL_Driver/Src/stm32f1xx_hal_pwr.o
LOAD Drivers/STM32F1xx_HAL_Driver/Src/stm32f1xx_hal_rcc.o
LOAD Drivers/STM32F1xx_HAL_Driver/Src/stm32f1xx_hal_rcc_ex.o
LOAD Drivers/STM32F1xx_HAL_Driver/Src/stm32f1xx_hal_tim.o
LOAD Drivers/STM32F1xx_HAL_Driver/Src/stm32f1xx_hal_tim_ex.o
LOAD Drivers/STM32F1xx_HAL_Driver/Src/stm32f1xx_hal_uart.o
LOAD Middlewares/Third_Party/FreeRTOS/Source/CMSIS_RTOS/cmsis_os.o
LOAD Middlewares/Third_Party/FreeRTOS/Source/croutine.o
LOAD Middlewares/Third_Party/FreeRTOS/Source/event_groups.o
LOAD Middlewares/Third_Party/FreeRTOS/Source/list.o
LOAD Middlewares/Third_Party/FreeRTOS/Source/queue.o
LOAD Middlewares/Third_Party/FreeRTOS/Source/stream_buffer.o
LOAD Middlewares/Third_Party/FreeRTOS/Source/tasks.o
LOAD Middlewares/Third_Party/FreeRTOS/Source/timers.o
LOAD Middlewares/Third_Party/FreeRTOS/Source/portable/GCC/ARM_CM3/port.o
LOAD Middlewares/Third_Party/FreeRTOS/Source/portable/MemMang/heap_4.o
START GROUP
LOAD /opt/st/stm32cubeide_1.5.1/plugins/com.st.stm32cube.ide.mcu.externaltools.gnu-tools-for-stm32.7-2018-q2-update.linux64_1.5.0.202011040924/tools/bin/../lib/gcc/arm-none-eabi/7.3.1/../../../../arm-none-eabi/lib/thumb/v7-m/libc_nano.a
LOAD /opt/st/stm32cubeide_1.5.1/plugins/com.st.stm32cube.ide.mcu.externaltools.gnu-tools-for-stm32.7-2018-q2-update.linux64_1.5.0.202011040924/tools/bin/../lib/gcc/arm-none-eabi/7.3.1/../../../../arm-none-eabi/lib/thumb/v7-m/libm.a
END GROUP
START GROUP
LOAD /opt/st/stm32cubeide_1.5.1/plugins/com.st.stm32cube.ide.mcu.externaltools.gnu-tools-for-stm32.7-2018-q2-update.linux64_1.5.0.202011040924/tools/bin/../lib/gcc/arm-none-eabi/7.3.1/thumb/v7-m/libgcc.a
LOAD /opt/st/stm32cubeide_1.5.1/plugins/com.st.stm32cube.ide.mcu.externaltools.gnu-tools-for-stm32.7-2018-q2-update.linux64_1.5.0.202011040924/tools/bin/../lib/gcc/arm-none-eabi/7.3.1/../../../../arm-none-eabi/lib/thumb/v7-m/libc_nano.a
END GROUP
START GROUP
LOAD /opt/st/stm32cubeide_1.5.1/plugins/com.st.stm32cube.ide.mcu.externaltools.gnu-tools-for-stm32.7-2018-q2-update.linux64_1.5.0.202011040924/tools/bin/../lib/gcc/arm-none-eabi/7.3.1/thumb/v7-m/libgcc.a
LOAD /opt/st/stm32cubeide_1.5.1/plugins/com.st.stm32cube.ide.mcu.externaltools.gnu-tools-for-stm32.7-2018-q2-update.linux64_1.5.0.202011040924/tools/bin/../lib/gcc/arm-none-eabi/7.3.1/../../../../arm-none-eabi/lib/thumb/v7-m/libc_nano.a
LOAD /opt/st/stm32cubeide_1.5.1/plugins/com.st.stm32cube.ide.mcu.externaltools.gnu-tools-for-stm32.7-2018-q2-update.linux64_1.5.0.202011040924/tools/bin/../lib/gcc/arm-none-eabi/7.3.1/../../../../arm-none-eabi/lib/thumb/v7-m/libnosys.a
END GROUP
START GROUP
LOAD /opt/st/stm32cubeide_1.5.1/plugins/com.st.stm32cube.ide.mcu.externaltools.gnu-tools-for-stm32.7-2018-q2-update.linux64_1.5.0.202011040924/tools/bin/../lib/gcc/arm-none-eabi/7.3.1/thumb/v7-m/libgcc.a
LOAD /opt/st/stm32cubeide_1.5.1/plugins/com.st.stm32cube.ide.mcu.externaltools.gnu-tools-for-stm32.7-2018-q2-update.linux64_1.5.0.202011040924/tools/bin/../lib/gcc/arm-none-eabi/7.3.1/../../../../arm-none-eabi/lib/thumb/v7-m/libc_nano.a
LOAD /opt/st/stm32cubeide_1.5.1/plugins/com.st.stm32cube.ide.mcu.externaltools.gnu-tools-for-stm32.7-2018-q2-update.linux64_1.5.0.202011040924/tools/bin/../lib/gcc/arm-none-eabi/7.3.1/../../../../arm-none-eabi/lib/thumb/v7-m/libnosys.a
END GROUP
LOAD /opt/st/stm32cubeide_1.5.1/plugins/com.st.stm32cube.ide.mcu.externaltools.gnu-tools-for-stm32.7-2018-q2-update.linux64_1.5.0.202011040924/tools/bin/../lib/gcc/arm-none-eabi/7.3.1/thumb/v7-m/crtend.o
LOAD /opt/st/stm32cubeide_1.5.1/plugins/com.st.stm32cube.ide.mcu.externaltools.gnu-tools-for-stm32.7-2018-q2-update.linux64_1.5.0.202011040924/tools/bin/../lib/gcc/arm-none-eabi/7.3.1/thumb/v7-m/crtn.o
                0x0000000020005000                _estack = (ORIGIN (RAM) + LENGTH (RAM))
                0x0000000000000200                _Min_Heap_Size = 0x200
                0x0000000000000400                _Min_Stack_Size = 0x400

.isr_vector     0x0000000008000000      0x10c
                0x0000000008000000                . = ALIGN (0x4)
 *(.isr_vector)
 .isr_vector    0x0000000008000000      0x10c Core/Startup/startup_stm32f103c8tx.o
                0x0000000008000000                g_pfnVectors
                0x000000000800010c                . = ALIGN (0x4)

.text           0x0000000008000110     0x81c0
                0x0000000008000110                . = ALIGN (0x4)
 *(.text)
 .text          0x0000000008000110       0x40 /opt/st/stm32cubeide_1.5.1/plugins/com.st.stm32cube.ide.mcu.externaltools.gnu-tools-for-stm32.7-2018-q2-update.linux64_1.5.0.202011040924/tools/bin/../lib/gcc/arm-none-eabi/7.3.1/thumb/v7-m/crtbegin.o
 .text          0x0000000008000150       0x10 /opt/st/stm32cubeide_1.5.1/plugins/com.st.stm32cube.ide.mcu.externaltools.gnu-tools-for-stm32.7-2018-q2-update.linux64_1.5.0.202011040924/tools/bin/../lib/gcc/arm-none-eabi/7.3.1/../../../../arm-none-eabi/lib/thumb/v7-m/libc_nano.a(lib_a-strlen.o)
                0x0000000008000150                strlen
 *(.text*)
 .text.vApplicationGetIdleTaskMemory
                0x0000000008000160       0x30 Core/Src/freertos.o
                0x0000000008000160                vApplicationGetIdleTaskMemory
 .text.vApplicationGetTimerTaskMemory
                0x0000000008000190       0x34 Core/Src/freertos.o
                0x0000000008000190                vApplicationGetTimerTaskMemory
 .text.lightupLED
                0x00000000080001c4      0x11a Core/Src/main.o
                0x00000000080001c4                lightupLED
 .text.lightupLED2
                0x00000000080002de       0xd8 Core/Src/main.o
                0x00000000080002de                lightupLED2
 *fill*         0x00000000080003b6        0x2 
 .text.ir_led_on
                0x00000000080003b8       0x18 Core/Src/main.o
                0x00000000080003b8                ir_led_on
 .text.ir_led_off
                0x00000000080003d0       0x18 Core/Src/main.o
                0x00000000080003d0                ir_led_off
 .text.set_mux_fl
                0x00000000080003e8       0x6c Core/Src/main.o
                0x00000000080003e8                set_mux_fl
 .text.set_mux_fr
                0x0000000008000454       0x70 Core/Src/main.o
                0x0000000008000454                set_mux_fr
 .text.main     0x00000000080004c4      0x1c0 Core/Src/main.o
                0x00000000080004c4                main
 .text.SystemClock_Config
                0x0000000008000684       0xb6 Core/Src/main.o
                0x0000000008000684                SystemClock_Config
 *fill*         0x000000000800073a        0x2 
 .text.MX_ADC1_Init
                0x000000000800073c      0x130 Core/Src/main.o
 .text.MX_TIM1_Init
                0x000000000800086c      0x140 Core/Src/main.o
 .text.MX_TIM2_Init
                0x00000000080009ac       0xfc Core/Src/main.o
 .text.MX_TIM4_Init
                0x0000000008000aa8      0x130 Core/Src/main.o
 .text.MX_USART1_UART_Init
                0x0000000008000bd8       0x54 Core/Src/main.o
 .text.MX_DMA_Init
                0x0000000008000c2c       0x6c Core/Src/main.o
 .text.MX_GPIO_Init
                0x0000000008000c98      0x10c Core/Src/main.o
 .text.adc_reader_task
                0x0000000008000da4       0xc4 Core/Src/main.o
                0x0000000008000da4                adc_reader_task
 .text.serial_reader_task
                0x0000000008000e68       0x10 Core/Src/main.o
                0x0000000008000e68                serial_reader_task
 .text.pid_timer
                0x0000000008000e78       0x12 Core/Src/main.o
                0x0000000008000e78                pid_timer
 *fill*         0x0000000008000e8a        0x2 
 .text.status_update_timer
                0x0000000008000e8c      0x120 Core/Src/main.o
                0x0000000008000e8c                status_update_timer
 .text.HAL_TIM_PeriodElapsedCallback
                0x0000000008000fac       0x24 Core/Src/main.o
                0x0000000008000fac                HAL_TIM_PeriodElapsedCallback
 .text.Error_Handler
                0x0000000008000fd0        0xc Core/Src/main.o
                0x0000000008000fd0                Error_Handler
 .text.HAL_MspInit
                0x0000000008000fdc       0x70 Core/Src/stm32f1xx_hal_msp.o
                0x0000000008000fdc                HAL_MspInit
 .text.HAL_ADC_MspInit
                0x000000000800104c       0xd0 Core/Src/stm32f1xx_hal_msp.o
                0x000000000800104c                HAL_ADC_MspInit
 .text.HAL_TIM_Base_MspInit
                0x000000000800111c      0x1a4 Core/Src/stm32f1xx_hal_msp.o
                0x000000000800111c                HAL_TIM_Base_MspInit
 .text.HAL_TIM_MspPostInit
                0x00000000080012c0       0xac Core/Src/stm32f1xx_hal_msp.o
                0x00000000080012c0                HAL_TIM_MspPostInit
 .text.HAL_UART_MspInit
                0x000000000800136c       0xa8 Core/Src/stm32f1xx_hal_msp.o
                0x000000000800136c                HAL_UART_MspInit
 .text.HAL_InitTick
                0x0000000008001414       0xb0 Core/Src/stm32f1xx_hal_timebase_tim.o
                0x0000000008001414                HAL_InitTick
 .text.NMI_Handler
                0x00000000080014c4        0xc Core/Src/stm32f1xx_it.o
                0x00000000080014c4                NMI_Handler
 .text.HardFault_Handler
                0x00000000080014d0        0x6 Core/Src/stm32f1xx_it.o
                0x00000000080014d0                HardFault_Handler
 .text.MemManage_Handler
                0x00000000080014d6        0x6 Core/Src/stm32f1xx_it.o
                0x00000000080014d6                MemManage_Handler
 .text.BusFault_Handler
                0x00000000080014dc        0x6 Core/Src/stm32f1xx_it.o
                0x00000000080014dc                BusFault_Handler
 .text.UsageFault_Handler
                0x00000000080014e2        0x6 Core/Src/stm32f1xx_it.o
                0x00000000080014e2                UsageFault_Handler
 .text.DebugMon_Handler
                0x00000000080014e8        0xc Core/Src/stm32f1xx_it.o
                0x00000000080014e8                DebugMon_Handler
 .text.DMA1_Channel1_IRQHandler
                0x00000000080014f4       0x14 Core/Src/stm32f1xx_it.o
                0x00000000080014f4                DMA1_Channel1_IRQHandler
 .text.DMA1_Channel2_IRQHandler
                0x0000000008001508       0x14 Core/Src/stm32f1xx_it.o
                0x0000000008001508                DMA1_Channel2_IRQHandler
 .text.DMA1_Channel5_IRQHandler
                0x000000000800151c       0x14 Core/Src/stm32f1xx_it.o
                0x000000000800151c                DMA1_Channel5_IRQHandler
 .text.DMA1_Channel7_IRQHandler
                0x0000000008001530       0x14 Core/Src/stm32f1xx_it.o
                0x0000000008001530                DMA1_Channel7_IRQHandler
 .text.TIM3_IRQHandler
                0x0000000008001544       0x14 Core/Src/stm32f1xx_it.o
                0x0000000008001544                TIM3_IRQHandler
 .text.USART1_IRQHandler
                0x0000000008001558       0x14 Core/Src/stm32f1xx_it.o
                0x0000000008001558                USART1_IRQHandler
 .text._sbrk    0x000000000800156c       0x6c Core/Src/sysmem.o
                0x000000000800156c                _sbrk
 .text.SystemInit
                0x00000000080015d8        0xc Core/Src/system_stm32f1xx.o
                0x00000000080015d8                SystemInit
 .text.ws2812_timer2_init
                0x00000000080015e4       0xcc Core/Src/ws2812_led.o
 .text.ws2812_dma_start
                0x00000000080016b0      0x164 Core/Src/ws2812_led.o
 .text.get_channel_byte
                0x0000000008001814       0x30 Core/Src/ws2812_led.o
 .text.fill_dma_buffer
                0x0000000008001844      0x164 Core/Src/ws2812_led.o
 .text.ws2812_refresh
                0x00000000080019a8      0x2b4 Core/Src/ws2812_led.o
                0x00000000080019a8                ws2812_refresh
 .text.ws2812_init
                0x0000000008001c5c       0x4c Core/Src/ws2812_led.o
                0x0000000008001c5c                ws2812_init
 .text.Reset_Handler
                0x0000000008001ca8       0x48 Core/Startup/startup_stm32f103c8tx.o
                0x0000000008001ca8                Reset_Handler
 .text.Default_Handler
                0x0000000008001cf0        0x2 Core/Startup/startup_stm32f103c8tx.o
                0x0000000008001cf0                RTC_Alarm_IRQHandler
                0x0000000008001cf0                EXTI2_IRQHandler
                0x0000000008001cf0                TIM1_CC_IRQHandler
                0x0000000008001cf0                PVD_IRQHandler
                0x0000000008001cf0                EXTI3_IRQHandler
                0x0000000008001cf0                EXTI0_IRQHandler
                0x0000000008001cf0                I2C2_EV_IRQHandler
                0x0000000008001cf0                ADC1_2_IRQHandler
                0x0000000008001cf0                SPI1_IRQHandler
                0x0000000008001cf0                TAMPER_IRQHandler
                0x0000000008001cf0                DMA1_Channel4_IRQHandler
                0x0000000008001cf0                USART3_IRQHandler
                0x0000000008001cf0                RTC_IRQHandler
                0x0000000008001cf0                CAN1_RX1_IRQHandler
                0x0000000008001cf0                TIM4_IRQHandler
                0x0000000008001cf0                I2C1_EV_IRQHandler
                0x0000000008001cf0                DMA1_Channel6_IRQHandler
                0x0000000008001cf0                RCC_IRQHandler
                0x0000000008001cf0                TIM1_TRG_COM_IRQHandler
                0x0000000008001cf0                Default_Handler
                0x0000000008001cf0                EXTI15_10_IRQHandler
                0x0000000008001cf0                EXTI9_5_IRQHandler
                0x0000000008001cf0                SPI2_IRQHandler
                0x0000000008001cf0                EXTI4_IRQHandler
                0x0000000008001cf0                USB_LP_CAN1_RX0_IRQHandler
                0x0000000008001cf0                USB_HP_CAN1_TX_IRQHandler
                0x0000000008001cf0                DMA1_Channel3_IRQHandler
                0x0000000008001cf0                TIM1_UP_IRQHandler
                0x0000000008001cf0                WWDG_IRQHandler
                0x0000000008001cf0                TIM2_IRQHandler
                0x0000000008001cf0                TIM1_BRK_IRQHandler
                0x0000000008001cf0                EXTI1_IRQHandler
                0x0000000008001cf0                USART2_IRQHandler
                0x0000000008001cf0                I2C2_ER_IRQHandler
                0x0000000008001cf0                CAN1_SCE_IRQHandler
                0x0000000008001cf0                FLASH_IRQHandler
                0x0000000008001cf0                I2C1_ER_IRQHandler
                0x0000000008001cf0                USBWakeUp_IRQHandler
 *fill*         0x0000000008001cf2        0x2 
 .text.HAL_Init
                0x0000000008001cf4       0x2c Drivers/STM32F1xx_HAL_Driver/Src/stm32f1xx_hal.o
                0x0000000008001cf4                HAL_Init
 .text.HAL_IncTick
                0x0000000008001d20       0x24 Drivers/STM32F1xx_HAL_Driver/Src/stm32f1xx_hal.o
                0x0000000008001d20                HAL_IncTick
 .text.HAL_GetTick
                0x0000000008001d44       0x14 Drivers/STM32F1xx_HAL_Driver/Src/stm32f1xx_hal.o
                0x0000000008001d44                HAL_GetTick
 .text.HAL_Delay
                0x0000000008001d58       0x44 Drivers/STM32F1xx_HAL_Driver/Src/stm32f1xx_hal.o
                0x0000000008001d58                HAL_Delay
 .text.HAL_ADC_Init
                0x0000000008001d9c      0x1b0 Drivers/STM32F1xx_HAL_Driver/Src/stm32f1xx_hal_adc.o
                0x0000000008001d9c                HAL_ADC_Init
 .text.HAL_ADC_Start_DMA
                0x0000000008001f4c      0x1bc Drivers/STM32F1xx_HAL_Driver/Src/stm32f1xx_hal_adc.o
                0x0000000008001f4c                HAL_ADC_Start_DMA
 .text.HAL_ADC_ConvCpltCallback
                0x0000000008002108       0x12 Drivers/STM32F1xx_HAL_Driver/Src/stm32f1xx_hal_adc.o
                0x0000000008002108                HAL_ADC_ConvCpltCallback
 .text.HAL_ADC_ConvHalfCpltCallback
                0x000000000800211a       0x12 Drivers/STM32F1xx_HAL_Driver/Src/stm32f1xx_hal_adc.o
                0x000000000800211a                HAL_ADC_ConvHalfCpltCallback
 .text.HAL_ADC_ErrorCallback
                0x000000000800212c       0x12 Drivers/STM32F1xx_HAL_Driver/Src/stm32f1xx_hal_adc.o
                0x000000000800212c                HAL_ADC_ErrorCallback
 *fill*         0x000000000800213e        0x2 
 .text.HAL_ADC_ConfigChannel
                0x0000000008002140      0x1f0 Drivers/STM32F1xx_HAL_Driver/Src/stm32f1xx_hal_adc.o
                0x0000000008002140                HAL_ADC_ConfigChannel
 .text.ADC_Enable
                0x0000000008002330       0xa4 Drivers/STM32F1xx_HAL_Driver/Src/stm32f1xx_hal_adc.o
                0x0000000008002330                ADC_Enable
 .text.ADC_ConversionStop_Disable
                0x00000000080023d4       0x74 Drivers/STM32F1xx_HAL_Driver/Src/stm32f1xx_hal_adc.o
                0x00000000080023d4                ADC_ConversionStop_Disable
 .text.ADC_DMAConvCplt
                0x0000000008002448       0x7c Drivers/STM32F1xx_HAL_Driver/Src/stm32f1xx_hal_adc.o
                0x0000000008002448                ADC_DMAConvCplt
 .text.ADC_DMAHalfConvCplt
                0x00000000080024c4       0x1c Drivers/STM32F1xx_HAL_Driver/Src/stm32f1xx_hal_adc.o
                0x00000000080024c4                ADC_DMAHalfConvCplt
 .text.ADC_DMAError
                0x00000000080024e0       0x34 Drivers/STM32F1xx_HAL_Driver/Src/stm32f1xx_hal_adc.o
                0x00000000080024e0                ADC_DMAError
 .text.__NVIC_SetPriorityGrouping
                0x0000000008002514       0x48 Drivers/STM32F1xx_HAL_Driver/Src/stm32f1xx_hal_cortex.o
 .text.__NVIC_GetPriorityGrouping
                0x000000000800255c       0x1c Drivers/STM32F1xx_HAL_Driver/Src/stm32f1xx_hal_cortex.o
 .text.__NVIC_EnableIRQ
                0x0000000008002578       0x38 Drivers/STM32F1xx_HAL_Driver/Src/stm32f1xx_hal_cortex.o
 .text.__NVIC_SetPriority
                0x00000000080025b0       0x54 Drivers/STM32F1xx_HAL_Driver/Src/stm32f1xx_hal_cortex.o
 .text.NVIC_EncodePriority
                0x0000000008002604       0x64 Drivers/STM32F1xx_HAL_Driver/Src/stm32f1xx_hal_cortex.o
 .text.HAL_NVIC_SetPriorityGrouping
                0x0000000008002668       0x16 Drivers/STM32F1xx_HAL_Driver/Src/stm32f1xx_hal_cortex.o
                0x0000000008002668                HAL_NVIC_SetPriorityGrouping
 .text.HAL_NVIC_SetPriority
                0x000000000800267e       0x38 Drivers/STM32F1xx_HAL_Driver/Src/stm32f1xx_hal_cortex.o
                0x000000000800267e                HAL_NVIC_SetPriority
 .text.HAL_NVIC_EnableIRQ
                0x00000000080026b6       0x1c Drivers/STM32F1xx_HAL_Driver/Src/stm32f1xx_hal_cortex.o
                0x00000000080026b6                HAL_NVIC_EnableIRQ
 *fill*         0x00000000080026d2        0x2 
 .text.HAL_DMA_Init
                0x00000000080026d4       0xb4 Drivers/STM32F1xx_HAL_Driver/Src/stm32f1xx_hal_dma.o
                0x00000000080026d4                HAL_DMA_Init
 .text.HAL_DMA_Start
                0x0000000008002788       0x84 Drivers/STM32F1xx_HAL_Driver/Src/stm32f1xx_hal_dma.o
                0x0000000008002788                HAL_DMA_Start
 .text.HAL_DMA_Start_IT
                0x000000000800280c       0xbe Drivers/STM32F1xx_HAL_Driver/Src/stm32f1xx_hal_dma.o
                0x000000000800280c                HAL_DMA_Start_IT
 *fill*         0x00000000080028ca        0x2 
 .text.HAL_DMA_Abort_IT
                0x00000000080028cc       0xec Drivers/STM32F1xx_HAL_Driver/Src/stm32f1xx_hal_dma.o
                0x00000000080028cc                HAL_DMA_Abort_IT
 .text.HAL_DMA_IRQHandler
                0x00000000080029b8      0x20c Drivers/STM32F1xx_HAL_Driver/Src/stm32f1xx_hal_dma.o
                0x00000000080029b8                HAL_DMA_IRQHandler
 .text.DMA_SetConfig
                0x0000000008002bc4       0x5a Drivers/STM32F1xx_HAL_Driver/Src/stm32f1xx_hal_dma.o
 *fill*         0x0000000008002c1e        0x2 
 .text.HAL_GPIO_Init
                0x0000000008002c20      0x2b4 Drivers/STM32F1xx_HAL_Driver/Src/stm32f1xx_hal_gpio.o
                0x0000000008002c20                HAL_GPIO_Init
 .text.HAL_GPIO_WritePin
                0x0000000008002ed4       0x30 Drivers/STM32F1xx_HAL_Driver/Src/stm32f1xx_hal_gpio.o
                0x0000000008002ed4                HAL_GPIO_WritePin
 .text.HAL_RCC_OscConfig
                0x0000000008002f04      0x500 Drivers/STM32F1xx_HAL_Driver/Src/stm32f1xx_hal_rcc.o
                0x0000000008002f04                HAL_RCC_OscConfig
 .text.HAL_RCC_ClockConfig
                0x0000000008003404      0x1d4 Drivers/STM32F1xx_HAL_Driver/Src/stm32f1xx_hal_rcc.o
                0x0000000008003404                HAL_RCC_ClockConfig
 .text.HAL_RCC_GetSysClockFreq
                0x00000000080035d8       0xc4 Drivers/STM32F1xx_HAL_Driver/Src/stm32f1xx_hal_rcc.o
                0x00000000080035d8                HAL_RCC_GetSysClockFreq
 .text.HAL_RCC_GetHCLKFreq
                0x000000000800369c       0x14 Drivers/STM32F1xx_HAL_Driver/Src/stm32f1xx_hal_rcc.o
                0x000000000800369c                HAL_RCC_GetHCLKFreq
 .text.HAL_RCC_GetPCLK1Freq
                0x00000000080036b0       0x28 Drivers/STM32F1xx_HAL_Driver/Src/stm32f1xx_hal_rcc.o
                0x00000000080036b0                HAL_RCC_GetPCLK1Freq
 .text.HAL_RCC_GetPCLK2Freq
                0x00000000080036d8       0x28 Drivers/STM32F1xx_HAL_Driver/Src/stm32f1xx_hal_rcc.o
                0x00000000080036d8                HAL_RCC_GetPCLK2Freq
 .text.HAL_RCC_GetClockConfig
                0x0000000008003700       0x60 Drivers/STM32F1xx_HAL_Driver/Src/stm32f1xx_hal_rcc.o
                0x0000000008003700                HAL_RCC_GetClockConfig
 .text.RCC_Delay
                0x0000000008003760       0x3c Drivers/STM32F1xx_HAL_Driver/Src/stm32f1xx_hal_rcc.o
 .text.HAL_RCCEx_PeriphCLKConfig
                0x000000000800379c      0x16c Drivers/STM32F1xx_HAL_Driver/Src/stm32f1xx_hal_rcc_ex.o
                0x000000000800379c                HAL_RCCEx_PeriphCLKConfig
 .text.HAL_TIM_Base_Init
                0x0000000008003908       0x9e Drivers/STM32F1xx_HAL_Driver/Src/stm32f1xx_hal_tim.o
                0x0000000008003908                HAL_TIM_Base_Init
 *fill*         0x00000000080039a6        0x2 
 .text.HAL_TIM_Base_Start
                0x00000000080039a8       0x94 Drivers/STM32F1xx_HAL_Driver/Src/stm32f1xx_hal_tim.o
                0x00000000080039a8                HAL_TIM_Base_Start
 .text.HAL_TIM_Base_Start_IT
                0x0000000008003a3c       0xa4 Drivers/STM32F1xx_HAL_Driver/Src/stm32f1xx_hal_tim.o
                0x0000000008003a3c                HAL_TIM_Base_Start_IT
 .text.HAL_TIM_PWM_Init
                0x0000000008003ae0       0x9e Drivers/STM32F1xx_HAL_Driver/Src/stm32f1xx_hal_tim.o
                0x0000000008003ae0                HAL_TIM_PWM_Init
 .text.HAL_TIM_PWM_MspInit
                0x0000000008003b7e       0x12 Drivers/STM32F1xx_HAL_Driver/Src/stm32f1xx_hal_tim.o
                0x0000000008003b7e                HAL_TIM_PWM_MspInit
 .text.HAL_TIM_PWM_Start
                0x0000000008003b90      0x144 Drivers/STM32F1xx_HAL_Driver/Src/stm32f1xx_hal_tim.o
                0x0000000008003b90                HAL_TIM_PWM_Start
 .text.HAL_TIM_IRQHandler
                0x0000000008003cd4      0x210 Drivers/STM32F1xx_HAL_Driver/Src/stm32f1xx_hal_tim.o
                0x0000000008003cd4                HAL_TIM_IRQHandler
 .text.HAL_TIM_PWM_ConfigChannel
                0x0000000008003ee4      0x17c Drivers/STM32F1xx_HAL_Driver/Src/stm32f1xx_hal_tim.o
                0x0000000008003ee4                HAL_TIM_PWM_ConfigChannel
 .text.HAL_TIM_ConfigClockSource
                0x0000000008004060      0x16e Drivers/STM32F1xx_HAL_Driver/Src/stm32f1xx_hal_tim.o
                0x0000000008004060                HAL_TIM_ConfigClockSource
 .text.HAL_TIM_OC_DelayElapsedCallback
                0x00000000080041ce       0x12 Drivers/STM32F1xx_HAL_Driver/Src/stm32f1xx_hal_tim.o
                0x00000000080041ce                HAL_TIM_OC_DelayElapsedCallback
 .text.HAL_TIM_IC_CaptureCallback
                0x00000000080041e0       0x12 Drivers/STM32F1xx_HAL_Driver/Src/stm32f1xx_hal_tim.o
                0x00000000080041e0                HAL_TIM_IC_CaptureCallback
 .text.HAL_TIM_PWM_PulseFinishedCallback
                0x00000000080041f2       0x12 Drivers/STM32F1xx_HAL_Driver/Src/stm32f1xx_hal_tim.o
                0x00000000080041f2                HAL_TIM_PWM_PulseFinishedCallback
 .text.HAL_TIM_TriggerCallback
                0x0000000008004204       0x12 Drivers/STM32F1xx_HAL_Driver/Src/stm32f1xx_hal_tim.o
                0x0000000008004204                HAL_TIM_TriggerCallback
 *fill*         0x0000000008004216        0x2 
 .text.TIM_Base_SetConfig
                0x0000000008004218       0xc4 Drivers/STM32F1xx_HAL_Driver/Src/stm32f1xx_hal_tim.o
                0x0000000008004218                TIM_Base_SetConfig
 .text.TIM_OC1_SetConfig
                0x00000000080042dc       0xcc Drivers/STM32F1xx_HAL_Driver/Src/stm32f1xx_hal_tim.o
 .text.TIM_OC2_SetConfig
                0x00000000080043a8       0xd4 Drivers/STM32F1xx_HAL_Driver/Src/stm32f1xx_hal_tim.o
                0x00000000080043a8                TIM_OC2_SetConfig
 .text.TIM_OC3_SetConfig
                0x000000000800447c       0xd4 Drivers/STM32F1xx_HAL_Driver/Src/stm32f1xx_hal_tim.o
 .text.TIM_OC4_SetConfig
                0x0000000008004550       0x9c Drivers/STM32F1xx_HAL_Driver/Src/stm32f1xx_hal_tim.o
 .text.TIM_TI1_ConfigInputStage
                0x00000000080045ec       0x5c Drivers/STM32F1xx_HAL_Driver/Src/stm32f1xx_hal_tim.o
 .text.TIM_TI2_ConfigInputStage
                0x0000000008004648       0x5e Drivers/STM32F1xx_HAL_Driver/Src/stm32f1xx_hal_tim.o
 .text.TIM_ITRx_SetConfig
                0x00000000080046a6       0x34 Drivers/STM32F1xx_HAL_Driver/Src/stm32f1xx_hal_tim.o
 .text.TIM_ETR_SetConfig
                0x00000000080046da       0x3e Drivers/STM32F1xx_HAL_Driver/Src/stm32f1xx_hal_tim.o
                0x00000000080046da                TIM_ETR_SetConfig
 .text.TIM_CCxChannelCmd
                0x0000000008004718       0x48 Drivers/STM32F1xx_HAL_Driver/Src/stm32f1xx_hal_tim.o
                0x0000000008004718                TIM_CCxChannelCmd
 .text.HAL_TIMEx_MasterConfigSynchronization
                0x0000000008004760       0xbc Drivers/STM32F1xx_HAL_Driver/Src/stm32f1xx_hal_tim_ex.o
                0x0000000008004760                HAL_TIMEx_MasterConfigSynchronization
 .text.HAL_TIMEx_ConfigBreakDeadTime
                0x000000000800481c       0xa2 Drivers/STM32F1xx_HAL_Driver/Src/stm32f1xx_hal_tim_ex.o
                0x000000000800481c                HAL_TIMEx_ConfigBreakDeadTime
 .text.HAL_TIMEx_CommutCallback
                0x00000000080048be       0x12 Drivers/STM32F1xx_HAL_Driver/Src/stm32f1xx_hal_tim_ex.o
                0x00000000080048be                HAL_TIMEx_CommutCallback
 .text.HAL_TIMEx_BreakCallback
                0x00000000080048d0       0x12 Drivers/STM32F1xx_HAL_Driver/Src/stm32f1xx_hal_tim_ex.o
                0x00000000080048d0                HAL_TIMEx_BreakCallback
 .text.HAL_UART_Init
                0x00000000080048e2       0x9a Drivers/STM32F1xx_HAL_Driver/Src/stm32f1xx_hal_uart.o
                0x00000000080048e2                HAL_UART_Init
 .text.HAL_UART_Transmit
                0x000000000800497c      0x124 Drivers/STM32F1xx_HAL_Driver/Src/stm32f1xx_hal_uart.o
                0x000000000800497c                HAL_UART_Transmit
 .text.HAL_UART_IRQHandler
                0x0000000008004aa0      0x200 Drivers/STM32F1xx_HAL_Driver/Src/stm32f1xx_hal_uart.o
                0x0000000008004aa0                HAL_UART_IRQHandler
 .text.HAL_UART_TxCpltCallback
                0x0000000008004ca0       0x12 Drivers/STM32F1xx_HAL_Driver/Src/stm32f1xx_hal_uart.o
                0x0000000008004ca0                HAL_UART_TxCpltCallback
 .text.HAL_UART_RxCpltCallback
                0x0000000008004cb2       0x12 Drivers/STM32F1xx_HAL_Driver/Src/stm32f1xx_hal_uart.o
                0x0000000008004cb2                HAL_UART_RxCpltCallback
 .text.HAL_UART_ErrorCallback
                0x0000000008004cc4       0x12 Drivers/STM32F1xx_HAL_Driver/Src/stm32f1xx_hal_uart.o
                0x0000000008004cc4                HAL_UART_ErrorCallback
 .text.UART_WaitOnFlagUntilTimeout
                0x0000000008004cd6       0x94 Drivers/STM32F1xx_HAL_Driver/Src/stm32f1xx_hal_uart.o
 .text.UART_EndRxTransfer
                0x0000000008004d6a       0x3a Drivers/STM32F1xx_HAL_Driver/Src/stm32f1xx_hal_uart.o
 .text.UART_DMAAbortOnError
                0x0000000008004da4       0x28 Drivers/STM32F1xx_HAL_Driver/Src/stm32f1xx_hal_uart.o
 .text.UART_Transmit_IT
                0x0000000008004dcc       0x9e Drivers/STM32F1xx_HAL_Driver/Src/stm32f1xx_hal_uart.o
 .text.UART_EndTransmit_IT
                0x0000000008004e6a       0x30 Drivers/STM32F1xx_HAL_Driver/Src/stm32f1xx_hal_uart.o
 .text.UART_Receive_IT
                0x0000000008004e9a      0x100 Drivers/STM32F1xx_HAL_Driver/Src/stm32f1xx_hal_uart.o
 *fill*         0x0000000008004f9a        0x2 
 .text.UART_SetConfig
                0x0000000008004f9c      0x11c Drivers/STM32F1xx_HAL_Driver/Src/stm32f1xx_hal_uart.o
 .text.makeFreeRtosPriority
                0x00000000080050b8       0x2e Middlewares/Third_Party/FreeRTOS/Source/CMSIS_RTOS/cmsis_os.o
 .text.inHandlerMode
                0x00000000080050e6       0x22 Middlewares/Third_Party/FreeRTOS/Source/CMSIS_RTOS/cmsis_os.o
 .text.osKernelStart
                0x0000000008005108        0xe Middlewares/Third_Party/FreeRTOS/Source/CMSIS_RTOS/cmsis_os.o
                0x0000000008005108                osKernelStart
 .text.osThreadCreate
                0x0000000008005116       0x98 Middlewares/Third_Party/FreeRTOS/Source/CMSIS_RTOS/cmsis_os.o
                0x0000000008005116                osThreadCreate
 .text.osDelay  0x00000000080051ae       0x28 Middlewares/Third_Party/FreeRTOS/Source/CMSIS_RTOS/cmsis_os.o
                0x00000000080051ae                osDelay
 *fill*         0x00000000080051d6        0x2 
 .text.osTimerCreate
                0x00000000080051d8       0x68 Middlewares/Third_Party/FreeRTOS/Source/CMSIS_RTOS/cmsis_os.o
                0x00000000080051d8                osTimerCreate
 .text.osTimerStart
                0x0000000008005240       0x8c Middlewares/Third_Party/FreeRTOS/Source/CMSIS_RTOS/cmsis_os.o
                0x0000000008005240                osTimerStart
 .text.vListInitialise
                0x00000000080052cc       0x3e Middlewares/Third_Party/FreeRTOS/Source/list.o
                0x00000000080052cc                vListInitialise
 .text.vListInitialiseItem
                0x000000000800530a       0x18 Middlewares/Third_Party/FreeRTOS/Source/list.o
                0x000000000800530a                vListInitialiseItem
 .text.vListInsertEnd
                0x0000000008005322       0x46 Middlewares/Third_Party/FreeRTOS/Source/list.o
                0x0000000008005322                vListInsertEnd
 .text.vListInsert
                0x0000000008005368       0x70 Middlewares/Third_Party/FreeRTOS/Source/list.o
                0x0000000008005368                vListInsert
 .text.uxListRemove
                0x00000000080053d8       0x52 Middlewares/Third_Party/FreeRTOS/Source/list.o
                0x00000000080053d8                uxListRemove
 *fill*         0x000000000800542a        0x2 
 .text.xQueueGenericReset
                0x000000000800542c       0xd0 Middlewares/Third_Party/FreeRTOS/Source/queue.o
                0x000000000800542c                xQueueGenericReset
 .text.xQueueGenericCreateStatic
                0x00000000080054fc       0xe4 Middlewares/Third_Party/FreeRTOS/Source/queue.o
                0x00000000080054fc                xQueueGenericCreateStatic
 .text.prvInitialiseNewQueue
                0x00000000080055e0       0x3e Middlewares/Third_Party/FreeRTOS/Source/queue.o
 *fill*         0x000000000800561e        0x2 
 .text.xQueueGenericSend
                0x0000000008005620      0x1f4 Middlewares/Third_Party/FreeRTOS/Source/queue.o
                0x0000000008005620                xQueueGenericSend
 .text.xQueueGenericSendFromISR
                0x0000000008005814      0x128 Middlewares/Third_Party/FreeRTOS/Source/queue.o
                0x0000000008005814                xQueueGenericSendFromISR
 .text.xQueueReceive
                0x000000000800593c      0x1b8 Middlewares/Third_Party/FreeRTOS/Source/queue.o
                0x000000000800593c                xQueueReceive
 .text.prvCopyDataToQueue
                0x0000000008005af4       0xd4 Middlewares/Third_Party/FreeRTOS/Source/queue.o
 .text.prvCopyDataFromQueue
                0x0000000008005bc8       0x4c Middlewares/Third_Party/FreeRTOS/Source/queue.o
 .text.prvUnlockQueue
                0x0000000008005c14       0xa4 Middlewares/Third_Party/FreeRTOS/Source/queue.o
 .text.prvIsQueueEmpty
                0x0000000008005cb8       0x2c Middlewares/Third_Party/FreeRTOS/Source/queue.o
 .text.prvIsQueueFull
                0x0000000008005ce4       0x30 Middlewares/Third_Party/FreeRTOS/Source/queue.o
 .text.vQueueAddToRegistry
                0x0000000008005d14       0x50 Middlewares/Third_Party/FreeRTOS/Source/queue.o
                0x0000000008005d14                vQueueAddToRegistry
 .text.vQueueWaitForMessageRestricted
                0x0000000008005d64       0x68 Middlewares/Third_Party/FreeRTOS/Source/queue.o
                0x0000000008005d64                vQueueWaitForMessageRestricted
 .text.xTaskCreateStatic
                0x0000000008005dcc       0xb2 Middlewares/Third_Party/FreeRTOS/Source/tasks.o
                0x0000000008005dcc                xTaskCreateStatic
 .text.xTaskCreate
                0x0000000008005e7e       0x8a Middlewares/Third_Party/FreeRTOS/Source/tasks.o
                0x0000000008005e7e                xTaskCreate
 .text.prvInitialiseNewTask
                0x0000000008005f08       0xfc Middlewares/Third_Party/FreeRTOS/Source/tasks.o
 .text.prvAddNewTaskToReadyList
                0x0000000008006004       0xd4 Middlewares/Third_Party/FreeRTOS/Source/tasks.o
 .text.vTaskDelay
                0x00000000080060d8       0x68 Middlewares/Third_Party/FreeRTOS/Source/tasks.o
                0x00000000080060d8                vTaskDelay
 .text.vTaskStartScheduler
                0x0000000008006140       0xc8 Middlewares/Third_Party/FreeRTOS/Source/tasks.o
                0x0000000008006140                vTaskStartScheduler
 .text.vTaskSuspendAll
                0x0000000008006208       0x1c Middlewares/Third_Party/FreeRTOS/Source/tasks.o
                0x0000000008006208                vTaskSuspendAll
 .text.xTaskResumeAll
                0x0000000008006224      0x138 Middlewares/Third_Party/FreeRTOS/Source/tasks.o
                0x0000000008006224                xTaskResumeAll
 .text.xTaskGetTickCount
                0x000000000800635c       0x1c Middlewares/Third_Party/FreeRTOS/Source/tasks.o
                0x000000000800635c                xTaskGetTickCount
 .text.xTaskIncrementTick
                0x0000000008006378      0x178 Middlewares/Third_Party/FreeRTOS/Source/tasks.o
                0x0000000008006378                xTaskIncrementTick
 .text.vTaskSwitchContext
                0x00000000080064f0       0xb4 Middlewares/Third_Party/FreeRTOS/Source/tasks.o
                0x00000000080064f0                vTaskSwitchContext
 .text.vTaskPlaceOnEventList
                0x00000000080065a4       0x48 Middlewares/Third_Party/FreeRTOS/Source/tasks.o
                0x00000000080065a4                vTaskPlaceOnEventList
 .text.vTaskPlaceOnEventListRestricted
                0x00000000080065ec       0x54 Middlewares/Third_Party/FreeRTOS/Source/tasks.o
                0x00000000080065ec                vTaskPlaceOnEventListRestricted
 .text.xTaskRemoveFromEventList
                0x0000000008006640       0xc4 Middlewares/Third_Party/FreeRTOS/Source/tasks.o
                0x0000000008006640                xTaskRemoveFromEventList
 .text.vTaskInternalSetTimeOutState
                0x0000000008006704       0x2c Middlewares/Third_Party/FreeRTOS/Source/tasks.o
                0x0000000008006704                vTaskInternalSetTimeOutState
 .text.xTaskCheckForTimeOut
                0x0000000008006730       0xc0 Middlewares/Third_Party/FreeRTOS/Source/tasks.o
                0x0000000008006730                xTaskCheckForTimeOut
 .text.vTaskMissedYield
                0x00000000080067f0       0x18 Middlewares/Third_Party/FreeRTOS/Source/tasks.o
                0x00000000080067f0                vTaskMissedYield
 .text.prvIdleTask
                0x0000000008006808       0x30 Middlewares/Third_Party/FreeRTOS/Source/tasks.o
 .text.prvInitialiseTaskLists
                0x0000000008006838       0x80 Middlewares/Third_Party/FreeRTOS/Source/tasks.o
 .text.prvCheckTasksWaitingTermination
                0x00000000080068b8       0x58 Middlewares/Third_Party/FreeRTOS/Source/tasks.o
 .text.prvDeleteTCB
                0x0000000008006910       0x5c Middlewares/Third_Party/FreeRTOS/Source/tasks.o
 .text.prvResetNextTaskUnblockTime
                0x000000000800696c       0x48 Middlewares/Third_Party/FreeRTOS/Source/tasks.o
 .text.xTaskGetSchedulerState
                0x00000000080069b4       0x3c Middlewares/Third_Party/FreeRTOS/Source/tasks.o
                0x00000000080069b4                xTaskGetSchedulerState
 .text.xTaskPriorityDisinherit
                0x00000000080069f0      0x108 Middlewares/Third_Party/FreeRTOS/Source/tasks.o
                0x00000000080069f0                xTaskPriorityDisinherit
 .text.prvAddCurrentTaskToDelayedList
                0x0000000008006af8       0xcc Middlewares/Third_Party/FreeRTOS/Source/tasks.o
 .text.xTimerCreateTimerTask
                0x0000000008006bc4       0x90 Middlewares/Third_Party/FreeRTOS/Source/timers.o
                0x0000000008006bc4                xTimerCreateTimerTask
 .text.xTimerCreate
                0x0000000008006c54       0x42 Middlewares/Third_Party/FreeRTOS/Source/timers.o
                0x0000000008006c54                xTimerCreate
 .text.xTimerCreateStatic
                0x0000000008006c96       0x76 Middlewares/Third_Party/FreeRTOS/Source/timers.o
                0x0000000008006c96                xTimerCreateStatic
 .text.prvInitialiseNewTimer
                0x0000000008006d0c       0x62 Middlewares/Third_Party/FreeRTOS/Source/timers.o
 *fill*         0x0000000008006d6e        0x2 
 .text.xTimerGenericCommand
                0x0000000008006d70       0x98 Middlewares/Third_Party/FreeRTOS/Source/timers.o
                0x0000000008006d70                xTimerGenericCommand
 .text.prvProcessExpiredTimer
                0x0000000008006e08       0x80 Middlewares/Third_Party/FreeRTOS/Source/timers.o
 .text.prvTimerTask
                0x0000000008006e88       0x24 Middlewares/Third_Party/FreeRTOS/Source/timers.o
 .text.prvProcessTimerOrBlockTask
                0x0000000008006eac       0x9c Middlewares/Third_Party/FreeRTOS/Source/timers.o
 .text.prvGetNextExpireTime
                0x0000000008006f48       0x48 Middlewares/Third_Party/FreeRTOS/Source/timers.o
 .text.prvSampleTimeNow
                0x0000000008006f90       0x40 Middlewares/Third_Party/FreeRTOS/Source/timers.o
 .text.prvInsertTimerInActiveList
                0x0000000008006fd0       0x84 Middlewares/Third_Party/FreeRTOS/Source/timers.o
 .text.prvProcessReceivedCommands
                0x0000000008007054      0x12c Middlewares/Third_Party/FreeRTOS/Source/timers.o
 .text.prvSwitchTimerLists
                0x0000000008007180       0xc0 Middlewares/Third_Party/FreeRTOS/Source/timers.o
 .text.prvCheckForValidListAndQueue
                0x0000000008007240       0x80 Middlewares/Third_Party/FreeRTOS/Source/timers.o
 .text.pxPortInitialiseStack
                0x00000000080072c0       0x58 Middlewares/Third_Party/FreeRTOS/Source/portable/GCC/ARM_CM3/port.o
                0x00000000080072c0                pxPortInitialiseStack
 .text.prvTaskExitError
                0x0000000008007318       0x50 Middlewares/Third_Party/FreeRTOS/Source/portable/GCC/ARM_CM3/port.o
 *fill*         0x0000000008007368        0x8 
 .text.SVC_Handler
                0x0000000008007370       0x28 Middlewares/Third_Party/FreeRTOS/Source/portable/GCC/ARM_CM3/port.o
                0x0000000008007370                SVC_Handler
 .text.prvPortStartFirstTask
                0x0000000008007398       0x20 Middlewares/Third_Party/FreeRTOS/Source/portable/GCC/ARM_CM3/port.o
 .text.xPortStartScheduler
                0x00000000080073b8       0xe0 Middlewares/Third_Party/FreeRTOS/Source/portable/GCC/ARM_CM3/port.o
                0x00000000080073b8                xPortStartScheduler
 .text.vPortEnterCritical
                0x0000000008007498       0x5c Middlewares/Third_Party/FreeRTOS/Source/portable/GCC/ARM_CM3/port.o
                0x0000000008007498                vPortEnterCritical
 .text.vPortExitCritical
                0x00000000080074f4       0x4c Middlewares/Third_Party/FreeRTOS/Source/portable/GCC/ARM_CM3/port.o
                0x00000000080074f4                vPortExitCritical
 .text.PendSV_Handler
                0x0000000008007540       0x48 Middlewares/Third_Party/FreeRTOS/Source/portable/GCC/ARM_CM3/port.o
                0x0000000008007540                PendSV_Handler
 .text.SysTick_Handler
                0x0000000008007588       0x40 Middlewares/Third_Party/FreeRTOS/Source/portable/GCC/ARM_CM3/port.o
                0x0000000008007588                SysTick_Handler
 .text.vPortSetupTimerInterrupt
                0x00000000080075c8       0x44 Middlewares/Third_Party/FreeRTOS/Source/portable/GCC/ARM_CM3/port.o
                0x00000000080075c8                vPortSetupTimerInterrupt
 .text.vPortValidateInterruptPriority
                0x000000000800760c       0x78 Middlewares/Third_Party/FreeRTOS/Source/portable/GCC/ARM_CM3/port.o
                0x000000000800760c                vPortValidateInterruptPriority
 .text.pvPortMalloc
                0x0000000008007684      0x184 Middlewares/Third_Party/FreeRTOS/Source/portable/MemMang/heap_4.o
                0x0000000008007684                pvPortMalloc
 .text.vPortFree
                0x0000000008007808       0xb0 Middlewares/Third_Party/FreeRTOS/Source/portable/MemMang/heap_4.o
                0x0000000008007808                vPortFree
 .text.prvHeapInit
                0x00000000080078b8       0xc4 Middlewares/Third_Party/FreeRTOS/Source/portable/MemMang/heap_4.o
 .text.prvInsertBlockIntoFreeList
                0x000000000800797c       0xb0 Middlewares/Third_Party/FreeRTOS/Source/portable/MemMang/heap_4.o
 .text.__errno  0x0000000008007a2c        0xc /opt/st/stm32cubeide_1.5.1/plugins/com.st.stm32cube.ide.mcu.externaltools.gnu-tools-for-stm32.7-2018-q2-update.linux64_1.5.0.202011040924/tools/bin/../lib/gcc/arm-none-eabi/7.3.1/../../../../arm-none-eabi/lib/thumb/v7-m/libc_nano.a(lib_a-errno.o)
                0x0000000008007a2c                __errno
 .text.__libc_init_array
                0x0000000008007a38       0x48 /opt/st/stm32cubeide_1.5.1/plugins/com.st.stm32cube.ide.mcu.externaltools.gnu-tools-for-stm32.7-2018-q2-update.linux64_1.5.0.202011040924/tools/bin/../lib/gcc/arm-none-eabi/7.3.1/../../../../arm-none-eabi/lib/thumb/v7-m/libc_nano.a(lib_a-init.o)
                0x0000000008007a38                __libc_init_array
 .text.memcpy   0x0000000008007a80       0x16 /opt/st/stm32cubeide_1.5.1/plugins/com.st.stm32cube.ide.mcu.externaltools.gnu-tools-for-stm32.7-2018-q2-update.linux64_1.5.0.202011040924/tools/bin/../lib/gcc/arm-none-eabi/7.3.1/../../../../arm-none-eabi/lib/thumb/v7-m/libc_nano.a(lib_a-memcpy-stub.o)
                0x0000000008007a80                memcpy
 .text.memset   0x0000000008007a96       0x10 /opt/st/stm32cubeide_1.5.1/plugins/com.st.stm32cube.ide.mcu.externaltools.gnu-tools-for-stm32.7-2018-q2-update.linux64_1.5.0.202011040924/tools/bin/../lib/gcc/arm-none-eabi/7.3.1/../../../../arm-none-eabi/lib/thumb/v7-m/libc_nano.a(lib_a-memset.o)
                0x0000000008007a96                memset
 *fill*         0x0000000008007aa6        0x2 
 .text.sprintf  0x0000000008007aa8       0x40 /opt/st/stm32cubeide_1.5.1/plugins/com.st.stm32cube.ide.mcu.externaltools.gnu-tools-for-stm32.7-2018-q2-update.linux64_1.5.0.202011040924/tools/bin/../lib/gcc/arm-none-eabi/7.3.1/../../../../arm-none-eabi/lib/thumb/v7-m/libc_nano.a(lib_a-sprintf.o)
                0x0000000008007aa8                sprintf
                0x0000000008007aa8                siprintf
 .text.__ssputs_r
                0x0000000008007ae8       0xb4 /opt/st/stm32cubeide_1.5.1/plugins/com.st.stm32cube.ide.mcu.externaltools.gnu-tools-for-stm32.7-2018-q2-update.linux64_1.5.0.202011040924/tools/bin/../lib/gcc/arm-none-eabi/7.3.1/../../../../arm-none-eabi/lib/thumb/v7-m/libc_nano.a(lib_a-nano-svfprintf.o)
                0x0000000008007ae8                __ssputs_r
 .text._svfprintf_r
                0x0000000008007b9c      0x1f0 /opt/st/stm32cubeide_1.5.1/plugins/com.st.stm32cube.ide.mcu.externaltools.gnu-tools-for-stm32.7-2018-q2-update.linux64_1.5.0.202011040924/tools/bin/../lib/gcc/arm-none-eabi/7.3.1/../../../../arm-none-eabi/lib/thumb/v7-m/libc_nano.a(lib_a-nano-svfprintf.o)
                0x0000000008007b9c                _svfprintf_r
                0x0000000008007b9c                _svfiprintf_r
 .text._printf_common
                0x0000000008007d8c       0xec /opt/st/stm32cubeide_1.5.1/plugins/com.st.stm32cube.ide.mcu.externaltools.gnu-tools-for-stm32.7-2018-q2-update.linux64_1.5.0.202011040924/tools/bin/../lib/gcc/arm-none-eabi/7.3.1/../../../../arm-none-eabi/lib/thumb/v7-m/libc_nano.a(lib_a-nano-vfprintf_i.o)
                0x0000000008007d8c                _printf_common
 .text._printf_i
                0x0000000008007e78      0x224 /opt/st/stm32cubeide_1.5.1/plugins/com.st.stm32cube.ide.mcu.externaltools.gnu-tools-for-stm32.7-2018-q2-update.linux64_1.5.0.202011040924/tools/bin/../lib/gcc/arm-none-eabi/7.3.1/../../../../arm-none-eabi/lib/thumb/v7-m/libc_nano.a(lib_a-nano-vfprintf_i.o)
                0x0000000008007e78                _printf_i
 .text.memchr   0x000000000800809c       0x1c /opt/st/stm32cubeide_1.5.1/plugins/com.st.stm32cube.ide.mcu.externaltools.gnu-tools-for-stm32.7-2018-q2-update.linux64_1.5.0.202011040924/tools/bin/../lib/gcc/arm-none-eabi/7.3.1/../../../../arm-none-eabi/lib/thumb/v7-m/libc_nano.a(lib_a-memchr-stub.o)
                0x000000000800809c                memchr
 .text.memmove  0x00000000080080b8       0x32 /opt/st/stm32cubeide_1.5.1/plugins/com.st.stm32cube.ide.mcu.externaltools.gnu-tools-for-stm32.7-2018-q2-update.linux64_1.5.0.202011040924/tools/bin/../lib/gcc/arm-none-eabi/7.3.1/../../../../arm-none-eabi/lib/thumb/v7-m/libc_nano.a(lib_a-memmove.o)
                0x00000000080080b8                memmove
 *fill*         0x00000000080080ea        0x2 
 .text._free_r  0x00000000080080ec       0x98 /opt/st/stm32cubeide_1.5.1/plugins/com.st.stm32cube.ide.mcu.externaltools.gnu-tools-for-stm32.7-2018-q2-update.linux64_1.5.0.202011040924/tools/bin/../lib/gcc/arm-none-eabi/7.3.1/../../../../arm-none-eabi/lib/thumb/v7-m/libc_nano.a(lib_a-nano-freer.o)
                0x00000000080080ec                _free_r
 .text._malloc_r
                0x0000000008008184       0xb4 /opt/st/stm32cubeide_1.5.1/plugins/com.st.stm32cube.ide.mcu.externaltools.gnu-tools-for-stm32.7-2018-q2-update.linux64_1.5.0.202011040924/tools/bin/../lib/gcc/arm-none-eabi/7.3.1/../../../../arm-none-eabi/lib/thumb/v7-m/libc_nano.a(lib_a-nano-mallocr.o)
                0x0000000008008184                _malloc_r
 .text._realloc_r
                0x0000000008008238       0x4c /opt/st/stm32cubeide_1.5.1/plugins/com.st.stm32cube.ide.mcu.externaltools.gnu-tools-for-stm32.7-2018-q2-update.linux64_1.5.0.202011040924/tools/bin/../lib/gcc/arm-none-eabi/7.3.1/../../../../arm-none-eabi/lib/thumb/v7-m/libc_nano.a(lib_a-nano-reallocr.o)
                0x0000000008008238                _realloc_r
 .text._sbrk_r  0x0000000008008284       0x20 /opt/st/stm32cubeide_1.5.1/plugins/com.st.stm32cube.ide.mcu.externaltools.gnu-tools-for-stm32.7-2018-q2-update.linux64_1.5.0.202011040924/tools/bin/../lib/gcc/arm-none-eabi/7.3.1/../../../../arm-none-eabi/lib/thumb/v7-m/libc_nano.a(lib_a-sbrkr.o)
                0x0000000008008284                _sbrk_r
 .text.__malloc_lock
                0x00000000080082a4        0x2 /opt/st/stm32cubeide_1.5.1/plugins/com.st.stm32cube.ide.mcu.externaltools.gnu-tools-for-stm32.7-2018-q2-update.linux64_1.5.0.202011040924/tools/bin/../lib/gcc/arm-none-eabi/7.3.1/../../../../arm-none-eabi/lib/thumb/v7-m/libc_nano.a(lib_a-mlock.o)
                0x00000000080082a4                __malloc_lock
 .text.__malloc_unlock
                0x00000000080082a6        0x2 /opt/st/stm32cubeide_1.5.1/plugins/com.st.stm32cube.ide.mcu.externaltools.gnu-tools-for-stm32.7-2018-q2-update.linux64_1.5.0.202011040924/tools/bin/../lib/gcc/arm-none-eabi/7.3.1/../../../../arm-none-eabi/lib/thumb/v7-m/libc_nano.a(lib_a-mlock.o)
                0x00000000080082a6                __malloc_unlock
 .text._malloc_usable_size_r
                0x00000000080082a8       0x10 /opt/st/stm32cubeide_1.5.1/plugins/com.st.stm32cube.ide.mcu.externaltools.gnu-tools-for-stm32.7-2018-q2-update.linux64_1.5.0.202011040924/tools/bin/../lib/gcc/arm-none-eabi/7.3.1/../../../../arm-none-eabi/lib/thumb/v7-m/libc_nano.a(lib_a-nano-msizer.o)
                0x00000000080082a8                _malloc_usable_size_r
 *(.glue_7)
 .glue_7        0x00000000080082b8        0x0 linker stubs
 *(.glue_7t)
 .glue_7t       0x00000000080082b8        0x0 linker stubs
 *(.eh_frame)
 .eh_frame      0x00000000080082b8        0x0 /opt/st/stm32cubeide_1.5.1/plugins/com.st.stm32cube.ide.mcu.externaltools.gnu-tools-for-stm32.7-2018-q2-update.linux64_1.5.0.202011040924/tools/bin/../lib/gcc/arm-none-eabi/7.3.1/thumb/v7-m/crtbegin.o
 *(.init)
 .init          0x00000000080082b8        0x4 /opt/st/stm32cubeide_1.5.1/plugins/com.st.stm32cube.ide.mcu.externaltools.gnu-tools-for-stm32.7-2018-q2-update.linux64_1.5.0.202011040924/tools/bin/../lib/gcc/arm-none-eabi/7.3.1/thumb/v7-m/crti.o
                0x00000000080082b8                _init
 .init          0x00000000080082bc        0x8 /opt/st/stm32cubeide_1.5.1/plugins/com.st.stm32cube.ide.mcu.externaltools.gnu-tools-for-stm32.7-2018-q2-update.linux64_1.5.0.202011040924/tools/bin/../lib/gcc/arm-none-eabi/7.3.1/thumb/v7-m/crtn.o
 *(.fini)
 .fini          0x00000000080082c4        0x4 /opt/st/stm32cubeide_1.5.1/plugins/com.st.stm32cube.ide.mcu.externaltools.gnu-tools-for-stm32.7-2018-q2-update.linux64_1.5.0.202011040924/tools/bin/../lib/gcc/arm-none-eabi/7.3.1/thumb/v7-m/crti.o
                0x00000000080082c4                _fini
 .fini          0x00000000080082c8        0x8 /opt/st/stm32cubeide_1.5.1/plugins/com.st.stm32cube.ide.mcu.externaltools.gnu-tools-for-stm32.7-2018-q2-update.linux64_1.5.0.202011040924/tools/bin/../lib/gcc/arm-none-eabi/7.3.1/thumb/v7-m/crtn.o
                0x00000000080082d0                . = ALIGN (0x4)
                0x00000000080082d0                _etext = .

.vfp11_veneer   0x00000000080082d0        0x0
 .vfp11_veneer  0x00000000080082d0        0x0 linker stubs

.v4_bx          0x00000000080082d0        0x0
 .v4_bx         0x00000000080082d0        0x0 linker stubs

.iplt           0x00000000080082d0        0x0
 .iplt          0x00000000080082d0        0x0 /opt/st/stm32cubeide_1.5.1/plugins/com.st.stm32cube.ide.mcu.externaltools.gnu-tools-for-stm32.7-2018-q2-update.linux64_1.5.0.202011040924/tools/bin/../lib/gcc/arm-none-eabi/7.3.1/thumb/v7-m/crtbegin.o

.rodata         0x00000000080082d0      0x134
                0x00000000080082d0                . = ALIGN (0x4)
 *(.rodata)
 .rodata        0x00000000080082d0       0xa8 Core/Src/main.o
 .rodata        0x0000000008008378       0x12 Drivers/STM32F1xx_HAL_Driver/Src/stm32f1xx_hal_rcc.o
 *fill*         0x000000000800838a        0x2 
 .rodata        0x000000000800838c        0x1 Middlewares/Third_Party/FreeRTOS/Source/CMSIS_RTOS/cmsis_os.o
 *fill*         0x000000000800838d        0x3 
 .rodata        0x0000000008008390        0x5 Middlewares/Third_Party/FreeRTOS/Source/tasks.o
 *fill*         0x0000000008008395        0x3 
 .rodata        0x0000000008008398        0xd Middlewares/Third_Party/FreeRTOS/Source/timers.o
 *(.rodata*)
 *fill*         0x00000000080083a5        0x3 
 .rodata.AHBPrescTable
                0x00000000080083a8       0x10 Core/Src/system_stm32f1xx.o
                0x00000000080083a8                AHBPrescTable
 .rodata.APBPrescTable
                0x00000000080083b8        0x8 Core/Src/system_stm32f1xx.o
                0x00000000080083b8                APBPrescTable
 .rodata.ws2812_channel_gpio_map
                0x00000000080083c0       0x10 Core/Src/ws2812_led.o
 .rodata._svfprintf_r.str1.1
                0x00000000080083d0       0x11 /opt/st/stm32cubeide_1.5.1/plugins/com.st.stm32cube.ide.mcu.externaltools.gnu-tools-for-stm32.7-2018-q2-update.linux64_1.5.0.202011040924/tools/bin/../lib/gcc/arm-none-eabi/7.3.1/../../../../arm-none-eabi/lib/thumb/v7-m/libc_nano.a(lib_a-nano-svfprintf.o)
 .rodata._printf_i.str1.1
                0x00000000080083e1       0x22 /opt/st/stm32cubeide_1.5.1/plugins/com.st.stm32cube.ide.mcu.externaltools.gnu-tools-for-stm32.7-2018-q2-update.linux64_1.5.0.202011040924/tools/bin/../lib/gcc/arm-none-eabi/7.3.1/../../../../arm-none-eabi/lib/thumb/v7-m/libc_nano.a(lib_a-nano-vfprintf_i.o)
                0x0000000008008404                . = ALIGN (0x4)
 *fill*         0x0000000008008403        0x1 

.rel.dyn        0x0000000008008404        0x0
 .rel.iplt      0x0000000008008404        0x0 /opt/st/stm32cubeide_1.5.1/plugins/com.st.stm32cube.ide.mcu.externaltools.gnu-tools-for-stm32.7-2018-q2-update.linux64_1.5.0.202011040924/tools/bin/../lib/gcc/arm-none-eabi/7.3.1/thumb/v7-m/crtbegin.o

.ARM.extab      0x0000000008008404        0x0
                0x0000000008008404                . = ALIGN (0x4)
 *(.ARM.extab* .gnu.linkonce.armextab.*)
                0x0000000008008404                . = ALIGN (0x4)

.ARM            0x0000000008008404        0x0
                0x0000000008008404                . = ALIGN (0x4)
                0x0000000008008404                __exidx_start = .
 *(.ARM.exidx*)
                0x0000000008008404                __exidx_end = .
                0x0000000008008404                . = ALIGN (0x4)

.preinit_array  0x0000000008008404        0x0
                0x0000000008008404                . = ALIGN (0x4)
                0x0000000008008404                PROVIDE (__preinit_array_start = .)
 *(.preinit_array*)
                0x0000000008008404                PROVIDE (__preinit_array_end = .)
                0x0000000008008404                . = ALIGN (0x4)

.init_array     0x0000000008008404        0x4
                0x0000000008008404                . = ALIGN (0x4)
                0x0000000008008404                PROVIDE (__init_array_start = .)
 *(SORT_BY_NAME(.init_array.*))
 *(.init_array*)
 .init_array    0x0000000008008404        0x4 /opt/st/stm32cubeide_1.5.1/plugins/com.st.stm32cube.ide.mcu.externaltools.gnu-tools-for-stm32.7-2018-q2-update.linux64_1.5.0.202011040924/tools/bin/../lib/gcc/arm-none-eabi/7.3.1/thumb/v7-m/crtbegin.o
                0x0000000008008408                PROVIDE (__init_array_end = .)
                0x0000000008008408                . = ALIGN (0x4)

.fini_array     0x0000000008008408        0x4
                0x0000000008008408                . = ALIGN (0x4)
                [!provide]                        PROVIDE (__fini_array_start = .)
 *(SORT_BY_NAME(.fini_array.*))
 *(.fini_array*)
 .fini_array    0x0000000008008408        0x4 /opt/st/stm32cubeide_1.5.1/plugins/com.st.stm32cube.ide.mcu.externaltools.gnu-tools-for-stm32.7-2018-q2-update.linux64_1.5.0.202011040924/tools/bin/../lib/gcc/arm-none-eabi/7.3.1/thumb/v7-m/crtbegin.o
                [!provide]                        PROVIDE (__fini_array_end = .)
                0x000000000800840c                . = ALIGN (0x4)
                0x000000000800840c                _sidata = LOADADDR (.data)

.data           0x0000000020000000       0x78 load address 0x000000000800840c
                0x0000000020000000                . = ALIGN (0x4)
                0x0000000020000000                _sdata = .
 *(.data)
 *(.data*)
 .data.num_irsensors
                0x0000000020000000        0x4 Core/Src/main.o
                0x0000000020000000                num_irsensors
 .data.SystemCoreClock
                0x0000000020000004        0x4 Core/Src/system_stm32f1xx.o
                0x0000000020000004                SystemCoreClock
 .data.uwTickPrio
                0x0000000020000008        0x4 Drivers/STM32F1xx_HAL_Driver/Src/stm32f1xx_hal.o
                0x0000000020000008                uwTickPrio
 .data.uwTickFreq
                0x000000002000000c        0x1 Drivers/STM32F1xx_HAL_Driver/Src/stm32f1xx_hal.o
                0x000000002000000c                uwTickFreq
 *fill*         0x000000002000000d        0x3 
 .data.uxCriticalNesting
                0x0000000020000010        0x4 Middlewares/Third_Party/FreeRTOS/Source/portable/GCC/ARM_CM3/port.o
 .data._impure_ptr
                0x0000000020000014        0x4 /opt/st/stm32cubeide_1.5.1/plugins/com.st.stm32cube.ide.mcu.externaltools.gnu-tools-for-stm32.7-2018-q2-update.linux64_1.5.0.202011040924/tools/bin/../lib/gcc/arm-none-eabi/7.3.1/../../../../arm-none-eabi/lib/thumb/v7-m/libc_nano.a(lib_a-impure.o)
                0x0000000020000014                _impure_ptr
 .data.impure_data
                0x0000000020000018       0x60 /opt/st/stm32cubeide_1.5.1/plugins/com.st.stm32cube.ide.mcu.externaltools.gnu-tools-for-stm32.7-2018-q2-update.linux64_1.5.0.202011040924/tools/bin/../lib/gcc/arm-none-eabi/7.3.1/../../../../arm-none-eabi/lib/thumb/v7-m/libc_nano.a(lib_a-impure.o)
                0x0000000020000078                . = ALIGN (0x4)
                0x0000000020000078                _edata = .

.igot.plt       0x0000000020000078        0x0 load address 0x0000000008008484
 .igot.plt      0x0000000020000078        0x0 /opt/st/stm32cubeide_1.5.1/plugins/com.st.stm32cube.ide.mcu.externaltools.gnu-tools-for-stm32.7-2018-q2-update.linux64_1.5.0.202011040924/tools/bin/../lib/gcc/arm-none-eabi/7.3.1/thumb/v7-m/crtbegin.o
                0x0000000020000078                . = ALIGN (0x4)

.bss            0x0000000020000078     0x1cd4 load address 0x0000000008008484
                0x0000000020000078                _sbss = .
                0x0000000020000078                __bss_start__ = _sbss
 *(.bss)
 .bss           0x0000000020000078       0x1c /opt/st/stm32cubeide_1.5.1/plugins/com.st.stm32cube.ide.mcu.externaltools.gnu-tools-for-stm32.7-2018-q2-update.linux64_1.5.0.202011040924/tools/bin/../lib/gcc/arm-none-eabi/7.3.1/thumb/v7-m/crtbegin.o
 *(.bss*)
 .bss.xIdleTaskTCBBuffer
                0x0000000020000094       0x54 Core/Src/freertos.o
 .bss.xIdleStack
                0x00000000200000e8      0x200 Core/Src/freertos.o
 .bss.xTimerTaskTCBBuffer
                0x00000000200002e8       0x54 Core/Src/freertos.o
 .bss.xTimerStack
                0x000000002000033c      0x400 Core/Src/freertos.o
 .bss.__sbrk_heap_end
                0x000000002000073c        0x4 Core/Src/sysmem.o
 .bss.ws2812_gpio_set_bits
                0x0000000020000740        0x2 Core/Src/ws2812_led.o
 *fill*         0x0000000020000742        0x2 
 .bss.dma_buffer
                0x0000000020000744       0x20 Core/Src/ws2812_led.o
 .bss.pxCurrentTCB
                0x0000000020000764        0x4 Middlewares/Third_Party/FreeRTOS/Source/tasks.o
                0x0000000020000764                pxCurrentTCB
 .bss.pxReadyTasksLists
                0x0000000020000768       0x8c Middlewares/Third_Party/FreeRTOS/Source/tasks.o
 .bss.xDelayedTaskList1
                0x00000000200007f4       0x14 Middlewares/Third_Party/FreeRTOS/Source/tasks.o
 .bss.xDelayedTaskList2
                0x0000000020000808       0x14 Middlewares/Third_Party/FreeRTOS/Source/tasks.o
 .bss.pxDelayedTaskList
                0x000000002000081c        0x4 Middlewares/Third_Party/FreeRTOS/Source/tasks.o
 .bss.pxOverflowDelayedTaskList
                0x0000000020000820        0x4 Middlewares/Third_Party/FreeRTOS/Source/tasks.o
 .bss.xPendingReadyList
                0x0000000020000824       0x14 Middlewares/Third_Party/FreeRTOS/Source/tasks.o
 .bss.xTasksWaitingTermination
                0x0000000020000838       0x14 Middlewares/Third_Party/FreeRTOS/Source/tasks.o
 .bss.uxDeletedTasksWaitingCleanUp
                0x000000002000084c        0x4 Middlewares/Third_Party/FreeRTOS/Source/tasks.o
 .bss.xSuspendedTaskList
                0x0000000020000850       0x14 Middlewares/Third_Party/FreeRTOS/Source/tasks.o
 .bss.uxCurrentNumberOfTasks
                0x0000000020000864        0x4 Middlewares/Third_Party/FreeRTOS/Source/tasks.o
 .bss.xTickCount
                0x0000000020000868        0x4 Middlewares/Third_Party/FreeRTOS/Source/tasks.o
 .bss.uxTopReadyPriority
                0x000000002000086c        0x4 Middlewares/Third_Party/FreeRTOS/Source/tasks.o
 .bss.xSchedulerRunning
                0x0000000020000870        0x4 Middlewares/Third_Party/FreeRTOS/Source/tasks.o
 .bss.uxPendedTicks
                0x0000000020000874        0x4 Middlewares/Third_Party/FreeRTOS/Source/tasks.o
 .bss.xYieldPending
                0x0000000020000878        0x4 Middlewares/Third_Party/FreeRTOS/Source/tasks.o
 .bss.xNumOfOverflows
                0x000000002000087c        0x4 Middlewares/Third_Party/FreeRTOS/Source/tasks.o
 .bss.uxTaskNumber
                0x0000000020000880        0x4 Middlewares/Third_Party/FreeRTOS/Source/tasks.o
 .bss.xNextTaskUnblockTime
                0x0000000020000884        0x4 Middlewares/Third_Party/FreeRTOS/Source/tasks.o
 .bss.xIdleTaskHandle
                0x0000000020000888        0x4 Middlewares/Third_Party/FreeRTOS/Source/tasks.o
 .bss.uxSchedulerSuspended
                0x000000002000088c        0x4 Middlewares/Third_Party/FreeRTOS/Source/tasks.o
 .bss.xActiveTimerList1
                0x0000000020000890       0x14 Middlewares/Third_Party/FreeRTOS/Source/timers.o
 .bss.xActiveTimerList2
                0x00000000200008a4       0x14 Middlewares/Third_Party/FreeRTOS/Source/timers.o
 .bss.pxCurrentTimerList
                0x00000000200008b8        0x4 Middlewares/Third_Party/FreeRTOS/Source/timers.o
 .bss.pxOverflowTimerList
                0x00000000200008bc        0x4 Middlewares/Third_Party/FreeRTOS/Source/timers.o
 .bss.xTimerQueue
                0x00000000200008c0        0x4 Middlewares/Third_Party/FreeRTOS/Source/timers.o
 .bss.xTimerTaskHandle
                0x00000000200008c4        0x4 Middlewares/Third_Party/FreeRTOS/Source/timers.o
 .bss.xLastTime.5443
                0x00000000200008c8        0x4 Middlewares/Third_Party/FreeRTOS/Source/timers.o
 .bss.ucStaticTimerQueueStorage.5492
                0x00000000200008cc       0x78 Middlewares/Third_Party/FreeRTOS/Source/timers.o
 .bss.xStaticTimerQueue.5491
                0x0000000020000944       0x48 Middlewares/Third_Party/FreeRTOS/Source/timers.o
 .bss.ucMaxSysCallPriority
                0x000000002000098c        0x1 Middlewares/Third_Party/FreeRTOS/Source/portable/GCC/ARM_CM3/port.o
 *fill*         0x000000002000098d        0x3 
 .bss.ulMaxPRIGROUPValue
                0x0000000020000990        0x4 Middlewares/Third_Party/FreeRTOS/Source/portable/GCC/ARM_CM3/port.o
 .bss.ucHeap    0x0000000020000994      0xc00 Middlewares/Third_Party/FreeRTOS/Source/portable/MemMang/heap_4.o
 .bss.xStart    0x0000000020001594        0x8 Middlewares/Third_Party/FreeRTOS/Source/portable/MemMang/heap_4.o
 .bss.pxEnd     0x000000002000159c        0x4 Middlewares/Third_Party/FreeRTOS/Source/portable/MemMang/heap_4.o
 .bss.xFreeBytesRemaining
                0x00000000200015a0        0x4 Middlewares/Third_Party/FreeRTOS/Source/portable/MemMang/heap_4.o
 .bss.xMinimumEverFreeBytesRemaining
                0x00000000200015a4        0x4 Middlewares/Third_Party/FreeRTOS/Source/portable/MemMang/heap_4.o
 .bss.xBlockAllocatedBit
                0x00000000200015a8        0x4 Middlewares/Third_Party/FreeRTOS/Source/portable/MemMang/heap_4.o
 .bss.__malloc_free_list
                0x00000000200015ac        0x4 /opt/st/stm32cubeide_1.5.1/plugins/com.st.stm32cube.ide.mcu.externaltools.gnu-tools-for-stm32.7-2018-q2-update.linux64_1.5.0.202011040924/tools/bin/../lib/gcc/arm-none-eabi/7.3.1/../../../../arm-none-eabi/lib/thumb/v7-m/libc_nano.a(lib_a-nano-mallocr.o)
                0x00000000200015ac                __malloc_free_list
 .bss.__malloc_sbrk_start
                0x00000000200015b0        0x4 /opt/st/stm32cubeide_1.5.1/plugins/com.st.stm32cube.ide.mcu.externaltools.gnu-tools-for-stm32.7-2018-q2-update.linux64_1.5.0.202011040924/tools/bin/../lib/gcc/arm-none-eabi/7.3.1/../../../../arm-none-eabi/lib/thumb/v7-m/libc_nano.a(lib_a-nano-mallocr.o)
                0x00000000200015b0                __malloc_sbrk_start
 *(COMMON)
 COMMON         0x00000000200015b4      0x5f4 Core/Src/main.o
                0x00000000200015b4                data_fl
                0x00000000200015b8                hdma_tim2_ch1
                0x00000000200015fc                data_fr_real
                0x0000000020001600                htim4
                0x0000000020001648                hdma_tim2_up
                0x000000002000168c                data_fr
                0x0000000020001690                serialreaderHandle
                0x0000000020001694                hdma_tim2_ch2_ch4
                0x00000000200016d8                adcreaderHandle
                0x00000000200016dc                adc_value
                0x00000000200016f8                irdata_fl
                0x0000000020001720                hadc1
                0x0000000020001750                pidTimerHandle
                0x0000000020001754                statusUpdateHandle
                0x0000000020001758                huart1
                0x0000000020001798                buffer
                0x00000000200017b8                hdma_adc1
                0x00000000200017fc                data_fr_noise
                0x0000000020001800                htim1
                0x0000000020001848                data_fl_real
                0x000000002000184c                data_fl_noise
                0x0000000020001850                htim2
                0x0000000020001898                channel_framebuffers
                0x0000000020001928                irdata_fr
                0x0000000020001950                MSG
 COMMON         0x0000000020001ba8       0x48 Core/Src/stm32f1xx_hal_timebase_tim.o
                0x0000000020001ba8                htim3
 COMMON         0x0000000020001bf0      0x114 Core/Src/ws2812_led.o
                0x0000000020001bf0                hdma_tim2_pwm_ch2
                0x0000000020001c34                hdma_tim2_pwm_ch1
                0x0000000020001c78                hdma_tim2_update
                0x0000000020001cbc                htimer2
 COMMON         0x0000000020001d04        0x4 Drivers/STM32F1xx_HAL_Driver/Src/stm32f1xx_hal.o
                0x0000000020001d04                uwTick
 COMMON         0x0000000020001d08       0x40 Middlewares/Third_Party/FreeRTOS/Source/queue.o
                0x0000000020001d08                xQueueRegistry
 COMMON         0x0000000020001d48        0x4 /opt/st/stm32cubeide_1.5.1/plugins/com.st.stm32cube.ide.mcu.externaltools.gnu-tools-for-stm32.7-2018-q2-update.linux64_1.5.0.202011040924/tools/bin/../lib/gcc/arm-none-eabi/7.3.1/../../../../arm-none-eabi/lib/thumb/v7-m/libc_nano.a(lib_a-reent.o)
                0x0000000020001d48                errno
                0x0000000020001d4c                . = ALIGN (0x4)
                0x0000000020001d4c                _ebss = .
                0x0000000020001d4c                __bss_end__ = _ebss

._user_heap_stack
                0x0000000020001d4c      0x604 load address 0x0000000008008484
                0x0000000020001d50                . = ALIGN (0x8)
 *fill*         0x0000000020001d4c        0x4 
                [!provide]                        PROVIDE (end = .)
                0x0000000020001d50                PROVIDE (_end = .)
                0x0000000020001f50                . = (. + _Min_Heap_Size)
 *fill*         0x0000000020001d50      0x200 
                0x0000000020002350                . = (. + _Min_Stack_Size)
 *fill*         0x0000000020001f50      0x400 
                0x0000000020002350                . = ALIGN (0x8)

/DISCARD/
 libc.a(*)
 libm.a(*)
 libgcc.a(*)

.ARM.attributes
                0x0000000000000000       0x29
 *(.ARM.attributes)
 .ARM.attributes
                0x0000000000000000       0x1d /opt/st/stm32cubeide_1.5.1/plugins/com.st.stm32cube.ide.mcu.externaltools.gnu-tools-for-stm32.7-2018-q2-update.linux64_1.5.0.202011040924/tools/bin/../lib/gcc/arm-none-eabi/7.3.1/thumb/v7-m/crti.o
 .ARM.attributes
                0x000000000000001d       0x2d /opt/st/stm32cubeide_1.5.1/plugins/com.st.stm32cube.ide.mcu.externaltools.gnu-tools-for-stm32.7-2018-q2-update.linux64_1.5.0.202011040924/tools/bin/../lib/gcc/arm-none-eabi/7.3.1/thumb/v7-m/crtbegin.o
 .ARM.attributes
                0x000000000000004a       0x33 Core/Src/freertos.o
 .ARM.attributes
                0x000000000000007d       0x33 Core/Src/main.o
 .ARM.attributes
                0x00000000000000b0       0x33 Core/Src/stm32f1xx_hal_msp.o
 .ARM.attributes
                0x00000000000000e3       0x33 Core/Src/stm32f1xx_hal_timebase_tim.o
 .ARM.attributes
                0x0000000000000116       0x33 Core/Src/stm32f1xx_it.o
 .ARM.attributes
                0x0000000000000149       0x33 Core/Src/sysmem.o
 .ARM.attributes
                0x000000000000017c       0x33 Core/Src/system_stm32f1xx.o
 .ARM.attributes
                0x00000000000001af       0x33 Core/Src/ws2812_led.o
 .ARM.attributes
                0x00000000000001e2       0x21 Core/Startup/startup_stm32f103c8tx.o
 .ARM.attributes
                0x0000000000000203       0x33 Drivers/STM32F1xx_HAL_Driver/Src/stm32f1xx_hal.o
 .ARM.attributes
                0x0000000000000236       0x33 Drivers/STM32F1xx_HAL_Driver/Src/stm32f1xx_hal_adc.o
 .ARM.attributes
                0x0000000000000269       0x33 Drivers/STM32F1xx_HAL_Driver/Src/stm32f1xx_hal_cortex.o
 .ARM.attributes
                0x000000000000029c       0x33 Drivers/STM32F1xx_HAL_Driver/Src/stm32f1xx_hal_dma.o
 .ARM.attributes
                0x00000000000002cf       0x33 Drivers/STM32F1xx_HAL_Driver/Src/stm32f1xx_hal_gpio.o
 .ARM.attributes
                0x0000000000000302       0x33 Drivers/STM32F1xx_HAL_Driver/Src/stm32f1xx_hal_rcc.o
 .ARM.attributes
                0x0000000000000335       0x33 Drivers/STM32F1xx_HAL_Driver/Src/stm32f1xx_hal_rcc_ex.o
 .ARM.attributes
                0x0000000000000368       0x33 Drivers/STM32F1xx_HAL_Driver/Src/stm32f1xx_hal_tim.o
 .ARM.attributes
                0x000000000000039b       0x33 Drivers/STM32F1xx_HAL_Driver/Src/stm32f1xx_hal_tim_ex.o
 .ARM.attributes
                0x00000000000003ce       0x33 Drivers/STM32F1xx_HAL_Driver/Src/stm32f1xx_hal_uart.o
 .ARM.attributes
                0x0000000000000401       0x33 Middlewares/Third_Party/FreeRTOS/Source/CMSIS_RTOS/cmsis_os.o
 .ARM.attributes
                0x0000000000000434       0x33 Middlewares/Third_Party/FreeRTOS/Source/list.o
 .ARM.attributes
                0x0000000000000467       0x33 Middlewares/Third_Party/FreeRTOS/Source/queue.o
 .ARM.attributes
                0x000000000000049a       0x33 Middlewares/Third_Party/FreeRTOS/Source/tasks.o
 .ARM.attributes
                0x00000000000004cd       0x33 Middlewares/Third_Party/FreeRTOS/Source/timers.o
 .ARM.attributes
                0x0000000000000500       0x33 Middlewares/Third_Party/FreeRTOS/Source/portable/GCC/ARM_CM3/port.o
 .ARM.attributes
                0x0000000000000533       0x33 Middlewares/Third_Party/FreeRTOS/Source/portable/MemMang/heap_4.o
 .ARM.attributes
                0x0000000000000566       0x2d /opt/st/stm32cubeide_1.5.1/plugins/com.st.stm32cube.ide.mcu.externaltools.gnu-tools-for-stm32.7-2018-q2-update.linux64_1.5.0.202011040924/tools/bin/../lib/gcc/arm-none-eabi/7.3.1/../../../../arm-none-eabi/lib/thumb/v7-m/libc_nano.a(lib_a-errno.o)
 .ARM.attributes
                0x0000000000000593       0x2d /opt/st/stm32cubeide_1.5.1/plugins/com.st.stm32cube.ide.mcu.externaltools.gnu-tools-for-stm32.7-2018-q2-update.linux64_1.5.0.202011040924/tools/bin/../lib/gcc/arm-none-eabi/7.3.1/../../../../arm-none-eabi/lib/thumb/v7-m/libc_nano.a(lib_a-impure.o)
 .ARM.attributes
                0x00000000000005c0       0x2d /opt/st/stm32cubeide_1.5.1/plugins/com.st.stm32cube.ide.mcu.externaltools.gnu-tools-for-stm32.7-2018-q2-update.linux64_1.5.0.202011040924/tools/bin/../lib/gcc/arm-none-eabi/7.3.1/../../../../arm-none-eabi/lib/thumb/v7-m/libc_nano.a(lib_a-init.o)
 .ARM.attributes
                0x00000000000005ed       0x2d /opt/st/stm32cubeide_1.5.1/plugins/com.st.stm32cube.ide.mcu.externaltools.gnu-tools-for-stm32.7-2018-q2-update.linux64_1.5.0.202011040924/tools/bin/../lib/gcc/arm-none-eabi/7.3.1/../../../../arm-none-eabi/lib/thumb/v7-m/libc_nano.a(lib_a-memcpy-stub.o)
 .ARM.attributes
                0x000000000000061a       0x2d /opt/st/stm32cubeide_1.5.1/plugins/com.st.stm32cube.ide.mcu.externaltools.gnu-tools-for-stm32.7-2018-q2-update.linux64_1.5.0.202011040924/tools/bin/../lib/gcc/arm-none-eabi/7.3.1/../../../../arm-none-eabi/lib/thumb/v7-m/libc_nano.a(lib_a-memset.o)
 .ARM.attributes
                0x0000000000000647       0x2d /opt/st/stm32cubeide_1.5.1/plugins/com.st.stm32cube.ide.mcu.externaltools.gnu-tools-for-stm32.7-2018-q2-update.linux64_1.5.0.202011040924/tools/bin/../lib/gcc/arm-none-eabi/7.3.1/../../../../arm-none-eabi/lib/thumb/v7-m/libc_nano.a(lib_a-sprintf.o)
 .ARM.attributes
                0x0000000000000674       0x17 /opt/st/stm32cubeide_1.5.1/plugins/com.st.stm32cube.ide.mcu.externaltools.gnu-tools-for-stm32.7-2018-q2-update.linux64_1.5.0.202011040924/tools/bin/../lib/gcc/arm-none-eabi/7.3.1/../../../../arm-none-eabi/lib/thumb/v7-m/libc_nano.a(lib_a-strlen.o)
 .ARM.attributes
                0x000000000000068b       0x2d /opt/st/stm32cubeide_1.5.1/plugins/com.st.stm32cube.ide.mcu.externaltools.gnu-tools-for-stm32.7-2018-q2-update.linux64_1.5.0.202011040924/tools/bin/../lib/gcc/arm-none-eabi/7.3.1/../../../../arm-none-eabi/lib/thumb/v7-m/libc_nano.a(lib_a-nano-svfprintf.o)
 .ARM.attributes
                0x00000000000006b8       0x2d /opt/st/stm32cubeide_1.5.1/plugins/com.st.stm32cube.ide.mcu.externaltools.gnu-tools-for-stm32.7-2018-q2-update.linux64_1.5.0.202011040924/tools/bin/../lib/gcc/arm-none-eabi/7.3.1/../../../../arm-none-eabi/lib/thumb/v7-m/libc_nano.a(lib_a-nano-vfprintf_i.o)
 .ARM.attributes
                0x00000000000006e5       0x2d /opt/st/stm32cubeide_1.5.1/plugins/com.st.stm32cube.ide.mcu.externaltools.gnu-tools-for-stm32.7-2018-q2-update.linux64_1.5.0.202011040924/tools/bin/../lib/gcc/arm-none-eabi/7.3.1/../../../../arm-none-eabi/lib/thumb/v7-m/libc_nano.a(lib_a-memchr-stub.o)
 .ARM.attributes
                0x0000000000000712       0x2d /opt/st/stm32cubeide_1.5.1/plugins/com.st.stm32cube.ide.mcu.externaltools.gnu-tools-for-stm32.7-2018-q2-update.linux64_1.5.0.202011040924/tools/bin/../lib/gcc/arm-none-eabi/7.3.1/../../../../arm-none-eabi/lib/thumb/v7-m/libc_nano.a(lib_a-memmove.o)
 .ARM.attributes
                0x000000000000073f       0x2d /opt/st/stm32cubeide_1.5.1/plugins/com.st.stm32cube.ide.mcu.externaltools.gnu-tools-for-stm32.7-2018-q2-update.linux64_1.5.0.202011040924/tools/bin/../lib/gcc/arm-none-eabi/7.3.1/../../../../arm-none-eabi/lib/thumb/v7-m/libc_nano.a(lib_a-nano-freer.o)
 .ARM.attributes
                0x000000000000076c       0x2d /opt/st/stm32cubeide_1.5.1/plugins/com.st.stm32cube.ide.mcu.externaltools.gnu-tools-for-stm32.7-2018-q2-update.linux64_1.5.0.202011040924/tools/bin/../lib/gcc/arm-none-eabi/7.3.1/../../../../arm-none-eabi/lib/thumb/v7-m/libc_nano.a(lib_a-nano-mallocr.o)
 .ARM.attributes
                0x0000000000000799       0x2d /opt/st/stm32cubeide_1.5.1/plugins/com.st.stm32cube.ide.mcu.externaltools.gnu-tools-for-stm32.7-2018-q2-update.linux64_1.5.0.202011040924/tools/bin/../lib/gcc/arm-none-eabi/7.3.1/../../../../arm-none-eabi/lib/thumb/v7-m/libc_nano.a(lib_a-nano-reallocr.o)
 .ARM.attributes
                0x00000000000007c6       0x2d /opt/st/stm32cubeide_1.5.1/plugins/com.st.stm32cube.ide.mcu.externaltools.gnu-tools-for-stm32.7-2018-q2-update.linux64_1.5.0.202011040924/tools/bin/../lib/gcc/arm-none-eabi/7.3.1/../../../../arm-none-eabi/lib/thumb/v7-m/libc_nano.a(lib_a-sbrkr.o)
 .ARM.attributes
                0x00000000000007f3       0x2d /opt/st/stm32cubeide_1.5.1/plugins/com.st.stm32cube.ide.mcu.externaltools.gnu-tools-for-stm32.7-2018-q2-update.linux64_1.5.0.202011040924/tools/bin/../lib/gcc/arm-none-eabi/7.3.1/../../../../arm-none-eabi/lib/thumb/v7-m/libc_nano.a(lib_a-mlock.o)
 .ARM.attributes
                0x0000000000000820       0x2d /opt/st/stm32cubeide_1.5.1/plugins/com.st.stm32cube.ide.mcu.externaltools.gnu-tools-for-stm32.7-2018-q2-update.linux64_1.5.0.202011040924/tools/bin/../lib/gcc/arm-none-eabi/7.3.1/../../../../arm-none-eabi/lib/thumb/v7-m/libc_nano.a(lib_a-nano-msizer.o)
 .ARM.attributes
                0x000000000000084d       0x2d /opt/st/stm32cubeide_1.5.1/plugins/com.st.stm32cube.ide.mcu.externaltools.gnu-tools-for-stm32.7-2018-q2-update.linux64_1.5.0.202011040924/tools/bin/../lib/gcc/arm-none-eabi/7.3.1/../../../../arm-none-eabi/lib/thumb/v7-m/libc_nano.a(lib_a-reent.o)
 .ARM.attributes
                0x000000000000087a       0x1d /opt/st/stm32cubeide_1.5.1/plugins/com.st.stm32cube.ide.mcu.externaltools.gnu-tools-for-stm32.7-2018-q2-update.linux64_1.5.0.202011040924/tools/bin/../lib/gcc/arm-none-eabi/7.3.1/thumb/v7-m/crtn.o
OUTPUT(roll_finger.elf elf32-littlearm)

.debug_info     0x0000000000000000    0x18964
 .debug_info    0x0000000000000000      0x3b2 Core/Src/freertos.o
 .debug_info    0x00000000000003b2     0x2435 Core/Src/main.o
 .debug_info    0x00000000000027e7     0x1074 Core/Src/stm32f1xx_hal_msp.o
 .debug_info    0x000000000000385b      0x993 Core/Src/stm32f1xx_hal_timebase_tim.o
 .debug_info    0x00000000000041ee      0x9a8 Core/Src/stm32f1xx_it.o
 .debug_info    0x0000000000004b96      0x985 Core/Src/sysmem.o
 .debug_info    0x000000000000551b      0x29a Core/Src/system_stm32f1xx.o
 .debug_info    0x00000000000057b5     0x14b9 Core/Src/ws2812_led.o
 .debug_info    0x0000000000006c6e       0x22 Core/Startup/startup_stm32f103c8tx.o
 .debug_info    0x0000000000006c90      0x714 Drivers/STM32F1xx_HAL_Driver/Src/stm32f1xx_hal.o
 .debug_info    0x00000000000073a4      0xc6c Drivers/STM32F1xx_HAL_Driver/Src/stm32f1xx_hal_adc.o
 .debug_info    0x0000000000008010      0xb51 Drivers/STM32F1xx_HAL_Driver/Src/stm32f1xx_hal_cortex.o
 .debug_info    0x0000000000008b61      0x7b1 Drivers/STM32F1xx_HAL_Driver/Src/stm32f1xx_hal_dma.o
 .debug_info    0x0000000000009312      0x69b Drivers/STM32F1xx_HAL_Driver/Src/stm32f1xx_hal_gpio.o
 .debug_info    0x00000000000099ad      0x80f Drivers/STM32F1xx_HAL_Driver/Src/stm32f1xx_hal_rcc.o
 .debug_info    0x000000000000a1bc      0x444 Drivers/STM32F1xx_HAL_Driver/Src/stm32f1xx_hal_rcc_ex.o
 .debug_info    0x000000000000a600     0x27ef Drivers/STM32F1xx_HAL_Driver/Src/stm32f1xx_hal_tim.o
 .debug_info    0x000000000000cdef     0x136f Drivers/STM32F1xx_HAL_Driver/Src/stm32f1xx_hal_tim_ex.o
 .debug_info    0x000000000000e15e     0x121b Drivers/STM32F1xx_HAL_Driver/Src/stm32f1xx_hal_uart.o
 .debug_info    0x000000000000f379     0x1e8a Middlewares/Third_Party/FreeRTOS/Source/CMSIS_RTOS/cmsis_os.o
 .debug_info    0x0000000000011203      0xac5 Middlewares/Third_Party/FreeRTOS/Source/list.o
 .debug_info    0x0000000000011cc8     0x1f80 Middlewares/Third_Party/FreeRTOS/Source/queue.o
 .debug_info    0x0000000000013c48     0x24a3 Middlewares/Third_Party/FreeRTOS/Source/tasks.o
 .debug_info    0x00000000000160eb     0x17bd Middlewares/Third_Party/FreeRTOS/Source/timers.o
 .debug_info    0x00000000000178a8      0x4d2 Middlewares/Third_Party/FreeRTOS/Source/portable/GCC/ARM_CM3/port.o
 .debug_info    0x0000000000017d7a      0xbea Middlewares/Third_Party/FreeRTOS/Source/portable/MemMang/heap_4.o

.debug_abbrev   0x0000000000000000     0x36ce
 .debug_abbrev  0x0000000000000000      0x121 Core/Src/freertos.o
 .debug_abbrev  0x0000000000000121      0x38e Core/Src/main.o
 .debug_abbrev  0x00000000000004af      0x1de Core/Src/stm32f1xx_hal_msp.o
 .debug_abbrev  0x000000000000068d      0x19d Core/Src/stm32f1xx_hal_timebase_tim.o
 .debug_abbrev  0x000000000000082a      0x15a Core/Src/stm32f1xx_it.o
 .debug_abbrev  0x0000000000000984      0x19b Core/Src/sysmem.o
 .debug_abbrev  0x0000000000000b1f      0x134 Core/Src/system_stm32f1xx.o
 .debug_abbrev  0x0000000000000c53      0x2a6 Core/Src/ws2812_led.o
 .debug_abbrev  0x0000000000000ef9       0x12 Core/Startup/startup_stm32f103c8tx.o
 .debug_abbrev  0x0000000000000f0b      0x1c7 Drivers/STM32F1xx_HAL_Driver/Src/stm32f1xx_hal.o
 .debug_abbrev  0x00000000000010d2      0x1d5 Drivers/STM32F1xx_HAL_Driver/Src/stm32f1xx_hal_adc.o
 .debug_abbrev  0x00000000000012a7      0x2d5 Drivers/STM32F1xx_HAL_Driver/Src/stm32f1xx_hal_cortex.o
 .debug_abbrev  0x000000000000157c      0x1fe Drivers/STM32F1xx_HAL_Driver/Src/stm32f1xx_hal_dma.o
 .debug_abbrev  0x000000000000177a      0x1c0 Drivers/STM32F1xx_HAL_Driver/Src/stm32f1xx_hal_gpio.o
 .debug_abbrev  0x000000000000193a      0x243 Drivers/STM32F1xx_HAL_Driver/Src/stm32f1xx_hal_rcc.o
 .debug_abbrev  0x0000000000001b7d      0x175 Drivers/STM32F1xx_HAL_Driver/Src/stm32f1xx_hal_rcc_ex.o
 .debug_abbrev  0x0000000000001cf2      0x230 Drivers/STM32F1xx_HAL_Driver/Src/stm32f1xx_hal_tim.o
 .debug_abbrev  0x0000000000001f22      0x236 Drivers/STM32F1xx_HAL_Driver/Src/stm32f1xx_hal_tim_ex.o
 .debug_abbrev  0x0000000000002158      0x242 Drivers/STM32F1xx_HAL_Driver/Src/stm32f1xx_hal_uart.o
 .debug_abbrev  0x000000000000239a      0x379 Middlewares/Third_Party/FreeRTOS/Source/CMSIS_RTOS/cmsis_os.o
 .debug_abbrev  0x0000000000002713      0x1cf Middlewares/Third_Party/FreeRTOS/Source/list.o
 .debug_abbrev  0x00000000000028e2      0x354 Middlewares/Third_Party/FreeRTOS/Source/queue.o
 .debug_abbrev  0x0000000000002c36      0x338 Middlewares/Third_Party/FreeRTOS/Source/tasks.o
 .debug_abbrev  0x0000000000002f6e      0x2bd Middlewares/Third_Party/FreeRTOS/Source/timers.o
 .debug_abbrev  0x000000000000322b      0x205 Middlewares/Third_Party/FreeRTOS/Source/portable/GCC/ARM_CM3/port.o
 .debug_abbrev  0x0000000000003430      0x29e Middlewares/Third_Party/FreeRTOS/Source/portable/MemMang/heap_4.o

.debug_aranges  0x0000000000000000     0x1490
 .debug_aranges
                0x0000000000000000       0x28 Core/Src/freertos.o
 .debug_aranges
                0x0000000000000028       0xe0 Core/Src/main.o
 .debug_aranges
                0x0000000000000108       0x58 Core/Src/stm32f1xx_hal_msp.o
 .debug_aranges
                0x0000000000000160       0x30 Core/Src/stm32f1xx_hal_timebase_tim.o
 .debug_aranges
                0x0000000000000190       0x78 Core/Src/stm32f1xx_it.o
 .debug_aranges
                0x0000000000000208       0x20 Core/Src/sysmem.o
 .debug_aranges
                0x0000000000000228       0x28 Core/Src/system_stm32f1xx.o
 .debug_aranges
                0x0000000000000250       0x48 Core/Src/ws2812_led.o
 .debug_aranges
                0x0000000000000298       0x28 Core/Startup/startup_stm32f103c8tx.o
 .debug_aranges
                0x00000000000002c0       0xe0 Drivers/STM32F1xx_HAL_Driver/Src/stm32f1xx_hal.o
 .debug_aranges
                0x00000000000003a0       0xf0 Drivers/STM32F1xx_HAL_Driver/Src/stm32f1xx_hal_adc.o
 .debug_aranges
                0x0000000000000490      0x100 Drivers/STM32F1xx_HAL_Driver/Src/stm32f1xx_hal_cortex.o
 .debug_aranges
                0x0000000000000590       0x80 Drivers/STM32F1xx_HAL_Driver/Src/stm32f1xx_hal_dma.o
 .debug_aranges
                0x0000000000000610       0x58 Drivers/STM32F1xx_HAL_Driver/Src/stm32f1xx_hal_gpio.o
 .debug_aranges
                0x0000000000000668       0x90 Drivers/STM32F1xx_HAL_Driver/Src/stm32f1xx_hal_rcc.o
 .debug_aranges
                0x00000000000006f8       0x30 Drivers/STM32F1xx_HAL_Driver/Src/stm32f1xx_hal_rcc_ex.o
 .debug_aranges
                0x0000000000000728      0x3d0 Drivers/STM32F1xx_HAL_Driver/Src/stm32f1xx_hal_tim.o
 .debug_aranges
                0x0000000000000af8      0x168 Drivers/STM32F1xx_HAL_Driver/Src/stm32f1xx_hal_tim_ex.o
 .debug_aranges
                0x0000000000000c60      0x1d0 Drivers/STM32F1xx_HAL_Driver/Src/stm32f1xx_hal_uart.o
 .debug_aranges
                0x0000000000000e30      0x1d8 Middlewares/Third_Party/FreeRTOS/Source/CMSIS_RTOS/cmsis_os.o
 .debug_aranges
                0x0000000000001008       0x40 Middlewares/Third_Party/FreeRTOS/Source/list.o
 .debug_aranges
                0x0000000000001048      0x110 Middlewares/Third_Party/FreeRTOS/Source/queue.o
 .debug_aranges
                0x0000000000001158      0x1b0 Middlewares/Third_Party/FreeRTOS/Source/tasks.o
 .debug_aranges
                0x0000000000001308       0xc0 Middlewares/Third_Party/FreeRTOS/Source/timers.o
 .debug_aranges
                0x00000000000013c8       0x78 Middlewares/Third_Party/FreeRTOS/Source/portable/GCC/ARM_CM3/port.o
 .debug_aranges
                0x0000000000001440       0x50 Middlewares/Third_Party/FreeRTOS/Source/portable/MemMang/heap_4.o

.debug_ranges   0x0000000000000000     0x1310
 .debug_ranges  0x0000000000000000       0x18 Core/Src/freertos.o
 .debug_ranges  0x0000000000000018       0xd0 Core/Src/main.o
 .debug_ranges  0x00000000000000e8       0x48 Core/Src/stm32f1xx_hal_msp.o
 .debug_ranges  0x0000000000000130       0x20 Core/Src/stm32f1xx_hal_timebase_tim.o
 .debug_ranges  0x0000000000000150       0x68 Core/Src/stm32f1xx_it.o
 .debug_ranges  0x00000000000001b8       0x10 Core/Src/sysmem.o
 .debug_ranges  0x00000000000001c8       0x18 Core/Src/system_stm32f1xx.o
 .debug_ranges  0x00000000000001e0       0x50 Core/Src/ws2812_led.o
 .debug_ranges  0x0000000000000230       0x20 Core/Startup/startup_stm32f103c8tx.o
 .debug_ranges  0x0000000000000250       0xd0 Drivers/STM32F1xx_HAL_Driver/Src/stm32f1xx_hal.o
 .debug_ranges  0x0000000000000320       0xe0 Drivers/STM32F1xx_HAL_Driver/Src/stm32f1xx_hal_adc.o
 .debug_ranges  0x0000000000000400       0xf0 Drivers/STM32F1xx_HAL_Driver/Src/stm32f1xx_hal_cortex.o
 .debug_ranges  0x00000000000004f0       0x70 Drivers/STM32F1xx_HAL_Driver/Src/stm32f1xx_hal_dma.o
 .debug_ranges  0x0000000000000560       0x48 Drivers/STM32F1xx_HAL_Driver/Src/stm32f1xx_hal_gpio.o
 .debug_ranges  0x00000000000005a8       0x80 Drivers/STM32F1xx_HAL_Driver/Src/stm32f1xx_hal_rcc.o
 .debug_ranges  0x0000000000000628       0x20 Drivers/STM32F1xx_HAL_Driver/Src/stm32f1xx_hal_rcc_ex.o
 .debug_ranges  0x0000000000000648      0x3c0 Drivers/STM32F1xx_HAL_Driver/Src/stm32f1xx_hal_tim.o
 .debug_ranges  0x0000000000000a08      0x158 Drivers/STM32F1xx_HAL_Driver/Src/stm32f1xx_hal_tim_ex.o
 .debug_ranges  0x0000000000000b60      0x1c0 Drivers/STM32F1xx_HAL_Driver/Src/stm32f1xx_hal_uart.o
 .debug_ranges  0x0000000000000d20      0x1c8 Middlewares/Third_Party/FreeRTOS/Source/CMSIS_RTOS/cmsis_os.o
 .debug_ranges  0x0000000000000ee8       0x30 Middlewares/Third_Party/FreeRTOS/Source/list.o
 .debug_ranges  0x0000000000000f18      0x100 Middlewares/Third_Party/FreeRTOS/Source/queue.o
 .debug_ranges  0x0000000000001018      0x1a0 Middlewares/Third_Party/FreeRTOS/Source/tasks.o
 .debug_ranges  0x00000000000011b8       0xb0 Middlewares/Third_Party/FreeRTOS/Source/timers.o
 .debug_ranges  0x0000000000001268       0x68 Middlewares/Third_Party/FreeRTOS/Source/portable/GCC/ARM_CM3/port.o
 .debug_ranges  0x00000000000012d0       0x40 Middlewares/Third_Party/FreeRTOS/Source/portable/MemMang/heap_4.o

.debug_macro    0x0000000000000000    0x1a3ba
 .debug_macro   0x0000000000000000      0x229 Core/Src/freertos.o
 .debug_macro   0x0000000000000229      0xa5a Core/Src/freertos.o
 .debug_macro   0x0000000000000c83      0x174 Core/Src/freertos.o
 .debug_macro   0x0000000000000df7       0x22 Core/Src/freertos.o
 .debug_macro   0x0000000000000e19       0x8e Core/Src/freertos.o
 .debug_macro   0x0000000000000ea7       0x51 Core/Src/freertos.o
 .debug_macro   0x0000000000000ef8       0xef Core/Src/freertos.o
 .debug_macro   0x0000000000000fe7       0x6a Core/Src/freertos.o
 .debug_macro   0x0000000000001051      0x1df Core/Src/freertos.o
 .debug_macro   0x0000000000001230       0xef Core/Src/freertos.o
 .debug_macro   0x000000000000131f      0x15a Core/Src/freertos.o
 .debug_macro   0x0000000000001479       0xd7 Core/Src/freertos.o
 .debug_macro   0x0000000000001550       0x10 Core/Src/freertos.o
 .debug_macro   0x0000000000001560       0x1f Core/Src/freertos.o
 .debug_macro   0x000000000000157f      0x4b0 Core/Src/freertos.o
 .debug_macro   0x0000000000001a2f       0xb5 Core/Src/freertos.o
 .debug_macro   0x0000000000001ae4       0x8c Core/Src/freertos.o
 .debug_macro   0x0000000000001b70      0x227 Core/Src/freertos.o
 .debug_macro   0x0000000000001d97       0x2e Core/Src/freertos.o
 .debug_macro   0x0000000000001dc5       0x22 Core/Src/freertos.o
 .debug_macro   0x0000000000001de7       0x1c Core/Src/freertos.o
 .debug_macro   0x0000000000001e03       0x22 Core/Src/freertos.o
 .debug_macro   0x0000000000001e25       0xc3 Core/Src/freertos.o
 .debug_macro   0x0000000000001ee8      0xd23 Core/Src/freertos.o
 .debug_macro   0x0000000000002c0b     0xe097 Core/Src/freertos.o
 .debug_macro   0x0000000000010ca2       0x43 Core/Src/freertos.o
 .debug_macro   0x0000000000010ce5     0x3468 Core/Src/freertos.o
 .debug_macro   0x000000000001414d       0x5c Core/Src/freertos.o
 .debug_macro   0x00000000000141a9      0x5be Core/Src/freertos.o
 .debug_macro   0x0000000000014767      0x289 Core/Src/freertos.o
 .debug_macro   0x00000000000149f0      0x1cb Core/Src/freertos.o
 .debug_macro   0x0000000000014bbb      0x114 Core/Src/freertos.o
 .debug_macro   0x0000000000014ccf      0x1b2 Core/Src/freertos.o
 .debug_macro   0x0000000000014e81       0x27 Core/Src/freertos.o
 .debug_macro   0x0000000000014ea8      0x136 Core/Src/freertos.o
 .debug_macro   0x0000000000014fde      0x1bc Core/Src/freertos.o
 .debug_macro   0x000000000001519a       0x34 Core/Src/freertos.o
 .debug_macro   0x00000000000151ce       0x3c Core/Src/freertos.o
 .debug_macro   0x000000000001520a       0x57 Core/Src/freertos.o
 .debug_macro   0x0000000000015261      0x46a Core/Src/freertos.o
 .debug_macro   0x00000000000156cb      0x1b5 Core/Src/freertos.o
 .debug_macro   0x0000000000015880       0x88 Core/Src/freertos.o
 .debug_macro   0x0000000000015908      0x241 Core/Src/freertos.o
 .debug_macro   0x0000000000015b49      0x141 Core/Src/freertos.o
 .debug_macro   0x0000000000015c8a      0x8d1 Core/Src/freertos.o
 .debug_macro   0x000000000001655b      0x26b Core/Src/freertos.o
 .debug_macro   0x00000000000167c6       0x83 Core/Src/freertos.o
 .debug_macro   0x0000000000016849      0x34a Core/Src/main.o
 .debug_macro   0x0000000000016b93       0xef Core/Src/main.o
 .debug_macro   0x0000000000016c82       0x91 Core/Src/main.o
 .debug_macro   0x0000000000016d13       0x8d Core/Src/main.o
 .debug_macro   0x0000000000016da0       0x7e Core/Src/main.o
 .debug_macro   0x0000000000016e1e       0x19 Core/Src/main.o
 .debug_macro   0x0000000000016e37       0xf2 Core/Src/main.o
 .debug_macro   0x0000000000016f29       0x46 Core/Src/main.o
 .debug_macro   0x0000000000016f6f       0x18 Core/Src/main.o
 .debug_macro   0x0000000000016f87       0x3c Core/Src/main.o
 .debug_macro   0x0000000000016fc3       0x34 Core/Src/main.o
 .debug_macro   0x0000000000016ff7       0x52 Core/Src/main.o
 .debug_macro   0x0000000000017049       0x1f Core/Src/main.o
 .debug_macro   0x0000000000017068       0x43 Core/Src/main.o
 .debug_macro   0x00000000000170ab       0x20 Core/Src/main.o
 .debug_macro   0x00000000000170cb      0x1a3 Core/Src/main.o
 .debug_macro   0x000000000001726e      0x32a Core/Src/main.o
 .debug_macro   0x0000000000017598       0x10 Core/Src/main.o
 .debug_macro   0x00000000000175a8       0x35 Core/Src/main.o
 .debug_macro   0x00000000000175dd       0x20 Core/Src/main.o