Archive member included to satisfy reference by file (symbol)

/opt/st/stm32cubeide_1.5.1/plugins/com.st.stm32cube.ide.mcu.externaltools.gnu-tools-for-stm32.7-2018-q2-update.linux64_1.5.0.202011040924/tools/bin/../lib/gcc/arm-none-eabi/7.3.1/../../../../arm-none-eabi/lib/thumb/v7-m/libc_nano.a(lib_a-atoi.o)
                              Core/Src/main.o (atoi)
/opt/st/stm32cubeide_1.5.1/plugins/com.st.stm32cube.ide.mcu.externaltools.gnu-tools-for-stm32.7-2018-q2-update.linux64_1.5.0.202011040924/tools/bin/../lib/gcc/arm-none-eabi/7.3.1/../../../../arm-none-eabi/lib/thumb/v7-m/libc_nano.a(lib_a-errno.o)
                              Core/Src/syscalls.o (__errno)
/opt/st/stm32cubeide_1.5.1/plugins/com.st.stm32cube.ide.mcu.externaltools.gnu-tools-for-stm32.7-2018-q2-update.linux64_1.5.0.202011040924/tools/bin/../lib/gcc/arm-none-eabi/7.3.1/../../../../arm-none-eabi/lib/thumb/v7-m/libc_nano.a(lib_a-exit.o)
                              /opt/st/stm32cubeide_1.5.1/plugins/com.st.stm32cube.ide.mcu.externaltools.gnu-tools-for-stm32.7-2018-q2-update.linux64_1.5.0.202011040924/tools/bin/../lib/gcc/arm-none-eabi/7.3.1/../../../../arm-none-eabi/lib/thumb/v7-m/crt0.o (exit)
/opt/st/stm32cubeide_1.5.1/plugins/com.st.stm32cube.ide.mcu.externaltools.gnu-tools-for-stm32.7-2018-q2-update.linux64_1.5.0.202011040924/tools/bin/../lib/gcc/arm-none-eabi/7.3.1/../../../../arm-none-eabi/lib/thumb/v7-m/libc_nano.a(lib_a-impure.o)
                              /opt/st/stm32cubeide_1.5.1/plugins/com.st.stm32cube.ide.mcu.externaltools.gnu-tools-for-stm32.7-2018-q2-update.linux64_1.5.0.202011040924/tools/bin/../lib/gcc/arm-none-eabi/7.3.1/../../../../arm-none-eabi/lib/thumb/v7-m/libc_nano.a(lib_a-exit.o) (_global_impure_ptr)
/opt/st/stm32cubeide_1.5.1/plugins/com.st.stm32cube.ide.mcu.externaltools.gnu-tools-for-stm32.7-2018-q2-update.linux64_1.5.0.202011040924/tools/bin/../lib/gcc/arm-none-eabi/7.3.1/../../../../arm-none-eabi/lib/thumb/v7-m/libc_nano.a(lib_a-init.o)
                              /opt/st/stm32cubeide_1.5.1/plugins/com.st.stm32cube.ide.mcu.externaltools.gnu-tools-for-stm32.7-2018-q2-update.linux64_1.5.0.202011040924/tools/bin/../lib/gcc/arm-none-eabi/7.3.1/../../../../arm-none-eabi/lib/thumb/v7-m/crt0.o (__libc_init_array)
/opt/st/stm32cubeide_1.5.1/plugins/com.st.stm32cube.ide.mcu.externaltools.gnu-tools-for-stm32.7-2018-q2-update.linux64_1.5.0.202011040924/tools/bin/../lib/gcc/arm-none-eabi/7.3.1/../../../../arm-none-eabi/lib/thumb/v7-m/libc_nano.a(lib_a-memcpy-stub.o)
                              Middlewares/Third_Party/FreeRTOS/Source/queue.o (memcpy)
/opt/st/stm32cubeide_1.5.1/plugins/com.st.stm32cube.ide.mcu.externaltools.gnu-tools-for-stm32.7-2018-q2-update.linux64_1.5.0.202011040924/tools/bin/../lib/gcc/arm-none-eabi/7.3.1/../../../../arm-none-eabi/lib/thumb/v7-m/libc_nano.a(lib_a-memset.o)
                              /opt/st/stm32cubeide_1.5.1/plugins/com.st.stm32cube.ide.mcu.externaltools.gnu-tools-for-stm32.7-2018-q2-update.linux64_1.5.0.202011040924/tools/bin/../lib/gcc/arm-none-eabi/7.3.1/../../../../arm-none-eabi/lib/thumb/v7-m/crt0.o (memset)
/opt/st/stm32cubeide_1.5.1/plugins/com.st.stm32cube.ide.mcu.externaltools.gnu-tools-for-stm32.7-2018-q2-update.linux64_1.5.0.202011040924/tools/bin/../lib/gcc/arm-none-eabi/7.3.1/../../../../arm-none-eabi/lib/thumb/v7-m/libc_nano.a(lib_a-sprintf.o)
                              Core/Src/main.o (sprintf)
/opt/st/stm32cubeide_1.5.1/plugins/com.st.stm32cube.ide.mcu.externaltools.gnu-tools-for-stm32.7-2018-q2-update.linux64_1.5.0.202011040924/tools/bin/../lib/gcc/arm-none-eabi/7.3.1/../../../../arm-none-eabi/lib/thumb/v7-m/libc_nano.a(lib_a-strlen.o)
                              Core/Src/main.o (strlen)
/opt/st/stm32cubeide_1.5.1/plugins/com.st.stm32cube.ide.mcu.externaltools.gnu-tools-for-stm32.7-2018-q2-update.linux64_1.5.0.202011040924/tools/bin/../lib/gcc/arm-none-eabi/7.3.1/../../../../arm-none-eabi/lib/thumb/v7-m/libc_nano.a(lib_a-strtol.o)
                              /opt/st/stm32cubeide_1.5.1/plugins/com.st.stm32cube.ide.mcu.externaltools.gnu-tools-for-stm32.7-2018-q2-update.linux64_1.5.0.202011040924/tools/bin/../lib/gcc/arm-none-eabi/7.3.1/../../../../arm-none-eabi/lib/thumb/v7-m/libc_nano.a(lib_a-atoi.o) (_strtol_r)
/opt/st/stm32cubeide_1.5.1/plugins/com.st.stm32cube.ide.mcu.externaltools.gnu-tools-for-stm32.7-2018-q2-update.linux64_1.5.0.202011040924/tools/bin/../lib/gcc/arm-none-eabi/7.3.1/../../../../arm-none-eabi/lib/thumb/v7-m/libc_nano.a(lib_a-locale.o)
                              /opt/st/stm32cubeide_1.5.1/plugins/com.st.stm32cube.ide.mcu.externaltools.gnu-tools-for-stm32.7-2018-q2-update.linux64_1.5.0.202011040924/tools/bin/../lib/gcc/arm-none-eabi/7.3.1/../../../../arm-none-eabi/lib/thumb/v7-m/libc_nano.a(lib_a-strtol.o) (__locale_ctype_ptr_l)
[...]
Memory Configuration

Name             Origin             Length             Attributes
RAM              0x0000000020000000 0x0000000000005000 xrw
FLASH            0x0000000008000000 0x0000000000010000 xr
*default*        0x0000000000000000 0xffffffffffffffff

Linker script and memory map

LOAD /opt/st/stm32cubeide_1.5.1/plugins/com.st.stm32cube.ide.mcu.externaltools.gnu-tools-for-stm32.7-2018-q2-update.linux64_1.5.0.202011040924/tools/bin/../lib/gcc/arm-none-eabi/7.3.1/thumb/v7-m/crti.o
LOAD /opt/st/stm32cubeide_1.5.1/plugins/com.st.stm32cube.ide.mcu.externaltools.gnu-tools-for-stm32.7-2018-q2-update.linux64_1.5.0.202011040924/tools/bin/../lib/gcc/arm-none-eabi/7.3.1/thumb/v7-m/crtbegin.o
LOAD /opt/st/stm32cubeide_1.5.1/plugins/com.st.stm32cube.ide.mcu.externaltools.gnu-tools-for-stm32.7-2018-q2-update.linux64_1.5.0.202011040924/tools/bin/../lib/gcc/arm-none-eabi/7.3.1/../../../../arm-none-eabi/lib/thumb/v7-m/crt0.o
LOAD Core/Src/freertos.o
LOAD Core/Src/main.o
LOAD Core/Src/stm32f1xx_hal_msp.o
LOAD Core/Src/stm32f1xx_hal_timebase_tim.o
LOAD Core/Src/stm32f1xx_it.o
LOAD Core/Src/syscalls.o
LOAD Core/Src/sysmem.o
LOAD Core/Src/system_stm32f1xx.o
LOAD Core/Src/ws2812_led.o
LOAD Core/Startup/startup_stm32f103c8tx.o
LOAD Drivers/STM32F1xx_HAL_Driver/Src/stm32f1xx_hal.o
LOAD Drivers/STM32F1xx_HAL_Driver/Src/stm32f1xx_hal_adc.o
LOAD Drivers/STM32F1xx_HAL_Driver/Src/stm32f1xx_hal_adc_ex.o
LOAD Drivers/STM32F1xx_HAL_Driver/Src/stm32f1xx_hal_cortex.o
LOAD Drivers/STM32F1xx_HAL_Driver/Src/stm32f1xx_hal_dma.o
LOAD Drivers/STM32F1xx_HAL_Driver/Src/stm32f1xx_hal_exti.o
LOAD Drivers/STM32F1xx_HAL_Driver/Src/stm32f1xx_hal_flash.o
LOAD Drivers/STM32F1xx_HAL_Driver/Src/stm32f1xx_hal_flash_ex.o
LOAD Drivers/STM32F1xx_HAL_Driver/Src/stm32f1xx_hal_gpio.o
LOAD Drivers/STM32F1xx_HAL_Driver/Src/stm32f1xx_hal_gpio_ex.o
LOAD Drivers/STM32F1xx_HAL_Driver/Src/stm32f1xx_hal_pwr.o
LOAD Drivers/STM32F1xx_HAL_Driver/Src/stm32f1xx_hal_rcc.o
LOAD Drivers/STM32F1xx_HAL_Driver/Src/stm32f1xx_hal_rcc_ex.o
LOAD Drivers/STM32F1xx_HAL_Driver/Src/stm32f1xx_hal_tim.o
LOAD Drivers/STM32F1xx_HAL_Driver/Src/stm32f1xx_hal_tim_ex.o
LOAD Drivers/STM32F1xx_HAL_Driver/Src/stm32f1xx_ll_dma.o
LOAD Drivers/STM32F1xx_HAL_Driver/Src/stm32f1xx_ll_exti.o
LOAD Drivers/STM32F1xx_HAL_Driver/Src/stm32f1xx_ll_gpio.o
LOAD Drivers/STM32F1xx_HAL_Driver/Src/stm32f1xx_ll_rcc.o
LOAD Drivers/STM32F1xx_HAL_Driver/Src/stm32f1xx_ll_usart.o
LOAD Drivers/STM32F1xx_HAL_Driver/Src/stm32f1xx_ll_utils.o
LOAD Middlewares/Third_Party/FreeRTOS/Source/CMSIS_RTOS/cmsis_os.o
LOAD Middlewares/Third_Party/FreeRTOS/Source/croutine.o
LOAD Middlewares/Third_Party/FreeRTOS/Source/event_groups.o
LOAD Middlewares/Third_Party/FreeRTOS/Source/list.o
LOAD Middlewares/Third_Party/FreeRTOS/Source/queue.o
LOAD Middlewares/Third_Party/FreeRTOS/Source/stream_buffer.o
LOAD Middlewares/Third_Party/FreeRTOS/Source/tasks.o
LOAD Middlewares/Third_Party/FreeRTOS/Source/timers.o
LOAD Middlewares/Third_Party/FreeRTOS/Source/portable/GCC/ARM_CM3/port.o
LOAD Middlewares/Third_Party/FreeRTOS/Source/portable/MemMang/heap_4.o
START GROUP
LOAD /opt/st/stm32cubeide_1.5.1/plugins/com.st.stm32cube.ide.mcu.externaltools.gnu-tools-for-stm32.7-2018-q2-update.linux64_1.5.0.202011040924/tools/bin/../lib/gcc/arm-none-eabi/7.3.1/../../../../arm-none-eabi/lib/thumb/v7-m/libc_nano.a
LOAD /opt/st/stm32cubeide_1.5.1/plugins/com.st.stm32cube.ide.mcu.externaltools.gnu-tools-for-stm32.7-2018-q2-update.linux64_1.5.0.202011040924/tools/bin/../lib/gcc/arm-none-eabi/7.3.1/../../../../arm-none-eabi/lib/thumb/v7-m/libm.a
END GROUP
START GROUP
LOAD /opt/st/stm32cubeide_1.5.1/plugins/com.st.stm32cube.ide.mcu.externaltools.gnu-tools-for-stm32.7-2018-q2-update.linux64_1.5.0.202011040924/tools/bin/../lib/gcc/arm-none-eabi/7.3.1/thumb/v7-m/libgcc.a
LOAD /opt/st/stm32cubeide_1.5.1/plugins/com.st.stm32cube.ide.mcu.externaltools.gnu-tools-for-stm32.7-2018-q2-update.linux64_1.5.0.202011040924/tools/bin/../lib/gcc/arm-none-eabi/7.3.1/../../../../arm-none-eabi/lib/thumb/v7-m/libc_nano.a
END GROUP
START GROUP
LOAD /opt/st/stm32cubeide_1.5.1/plugins/com.st.stm32cube.ide.mcu.externaltools.gnu-tools-for-stm32.7-2018-q2-update.linux64_1.5.0.202011040924/tools/bin/../lib/gcc/arm-none-eabi/7.3.1/thumb/v7-m/libgcc.a
LOAD /opt/st/stm32cubeide_1.5.1/plugins/com.st.stm32cube.ide.mcu.externaltools.gnu-tools-for-stm32.7-2018-q2-update.linux64_1.5.0.202011040924/tools/bin/../lib/gcc/arm-none-eabi/7.3.1/../../../../arm-none-eabi/lib/thumb/v7-m/libc_nano.a
LOAD /opt/st/stm32cubeide_1.5.1/plugins/com.st.stm32cube.ide.mcu.externaltools.gnu-tools-for-stm32.7-2018-q2-update.linux64_1.5.0.202011040924/tools/bin/../lib/gcc/arm-none-eabi/7.3.1/../../../../arm-none-eabi/lib/thumb/v7-m/libnosys.a
END GROUP
START GROUP
LOAD /opt/st/stm32cubeide_1.5.1/plugins/com.st.stm32cube.ide.mcu.externaltools.gnu-tools-for-stm32.7-2018-q2-update.linux64_1.5.0.202011040924/tools/bin/../lib/gcc/arm-none-eabi/7.3.1/thumb/v7-m/libgcc.a
LOAD /opt/st/stm32cubeide_1.5.1/plugins/com.st.stm32cube.ide.mcu.externaltools.gnu-tools-for-stm32.7-2018-q2-update.linux64_1.5.0.202011040924/tools/bin/../lib/gcc/arm-none-eabi/7.3.1/../../../../arm-none-eabi/lib/thumb/v7-m/libc_nano.a
LOAD /opt/st/stm32cubeide_1.5.1/plugins/com.st.stm32cube.ide.mcu.externaltools.gnu-tools-for-stm32.7-2018-q2-update.linux64_1.5.0.202011040924/tools/bin/../lib/gcc/arm-none-eabi/7.3.1/../../../../arm-none-eabi/lib/thumb/v7-m/libnosys.a
END GROUP
LOAD /opt/st/stm32cubeide_1.5.1/plugins/com.st.stm32cube.ide.mcu.externaltools.gnu-tools-for-stm32.7-2018-q2-update.linux64_1.5.0.202011040924/tools/bin/../lib/gcc/arm-none-eabi/7.3.1/thumb/v7-m/crtend.o
LOAD /opt/st/stm32cubeide_1.5.1/plugins/com.st.stm32cube.ide.mcu.externaltools.gnu-tools-for-stm32.7-2018-q2-update.linux64_1.5.0.202011040924/tools/bin/../lib/gcc/arm-none-eabi/7.3.1/thumb/v7-m/crtn.o
                0x0000000020005000                _estack = (ORIGIN (RAM) + LENGTH (RAM))
                0x0000000000000200                _Min_Heap_Size = 0x200
                0x0000000000000400                _Min_Stack_Size = 0x400

.isr_vector     0x0000000008000000      0x10c
                0x0000000008000000                . = ALIGN (0x4)
 *(.isr_vector)
 .isr_vector    0x0000000008000000      0x10c Core/Startup/startup_stm32f103c8tx.o
                0x0000000008000000                g_pfnVectors
                0x000000000800010c                . = ALIGN (0x4)

.text           0x0000000008000110     0xa6d0
                0x0000000008000110                . = ALIGN (0x4)
 *(.text)
 .text          0x0000000008000110       0x40 /opt/st/stm32cubeide_1.5.1/plugins/com.st.stm32cube.ide.mcu.externaltools.gnu-tools-for-stm32.7-2018-q2-update.linux64_1.5.0.202011040924/tools/bin/../lib/gcc/arm-none-eabi/7.3.1/thumb/v7-m/crtbegin.o
 .text          0x0000000008000150       0x10 /opt/st/stm32cubeide_1.5.1/plugins/com.st.stm32cube.ide.mcu.externaltools.gnu-tools-for-stm32.7-2018-q2-update.linux64_1.5.0.202011040924/tools/bin/../lib/gcc/arm-none-eabi/7.3.1/../../../../arm-none-eabi/lib/thumb/v7-m/libc_nano.a(lib_a-strlen.o)
                0x0000000008000150                strlen
 .text          0x0000000008000160      0x378 /opt/st/stm32cubeide_1.5.1/plugins/com.st.stm32cube.ide.mcu.externaltools.gnu-tools-for-stm32.7-2018-q2-update.linux64_1.5.0.202011040924/tools/bin/../lib/gcc/arm-none-eabi/7.3.1/thumb/v7-m/libgcc.a(_arm_addsubdf3.o)
                0x0000000008000160                __aeabi_drsub
                0x0000000008000168                __aeabi_dsub
                0x0000000008000168                __subdf3
                0x000000000800016c                __adddf3
                0x000000000800016c                __aeabi_dadd
                0x00000000080003e4                __aeabi_ui2d
                0x00000000080003e4                __floatunsidf
                0x0000000008000404                __floatsidf
                0x0000000008000404                __aeabi_i2d
                0x0000000008000428                __extendsfdf2
                0x0000000008000428                __aeabi_f2d
                0x000000000800046c                __aeabi_ul2d
                0x000000000800046c                __floatundidf
                0x000000000800047c                __floatdidf
                0x000000000800047c                __aeabi_l2d
 .text          0x00000000080004d8      0x424 /opt/st/stm32cubeide_1.5.1/plugins/com.st.stm32cube.ide.mcu.externaltools.gnu-tools-for-stm32.7-2018-q2-update.linux64_1.5.0.202011040924/tools/bin/../lib/gcc/arm-none-eabi/7.3.1/thumb/v7-m/libgcc.a(_arm_muldivdf3.o)
                0x00000000080004d8                __aeabi_dmul
                0x00000000080004d8                __muldf3
                0x000000000800072c                __aeabi_ddiv
                0x000000000800072c                __divdf3
 .text          0x00000000080008fc       0x50 /opt/st/stm32cubeide_1.5.1/plugins/com.st.stm32cube.ide.mcu.externaltools.gnu-tools-for-stm32.7-2018-q2-update.linux64_1.5.0.202011040924/tools/bin/../lib/gcc/arm-none-eabi/7.3.1/thumb/v7-m/libgcc.a(_arm_fixdfsi.o)
                0x00000000080008fc                __fixdfsi
                0x00000000080008fc                __aeabi_d2iz
 *(.text*)
 .text.vApplicationGetIdleTaskMemory
                0x000000000800094c       0x30 Core/Src/freertos.o
                0x000000000800094c                vApplicationGetIdleTaskMemory
 .text.vApplicationGetTimerTaskMemory
                0x000000000800097c       0x34 Core/Src/freertos.o
                0x000000000800097c                vApplicationGetTimerTaskMemory
 .text.__NVIC_GetPriorityGrouping
                0x00000000080009b0       0x1c Core/Src/main.o
 .text.__NVIC_EnableIRQ
                0x00000000080009cc       0x38 Core/Src/main.o
 .text.__NVIC_SetPriority
                0x0000000008000a04       0x54 Core/Src/main.o
 .text.NVIC_EncodePriority
                0x0000000008000a58       0x64 Core/Src/main.o
 .text.LL_USART_Enable
                0x0000000008000abc       0x1e Core/Src/main.o
 .text.LL_USART_ConfigAsyncMode
                0x0000000008000ada       0x2a Core/Src/main.o
 .text.LL_USART_IsActiveFlag_RXNE
                0x0000000008000b04       0x24 Core/Src/main.o
 .text.LL_USART_IsActiveFlag_TXE
                0x0000000008000b28       0x24 Core/Src/main.o
 .text.LL_USART_EnableIT_RXNE
                0x0000000008000b4c       0x1e Core/Src/main.o
 .text.LL_USART_EnableIT_TXE
                0x0000000008000b6a       0x1e Core/Src/main.o
 .text.LL_USART_DisableIT_TXE
                0x0000000008000b88       0x1e Core/Src/main.o
 .text.LL_USART_IsEnabledIT_TXE
                0x0000000008000ba6       0x24 Core/Src/main.o
 .text.LL_USART_ReceiveData8
                0x0000000008000bca       0x18 Core/Src/main.o
 .text.LL_USART_TransmitData8
                0x0000000008000be2       0x1c Core/Src/main.o
 *fill*         0x0000000008000bfe        0x2 
 .text.LL_APB2_GRP1_EnableClock
                0x0000000008000c00       0x30 Core/Src/main.o
 .text.lightupLED1
                0x0000000008000c30      0x11a Core/Src/main.o
                0x0000000008000c30                lightupLED1
 .text.lightupLED2
                0x0000000008000d4a       0xd8 Core/Src/main.o
                0x0000000008000d4a                lightupLED2
 *fill*         0x0000000008000e22        0x2 
 .text.open_gripper
                0x0000000008000e24       0x94 Core/Src/main.o
                0x0000000008000e24                open_gripper
 .text.close_gripper
                0x0000000008000eb8       0x94 Core/Src/main.o
                0x0000000008000eb8                close_gripper
 .text.brake_lf
                0x0000000008000f4c       0x24 Core/Src/main.o
                0x0000000008000f4c                brake_lf
 .text.brake_rf
                0x0000000008000f70       0x24 Core/Src/main.o
                0x0000000008000f70                brake_rf
 .text.stop_lf  0x0000000008000f94       0x20 Core/Src/main.o
                0x0000000008000f94                stop_lf
 .text.stop_rf  0x0000000008000fb4       0x20 Core/Src/main.o
                0x0000000008000fb4                stop_rf
 .text.brake_gripper
                0x0000000008000fd4       0x30 Core/Src/main.o
                0x0000000008000fd4                brake_gripper
 .text.stop_gripper
                0x0000000008001004       0x2c Core/Src/main.o
                0x0000000008001004                stop_gripper
 .text.move_lf  0x0000000008001030       0x74 Core/Src/main.o
                0x0000000008001030                move_lf
 .text.move_lb  0x00000000080010a4       0x74 Core/Src/main.o
                0x00000000080010a4                move_lb
 .text.move_rf  0x0000000008001118       0x74 Core/Src/main.o
                0x0000000008001118                move_rf
 .text.move_rb  0x000000000800118c       0x74 Core/Src/main.o
                0x000000000800118c                move_rb
 .text.ir_led_on
                0x0000000008001200       0x18 Core/Src/main.o
                0x0000000008001200                ir_led_on
 .text.ir_led_off
                0x0000000008001218       0x18 Core/Src/main.o
                0x0000000008001218                ir_led_off
 .text.set_mux_fl
                0x0000000008001230       0x6c Core/Src/main.o
                0x0000000008001230                set_mux_fl
 .text.set_mux_fr
                0x000000000800129c       0x70 Core/Src/main.o
                0x000000000800129c                set_mux_fr
 .text.scale_val
                0x000000000800130c       0x98 Core/Src/main.o
                0x000000000800130c                scale_val
 .text.clamp_val
                0x00000000080013a4       0x30 Core/Src/main.o
                0x00000000080013a4                clamp_val
 .text.sendData
                0x00000000080013d4       0x90 Core/Src/main.o
                0x00000000080013d4                sendData
 .text.LL_USART1_IRQHandler
                0x0000000008001464       0x9c Core/Src/main.o
                0x0000000008001464                LL_USART1_IRQHandler
 .text.main     0x0000000008001500      0x1f8 Core/Src/main.o
                0x0000000008001500                main
 .text.SystemClock_Config
                0x00000000080016f8       0xb6 Core/Src/main.o
                0x00000000080016f8                SystemClock_Config
 *fill*         0x00000000080017ae        0x2 
 .text.MX_ADC1_Init
                0x00000000080017b0      0x130 Core/Src/main.o
 .text.MX_TIM1_Init
                0x00000000080018e0      0x140 Core/Src/main.o
 .text.MX_TIM2_Init
                0x0000000008001a20       0xfc Core/Src/main.o
 .text.MX_TIM4_Init
                0x0000000008001b1c      0x130 Core/Src/main.o
 .text.MX_USART1_UART_Init
                0x0000000008001c4c       0xdc Core/Src/main.o
 .text.MX_DMA_Init
                0x0000000008001d28       0x6c Core/Src/main.o
 .text.MX_GPIO_Init
                0x0000000008001d94      0x10c Core/Src/main.o
 .text.adc_reader_task
                0x0000000008001ea0       0xc4 Core/Src/main.o
                0x0000000008001ea0                adc_reader_task
 .text.serial_reader_task
                0x0000000008001f64      0x39c Core/Src/main.o
                0x0000000008001f64                serial_reader_task
 .text.pid_timer
                0x0000000008002300      0x79c Core/Src/main.o
                0x0000000008002300                pid_timer
 .text.status_update_timer
                0x0000000008002a9c      0x1b4 Core/Src/main.o
                0x0000000008002a9c                status_update_timer
 .text.HAL_TIM_PeriodElapsedCallback
                0x0000000008002c50       0x24 Core/Src/main.o
                0x0000000008002c50                HAL_TIM_PeriodElapsedCallback
 .text.Error_Handler
                0x0000000008002c74        0xc Core/Src/main.o
                0x0000000008002c74                Error_Handler
 .text.HAL_MspInit
                0x0000000008002c80       0x70 Core/Src/stm32f1xx_hal_msp.o
                0x0000000008002c80                HAL_MspInit
 .text.HAL_ADC_MspInit
                0x0000000008002cf0       0xd0 Core/Src/stm32f1xx_hal_msp.o
                0x0000000008002cf0                HAL_ADC_MspInit
 .text.HAL_TIM_Base_MspInit
                0x0000000008002dc0      0x1a4 Core/Src/stm32f1xx_hal_msp.o
                0x0000000008002dc0                HAL_TIM_Base_MspInit
 .text.HAL_TIM_MspPostInit
                0x0000000008002f64       0xac Core/Src/stm32f1xx_hal_msp.o
                0x0000000008002f64                HAL_TIM_MspPostInit
 .text.HAL_InitTick
                0x0000000008003010       0xb0 Core/Src/stm32f1xx_hal_timebase_tim.o
                0x0000000008003010                HAL_InitTick
 .text.NMI_Handler
                0x00000000080030c0        0xc Core/Src/stm32f1xx_it.o
                0x00000000080030c0                NMI_Handler
 .text.HardFault_Handler
                0x00000000080030cc        0x6 Core/Src/stm32f1xx_it.o
                0x00000000080030cc                HardFault_Handler
 .text.MemManage_Handler
                0x00000000080030d2        0x6 Core/Src/stm32f1xx_it.o
                0x00000000080030d2                MemManage_Handler
 .text.BusFault_Handler
                0x00000000080030d8        0x6 Core/Src/stm32f1xx_it.o
                0x00000000080030d8                BusFault_Handler
 .text.UsageFault_Handler
                0x00000000080030de        0x6 Core/Src/stm32f1xx_it.o
                0x00000000080030de                UsageFault_Handler
 .text.DebugMon_Handler
                0x00000000080030e4        0xc Core/Src/stm32f1xx_it.o
                0x00000000080030e4                DebugMon_Handler
 .text.DMA1_Channel1_IRQHandler
                0x00000000080030f0       0x14 Core/Src/stm32f1xx_it.o
                0x00000000080030f0                DMA1_Channel1_IRQHandler
 .text.DMA1_Channel2_IRQHandler
                0x0000000008003104       0x14 Core/Src/stm32f1xx_it.o
                0x0000000008003104                DMA1_Channel2_IRQHandler
 .text.DMA1_Channel5_IRQHandler
                0x0000000008003118       0x14 Core/Src/stm32f1xx_it.o
                0x0000000008003118                DMA1_Channel5_IRQHandler
 .text.DMA1_Channel7_IRQHandler
                0x000000000800312c       0x14 Core/Src/stm32f1xx_it.o
                0x000000000800312c                DMA1_Channel7_IRQHandler
 .text.TIM3_IRQHandler
                0x0000000008003140       0x14 Core/Src/stm32f1xx_it.o
                0x0000000008003140                TIM3_IRQHandler
 .text.USART1_IRQHandler
                0x0000000008003154        0xc Core/Src/stm32f1xx_it.o
                0x0000000008003154                USART1_IRQHandler
 .text._sbrk    0x0000000008003160       0x6c Core/Src/sysmem.o
                0x0000000008003160                _sbrk
 .text.SystemInit
                0x00000000080031cc        0xc Core/Src/system_stm32f1xx.o
                0x00000000080031cc                SystemInit
 .text.ws2812_timer2_init
                0x00000000080031d8       0xcc Core/Src/ws2812_led.o
 .text.ws2812_dma_start
                0x00000000080032a4      0x164 Core/Src/ws2812_led.o
 .text.get_channel_byte
                0x0000000008003408       0x30 Core/Src/ws2812_led.o
 .text.fill_dma_buffer
                0x0000000008003438      0x164 Core/Src/ws2812_led.o
 .text.ws2812_refresh
                0x000000000800359c      0x2b4 Core/Src/ws2812_led.o
                0x000000000800359c                ws2812_refresh
 .text.ws2812_init
                0x0000000008003850       0x4c Core/Src/ws2812_led.o
                0x0000000008003850                ws2812_init
 .text.Reset_Handler
                0x000000000800389c       0x48 Core/Startup/startup_stm32f103c8tx.o
                0x000000000800389c                Reset_Handler
 .text.Default_Handler
                0x00000000080038e4        0x2 Core/Startup/startup_stm32f103c8tx.o
                0x00000000080038e4                RTC_Alarm_IRQHandler
                0x00000000080038e4                EXTI2_IRQHandler
                0x00000000080038e4                TIM1_CC_IRQHandler
                0x00000000080038e4                PVD_IRQHandler
                0x00000000080038e4                EXTI3_IRQHandler
                0x00000000080038e4                EXTI0_IRQHandler
                0x00000000080038e4                I2C2_EV_IRQHandler
                0x00000000080038e4                ADC1_2_IRQHandler
                0x00000000080038e4                SPI1_IRQHandler
                0x00000000080038e4                TAMPER_IRQHandler
                0x00000000080038e4                DMA1_Channel4_IRQHandler
                0x00000000080038e4                USART3_IRQHandler
                0x00000000080038e4                RTC_IRQHandler
                0x00000000080038e4                CAN1_RX1_IRQHandler
                0x00000000080038e4                TIM4_IRQHandler
                0x00000000080038e4                I2C1_EV_IRQHandler
                0x00000000080038e4                DMA1_Channel6_IRQHandler
                0x00000000080038e4                RCC_IRQHandler
                0x00000000080038e4                TIM1_TRG_COM_IRQHandler
                0x00000000080038e4                Default_Handler
                0x00000000080038e4                EXTI15_10_IRQHandler
                0x00000000080038e4                EXTI9_5_IRQHandler
                0x00000000080038e4                SPI2_IRQHandler
                0x00000000080038e4                EXTI4_IRQHandler
                0x00000000080038e4                USB_LP_CAN1_RX0_IRQHandler
                0x00000000080038e4                USB_HP_CAN1_TX_IRQHandler
                0x00000000080038e4                DMA1_Channel3_IRQHandler
                0x00000000080038e4                TIM1_UP_IRQHandler
                0x00000000080038e4                WWDG_IRQHandler
                0x00000000080038e4                TIM2_IRQHandler
                0x00000000080038e4                TIM1_BRK_IRQHandler
                0x00000000080038e4                EXTI1_IRQHandler
                0x00000000080038e4                USART2_IRQHandler
                0x00000000080038e4                I2C2_ER_IRQHandler
                0x00000000080038e4                CAN1_SCE_IRQHandler
                0x00000000080038e4                FLASH_IRQHandler
                0x00000000080038e4                I2C1_ER_IRQHandler
                0x00000000080038e4                USBWakeUp_IRQHandler
 *fill*         0x00000000080038e6        0x2 
 .text.HAL_Init
                0x00000000080038e8       0x2c Drivers/STM32F1xx_HAL_Driver/Src/stm32f1xx_hal.o
                0x00000000080038e8                HAL_Init
 .text.HAL_IncTick
                0x0000000008003914       0x24 Drivers/STM32F1xx_HAL_Driver/Src/stm32f1xx_hal.o
                0x0000000008003914                HAL_IncTick
 .text.HAL_GetTick
                0x0000000008003938       0x14 Drivers/STM32F1xx_HAL_Driver/Src/stm32f1xx_hal.o
                0x0000000008003938                HAL_GetTick
 .text.HAL_Delay
                0x000000000800394c       0x44 Drivers/STM32F1xx_HAL_Driver/Src/stm32f1xx_hal.o
                0x000000000800394c                HAL_Delay
 .text.HAL_ADC_Init
                0x0000000008003990      0x1b0 Drivers/STM32F1xx_HAL_Driver/Src/stm32f1xx_hal_adc.o
                0x0000000008003990                HAL_ADC_Init
 .text.HAL_ADC_Start_DMA
                0x0000000008003b40      0x1bc Drivers/STM32F1xx_HAL_Driver/Src/stm32f1xx_hal_adc.o
                0x0000000008003b40                HAL_ADC_Start_DMA
 .text.HAL_ADC_ConvCpltCallback
                0x0000000008003cfc       0x12 Drivers/STM32F1xx_HAL_Driver/Src/stm32f1xx_hal_adc.o
                0x0000000008003cfc                HAL_ADC_ConvCpltCallback
 .text.HAL_ADC_ConvHalfCpltCallback
                0x0000000008003d0e       0x12 Drivers/STM32F1xx_HAL_Driver/Src/stm32f1xx_hal_adc.o
                0x0000000008003d0e                HAL_ADC_ConvHalfCpltCallback
 .text.HAL_ADC_ErrorCallback
                0x0000000008003d20       0x12 Drivers/STM32F1xx_HAL_Driver/Src/stm32f1xx_hal_adc.o
                0x0000000008003d20                HAL_ADC_ErrorCallback
 *fill*         0x0000000008003d32        0x2 
 .text.HAL_ADC_ConfigChannel
                0x0000000008003d34      0x1f0 Drivers/STM32F1xx_HAL_Driver/Src/stm32f1xx_hal_adc.o
                0x0000000008003d34                HAL_ADC_ConfigChannel
 .text.ADC_Enable
                0x0000000008003f24       0xa4 Drivers/STM32F1xx_HAL_Driver/Src/stm32f1xx_hal_adc.o
                0x0000000008003f24                ADC_Enable
 .text.ADC_ConversionStop_Disable
                0x0000000008003fc8       0x74 Drivers/STM32F1xx_HAL_Driver/Src/stm32f1xx_hal_adc.o
                0x0000000008003fc8                ADC_ConversionStop_Disable
 .text.ADC_DMAConvCplt
                0x000000000800403c       0x7c Drivers/STM32F1xx_HAL_Driver/Src/stm32f1xx_hal_adc.o
                0x000000000800403c                ADC_DMAConvCplt
 .text.ADC_DMAHalfConvCplt
                0x00000000080040b8       0x1c Drivers/STM32F1xx_HAL_Driver/Src/stm32f1xx_hal_adc.o
                0x00000000080040b8                ADC_DMAHalfConvCplt
 .text.ADC_DMAError
                0x00000000080040d4       0x34 Drivers/STM32F1xx_HAL_Driver/Src/stm32f1xx_hal_adc.o
                0x00000000080040d4                ADC_DMAError
 .text.__NVIC_SetPriorityGrouping
                0x0000000008004108       0x48 Drivers/STM32F1xx_HAL_Driver/Src/stm32f1xx_hal_cortex.o
 .text.__NVIC_GetPriorityGrouping
                0x0000000008004150       0x1c Drivers/STM32F1xx_HAL_Driver/Src/stm32f1xx_hal_cortex.o
 .text.__NVIC_EnableIRQ
                0x000000000800416c       0x38 Drivers/STM32F1xx_HAL_Driver/Src/stm32f1xx_hal_cortex.o
 .text.__NVIC_SetPriority
                0x00000000080041a4       0x54 Drivers/STM32F1xx_HAL_Driver/Src/stm32f1xx_hal_cortex.o
 .text.NVIC_EncodePriority
                0x00000000080041f8       0x64 Drivers/STM32F1xx_HAL_Driver/Src/stm32f1xx_hal_cortex.o
 .text.HAL_NVIC_SetPriorityGrouping
                0x000000000800425c       0x16 Drivers/STM32F1xx_HAL_Driver/Src/stm32f1xx_hal_cortex.o
                0x000000000800425c                HAL_NVIC_SetPriorityGrouping
 .text.HAL_NVIC_SetPriority
                0x0000000008004272       0x38 Drivers/STM32F1xx_HAL_Driver/Src/stm32f1xx_hal_cortex.o
                0x0000000008004272                HAL_NVIC_SetPriority
 .text.HAL_NVIC_EnableIRQ
                0x00000000080042aa       0x1c Drivers/STM32F1xx_HAL_Driver/Src/stm32f1xx_hal_cortex.o
                0x00000000080042aa                HAL_NVIC_EnableIRQ
 *fill*         0x00000000080042c6        0x2 
 .text.HAL_DMA_Init
                0x00000000080042c8       0xb4 Drivers/STM32F1xx_HAL_Driver/Src/stm32f1xx_hal_dma.o
                0x00000000080042c8                HAL_DMA_Init
 .text.HAL_DMA_Start
                0x000000000800437c       0x84 Drivers/STM32F1xx_HAL_Driver/Src/stm32f1xx_hal_dma.o
                0x000000000800437c                HAL_DMA_Start
 .text.HAL_DMA_Start_IT
                0x0000000008004400       0xbe Drivers/STM32F1xx_HAL_Driver/Src/stm32f1xx_hal_dma.o
                0x0000000008004400                HAL_DMA_Start_IT
 *fill*         0x00000000080044be        0x2 
 .text.HAL_DMA_IRQHandler
                0x00000000080044c0      0x20c Drivers/STM32F1xx_HAL_Driver/Src/stm32f1xx_hal_dma.o
                0x00000000080044c0                HAL_DMA_IRQHandler
 .text.DMA_SetConfig
                0x00000000080046cc       0x5a Drivers/STM32F1xx_HAL_Driver/Src/stm32f1xx_hal_dma.o
 *fill*         0x0000000008004726        0x2 
 .text.HAL_GPIO_Init
                0x0000000008004728      0x2b4 Drivers/STM32F1xx_HAL_Driver/Src/stm32f1xx_hal_gpio.o
                0x0000000008004728                HAL_GPIO_Init
 .text.HAL_GPIO_WritePin
                0x00000000080049dc       0x30 Drivers/STM32F1xx_HAL_Driver/Src/stm32f1xx_hal_gpio.o
                0x00000000080049dc                HAL_GPIO_WritePin
 .text.HAL_RCC_OscConfig
                0x0000000008004a0c      0x500 Drivers/STM32F1xx_HAL_Driver/Src/stm32f1xx_hal_rcc.o
                0x0000000008004a0c                HAL_RCC_OscConfig
 .text.HAL_RCC_ClockConfig
                0x0000000008004f0c      0x1d4 Drivers/STM32F1xx_HAL_Driver/Src/stm32f1xx_hal_rcc.o
                0x0000000008004f0c                HAL_RCC_ClockConfig
 .text.HAL_RCC_GetSysClockFreq
                0x00000000080050e0       0xc4 Drivers/STM32F1xx_HAL_Driver/Src/stm32f1xx_hal_rcc.o
                0x00000000080050e0                HAL_RCC_GetSysClockFreq
 .text.HAL_RCC_GetHCLKFreq
                0x00000000080051a4       0x14 Drivers/STM32F1xx_HAL_Driver/Src/stm32f1xx_hal_rcc.o
                0x00000000080051a4                HAL_RCC_GetHCLKFreq
 .text.HAL_RCC_GetPCLK1Freq
                0x00000000080051b8       0x28 Drivers/STM32F1xx_HAL_Driver/Src/stm32f1xx_hal_rcc.o
                0x00000000080051b8                HAL_RCC_GetPCLK1Freq
 .text.HAL_RCC_GetClockConfig
                0x00000000080051e0       0x60 Drivers/STM32F1xx_HAL_Driver/Src/stm32f1xx_hal_rcc.o
                0x00000000080051e0                HAL_RCC_GetClockConfig
 .text.RCC_Delay
                0x0000000008005240       0x3c Drivers/STM32F1xx_HAL_Driver/Src/stm32f1xx_hal_rcc.o
 .text.HAL_RCCEx_PeriphCLKConfig
                0x000000000800527c      0x16c Drivers/STM32F1xx_HAL_Driver/Src/stm32f1xx_hal_rcc_ex.o
                0x000000000800527c                HAL_RCCEx_PeriphCLKConfig
 .text.HAL_TIM_Base_Init
                0x00000000080053e8       0x9e Drivers/STM32F1xx_HAL_Driver/Src/stm32f1xx_hal_tim.o
                0x00000000080053e8                HAL_TIM_Base_Init
 *fill*         0x0000000008005486        0x2 
 .text.HAL_TIM_Base_Start
                0x0000000008005488       0x94 Drivers/STM32F1xx_HAL_Driver/Src/stm32f1xx_hal_tim.o
                0x0000000008005488                HAL_TIM_Base_Start
 .text.HAL_TIM_Base_Start_IT
                0x000000000800551c       0xa4 Drivers/STM32F1xx_HAL_Driver/Src/stm32f1xx_hal_tim.o
                0x000000000800551c                HAL_TIM_Base_Start_IT
 .text.HAL_TIM_PWM_Init
                0x00000000080055c0       0x9e Drivers/STM32F1xx_HAL_Driver/Src/stm32f1xx_hal_tim.o
                0x00000000080055c0                HAL_TIM_PWM_Init
 .text.HAL_TIM_PWM_MspInit
                0x000000000800565e       0x12 Drivers/STM32F1xx_HAL_Driver/Src/stm32f1xx_hal_tim.o
                0x000000000800565e                HAL_TIM_PWM_MspInit
 .text.HAL_TIM_PWM_Start
                0x0000000008005670      0x144 Drivers/STM32F1xx_HAL_Driver/Src/stm32f1xx_hal_tim.o
                0x0000000008005670                HAL_TIM_PWM_Start
 .text.HAL_TIM_IRQHandler
                0x00000000080057b4      0x210 Drivers/STM32F1xx_HAL_Driver/Src/stm32f1xx_hal_tim.o
                0x00000000080057b4                HAL_TIM_IRQHandler
 .text.HAL_TIM_PWM_ConfigChannel
                0x00000000080059c4      0x17c Drivers/STM32F1xx_HAL_Driver/Src/stm32f1xx_hal_tim.o
                0x00000000080059c4                HAL_TIM_PWM_ConfigChannel
 .text.HAL_TIM_ConfigClockSource
                0x0000000008005b40      0x16e Drivers/STM32F1xx_HAL_Driver/Src/stm32f1xx_hal_tim.o
                0x0000000008005b40                HAL_TIM_ConfigClockSource
 .text.HAL_TIM_OC_DelayElapsedCallback
                0x0000000008005cae       0x12 Drivers/STM32F1xx_HAL_Driver/Src/stm32f1xx_hal_tim.o
                0x0000000008005cae                HAL_TIM_OC_DelayElapsedCallback
 .text.HAL_TIM_IC_CaptureCallback
                0x0000000008005cc0       0x12 Drivers/STM32F1xx_HAL_Driver/Src/stm32f1xx_hal_tim.o
                0x0000000008005cc0                HAL_TIM_IC_CaptureCallback
 .text.HAL_TIM_PWM_PulseFinishedCallback
                0x0000000008005cd2       0x12 Drivers/STM32F1xx_HAL_Driver/Src/stm32f1xx_hal_tim.o
                0x0000000008005cd2                HAL_TIM_PWM_PulseFinishedCallback
 .text.HAL_TIM_TriggerCallback
                0x0000000008005ce4       0x12 Drivers/STM32F1xx_HAL_Driver/Src/stm32f1xx_hal_tim.o
                0x0000000008005ce4                HAL_TIM_TriggerCallback
 *fill*         0x0000000008005cf6        0x2 
 .text.TIM_Base_SetConfig
                0x0000000008005cf8       0xc4 Drivers/STM32F1xx_HAL_Driver/Src/stm32f1xx_hal_tim.o
                0x0000000008005cf8                TIM_Base_SetConfig
 .text.TIM_OC1_SetConfig
                0x0000000008005dbc       0xcc Drivers/STM32F1xx_HAL_Driver/Src/stm32f1xx_hal_tim.o
 .text.TIM_OC2_SetConfig
                0x0000000008005e88       0xd4 Drivers/STM32F1xx_HAL_Driver/Src/stm32f1xx_hal_tim.o
                0x0000000008005e88                TIM_OC2_SetConfig
 .text.TIM_OC3_SetConfig
                0x0000000008005f5c       0xd4 Drivers/STM32F1xx_HAL_Driver/Src/stm32f1xx_hal_tim.o
 .text.TIM_OC4_SetConfig
                0x0000000008006030       0x9c Drivers/STM32F1xx_HAL_Driver/Src/stm32f1xx_hal_tim.o
 .text.TIM_TI1_ConfigInputStage
                0x00000000080060cc       0x5c Drivers/STM32F1xx_HAL_Driver/Src/stm32f1xx_hal_tim.o
 .text.TIM_TI2_ConfigInputStage
                0x0000000008006128       0x5e Drivers/STM32F1xx_HAL_Driver/Src/stm32f1xx_hal_tim.o
 .text.TIM_ITRx_SetConfig
                0x0000000008006186       0x34 Drivers/STM32F1xx_HAL_Driver/Src/stm32f1xx_hal_tim.o
 .text.TIM_ETR_SetConfig
                0x00000000080061ba       0x3e Drivers/STM32F1xx_HAL_Driver/Src/stm32f1xx_hal_tim.o
                0x00000000080061ba                TIM_ETR_SetConfig
 .text.TIM_CCxChannelCmd
                0x00000000080061f8       0x48 Drivers/STM32F1xx_HAL_Driver/Src/stm32f1xx_hal_tim.o
                0x00000000080061f8                TIM_CCxChannelCmd
 .text.HAL_TIMEx_MasterConfigSynchronization
                0x0000000008006240       0xbc Drivers/STM32F1xx_HAL_Driver/Src/stm32f1xx_hal_tim_ex.o
                0x0000000008006240                HAL_TIMEx_MasterConfigSynchronization
 .text.HAL_TIMEx_ConfigBreakDeadTime
                0x00000000080062fc       0xa2 Drivers/STM32F1xx_HAL_Driver/Src/stm32f1xx_hal_tim_ex.o
                0x00000000080062fc                HAL_TIMEx_ConfigBreakDeadTime
 .text.HAL_TIMEx_CommutCallback
                0x000000000800639e       0x12 Drivers/STM32F1xx_HAL_Driver/Src/stm32f1xx_hal_tim_ex.o
                0x000000000800639e                HAL_TIMEx_CommutCallback
 .text.HAL_TIMEx_BreakCallback
                0x00000000080063b0       0x12 Drivers/STM32F1xx_HAL_Driver/Src/stm32f1xx_hal_tim_ex.o
                0x00000000080063b0                HAL_TIMEx_BreakCallback
 .text.LL_GPIO_SetPinMode
                0x00000000080063c2       0x64 Drivers/STM32F1xx_HAL_Driver/Src/stm32f1xx_ll_gpio.o
 .text.LL_GPIO_SetPinSpeed
                0x0000000008006426       0x64 Drivers/STM32F1xx_HAL_Driver/Src/stm32f1xx_ll_gpio.o
 .text.LL_GPIO_SetPinOutputType
                0x000000000800648a       0x64 Drivers/STM32F1xx_HAL_Driver/Src/stm32f1xx_ll_gpio.o
 .text.LL_GPIO_SetPinPull
                0x00000000080064ee       0x44 Drivers/STM32F1xx_HAL_Driver/Src/stm32f1xx_ll_gpio.o
 .text.LL_GPIO_Init
                0x0000000008006532       0xc4 Drivers/STM32F1xx_HAL_Driver/Src/stm32f1xx_ll_gpio.o
                0x0000000008006532                LL_GPIO_Init
 *fill*         0x00000000080065f6        0x2 
 .text.LL_RCC_GetSysClkSource
                0x00000000080065f8       0x18 Drivers/STM32F1xx_HAL_Driver/Src/stm32f1xx_ll_rcc.o
 .text.LL_RCC_GetAHBPrescaler
                0x0000000008006610       0x18 Drivers/STM32F1xx_HAL_Driver/Src/stm32f1xx_ll_rcc.o
 .text.LL_RCC_GetAPB1Prescaler
                0x0000000008006628       0x18 Drivers/STM32F1xx_HAL_Driver/Src/stm32f1xx_ll_rcc.o
 .text.LL_RCC_GetAPB2Prescaler
                0x0000000008006640       0x18 Drivers/STM32F1xx_HAL_Driver/Src/stm32f1xx_ll_rcc.o
 .text.LL_RCC_PLL_GetMainSource
                0x0000000008006658       0x18 Drivers/STM32F1xx_HAL_Driver/Src/stm32f1xx_ll_rcc.o
 .text.LL_RCC_PLL_GetMultiplicator
                0x0000000008006670       0x18 Drivers/STM32F1xx_HAL_Driver/Src/stm32f1xx_ll_rcc.o
 .text.LL_RCC_PLL_GetPrediv
                0x0000000008006688       0x1c Drivers/STM32F1xx_HAL_Driver/Src/stm32f1xx_ll_rcc.o
 .text.LL_RCC_GetSystemClocksFreq
                0x00000000080066a4       0x4a Drivers/STM32F1xx_HAL_Driver/Src/stm32f1xx_ll_rcc.o
                0x00000000080066a4                LL_RCC_GetSystemClocksFreq
 *fill*         0x00000000080066ee        0x2 
 .text.RCC_GetSystemClockFreq
                0x00000000080066f0       0x44 Drivers/STM32F1xx_HAL_Driver/Src/stm32f1xx_ll_rcc.o
                0x00000000080066f0                RCC_GetSystemClockFreq
 .text.RCC_GetHCLKClockFreq
                0x0000000008006734       0x2c Drivers/STM32F1xx_HAL_Driver/Src/stm32f1xx_ll_rcc.o
                0x0000000008006734                RCC_GetHCLKClockFreq
 .text.RCC_GetPCLK1ClockFreq
                0x0000000008006760       0x28 Drivers/STM32F1xx_HAL_Driver/Src/stm32f1xx_ll_rcc.o
                0x0000000008006760                RCC_GetPCLK1ClockFreq
 .text.RCC_GetPCLK2ClockFreq
                0x0000000008006788       0x28 Drivers/STM32F1xx_HAL_Driver/Src/stm32f1xx_ll_rcc.o
                0x0000000008006788                RCC_GetPCLK2ClockFreq
 .text.RCC_PLL_GetFreqDomain_SYS
                0x00000000080067b0       0x60 Drivers/STM32F1xx_HAL_Driver/Src/stm32f1xx_ll_rcc.o
                0x00000000080067b0                RCC_PLL_GetFreqDomain_SYS
 .text.LL_USART_IsEnabled
                0x0000000008006810       0x26 Drivers/STM32F1xx_HAL_Driver/Src/stm32f1xx_ll_usart.o
 .text.LL_USART_SetStopBitsLength
                0x0000000008006836       0x24 Drivers/STM32F1xx_HAL_Driver/Src/stm32f1xx_ll_usart.o
 .text.LL_USART_SetHWFlowCtrl
                0x000000000800685a       0x24 Drivers/STM32F1xx_HAL_Driver/Src/stm32f1xx_ll_usart.o
 *fill*         0x000000000800687e        0x2 
 .text.LL_USART_SetBaudRate
                0x0000000008006880       0xbc Drivers/STM32F1xx_HAL_Driver/Src/stm32f1xx_ll_usart.o
 .text.LL_USART_Init
                0x000000000800693c       0xc0 Drivers/STM32F1xx_HAL_Driver/Src/stm32f1xx_ll_usart.o
                0x000000000800693c                LL_USART_Init
 .text.makeFreeRtosPriority
                0x00000000080069fc       0x2e Middlewares/Third_Party/FreeRTOS/Source/CMSIS_RTOS/cmsis_os.o
 .text.inHandlerMode
                0x0000000008006a2a       0x22 Middlewares/Third_Party/FreeRTOS/Source/CMSIS_RTOS/cmsis_os.o
 .text.osKernelStart
                0x0000000008006a4c        0xe Middlewares/Third_Party/FreeRTOS/Source/CMSIS_RTOS/cmsis_os.o
                0x0000000008006a4c                osKernelStart
 .text.osThreadCreate
                0x0000000008006a5a       0x98 Middlewares/Third_Party/FreeRTOS/Source/CMSIS_RTOS/cmsis_os.o
                0x0000000008006a5a                osThreadCreate
 .text.osDelay  0x0000000008006af2       0x28 Middlewares/Third_Party/FreeRTOS/Source/CMSIS_RTOS/cmsis_os.o
                0x0000000008006af2                osDelay
 *fill*         0x0000000008006b1a        0x2 
 .text.osTimerCreate
                0x0000000008006b1c       0x68 Middlewares/Third_Party/FreeRTOS/Source/CMSIS_RTOS/cmsis_os.o
                0x0000000008006b1c                osTimerCreate
 .text.osTimerStart
                0x0000000008006b84       0x8c Middlewares/Third_Party/FreeRTOS/Source/CMSIS_RTOS/cmsis_os.o
                0x0000000008006b84                osTimerStart
 .text.osSemaphoreCreate
                0x0000000008006c10       0x66 Middlewares/Third_Party/FreeRTOS/Source/CMSIS_RTOS/cmsis_os.o
                0x0000000008006c10                osSemaphoreCreate
 *fill*         0x0000000008006c76        0x2 
 .text.osSemaphoreWait
                0x0000000008006c78       0x9c Middlewares/Third_Party/FreeRTOS/Source/CMSIS_RTOS/cmsis_os.o
                0x0000000008006c78                osSemaphoreWait
 .text.osSemaphoreRelease
                0x0000000008006d14       0x6c Middlewares/Third_Party/FreeRTOS/Source/CMSIS_RTOS/cmsis_os.o
                0x0000000008006d14                osSemaphoreRelease
 .text.osMessageCreate
                0x0000000008006d80       0x52 Middlewares/Third_Party/FreeRTOS/Source/CMSIS_RTOS/cmsis_os.o
                0x0000000008006d80                osMessageCreate
 *fill*         0x0000000008006dd2        0x2 
 .text.osMessagePut
                0x0000000008006dd4       0x80 Middlewares/Third_Party/FreeRTOS/Source/CMSIS_RTOS/cmsis_os.o
                0x0000000008006dd4                osMessagePut
 .text.osMessageGet
                0x0000000008006e54       0xe8 Middlewares/Third_Party/FreeRTOS/Source/CMSIS_RTOS/cmsis_os.o
                0x0000000008006e54                osMessageGet
 .text.vListInitialise
                0x0000000008006f3c       0x3e Middlewares/Third_Party/FreeRTOS/Source/list.o
                0x0000000008006f3c                vListInitialise
 .text.vListInitialiseItem
                0x0000000008006f7a       0x18 Middlewares/Third_Party/FreeRTOS/Source/list.o
                0x0000000008006f7a                vListInitialiseItem
 .text.vListInsertEnd
                0x0000000008006f92       0x46 Middlewares/Third_Party/FreeRTOS/Source/list.o
                0x0000000008006f92                vListInsertEnd
 .text.vListInsert
                0x0000000008006fd8       0x70 Middlewares/Third_Party/FreeRTOS/Source/list.o
                0x0000000008006fd8                vListInsert
 .text.uxListRemove
                0x0000000008007048       0x52 Middlewares/Third_Party/FreeRTOS/Source/list.o
                0x0000000008007048                uxListRemove
 *fill*         0x000000000800709a        0x2 
 .text.xQueueGenericReset
                0x000000000800709c       0xd0 Middlewares/Third_Party/FreeRTOS/Source/queue.o
                0x000000000800709c                xQueueGenericReset
 .text.xQueueGenericCreateStatic
                0x000000000800716c       0xe4 Middlewares/Third_Party/FreeRTOS/Source/queue.o
                0x000000000800716c                xQueueGenericCreateStatic
 .text.xQueueGenericCreate
                0x0000000008007250       0x7a Middlewares/Third_Party/FreeRTOS/Source/queue.o
                0x0000000008007250                xQueueGenericCreate
 .text.prvInitialiseNewQueue
                0x00000000080072ca       0x3e Middlewares/Third_Party/FreeRTOS/Source/queue.o
 .text.xQueueGenericSend
                0x0000000008007308      0x1f4 Middlewares/Third_Party/FreeRTOS/Source/queue.o
                0x0000000008007308                xQueueGenericSend
 .text.xQueueGenericSendFromISR
                0x00000000080074fc      0x128 Middlewares/Third_Party/FreeRTOS/Source/queue.o
                0x00000000080074fc                xQueueGenericSendFromISR
 .text.xQueueGiveFromISR
                0x0000000008007624      0x112 Middlewares/Third_Party/FreeRTOS/Source/queue.o
                0x0000000008007624                xQueueGiveFromISR
 *fill*         0x0000000008007736        0x2 
 .text.xQueueReceive
                0x0000000008007738      0x1b8 Middlewares/Third_Party/FreeRTOS/Source/queue.o
                0x0000000008007738                xQueueReceive
 .text.xQueueSemaphoreTake
                0x00000000080078f0      0x210 Middlewares/Third_Party/FreeRTOS/Source/queue.o
                0x00000000080078f0                xQueueSemaphoreTake
 .text.xQueueReceiveFromISR
                0x0000000008007b00       0xfa Middlewares/Third_Party/FreeRTOS/Source/queue.o
                0x0000000008007b00                xQueueReceiveFromISR
 .text.prvGetDisinheritPriorityAfterTimeout
                0x0000000008007bfa       0x2e Middlewares/Third_Party/FreeRTOS/Source/queue.o
 .text.prvCopyDataToQueue
                0x0000000008007c28       0xd4 Middlewares/Third_Party/FreeRTOS/Source/queue.o
 .text.prvCopyDataFromQueue
                0x0000000008007cfc       0x4c Middlewares/Third_Party/FreeRTOS/Source/queue.o
 .text.prvUnlockQueue
                0x0000000008007d48       0xa4 Middlewares/Third_Party/FreeRTOS/Source/queue.o
 .text.prvIsQueueEmpty
                0x0000000008007dec       0x2c Middlewares/Third_Party/FreeRTOS/Source/queue.o
 .text.prvIsQueueFull
                0x0000000008007e18       0x30 Middlewares/Third_Party/FreeRTOS/Source/queue.o
 .text.vQueueAddToRegistry
                0x0000000008007e48       0x50 Middlewares/Third_Party/FreeRTOS/Source/queue.o
                0x0000000008007e48                vQueueAddToRegistry
 .text.vQueueWaitForMessageRestricted
                0x0000000008007e98       0x68 Middlewares/Third_Party/FreeRTOS/Source/queue.o
                0x0000000008007e98                vQueueWaitForMessageRestricted
 .text.xTaskCreateStatic
                0x0000000008007f00       0xb2 Middlewares/Third_Party/FreeRTOS/Source/tasks.o
                0x0000000008007f00                xTaskCreateStatic
 .text.xTaskCreate
                0x0000000008007fb2       0x8a Middlewares/Third_Party/FreeRTOS/Source/tasks.o
                0x0000000008007fb2                xTaskCreate
 .text.prvInitialiseNewTask
                0x000000000800803c       0xfc Middlewares/Third_Party/FreeRTOS/Source/tasks.o
 .text.prvAddNewTaskToReadyList
                0x0000000008008138       0xd4 Middlewares/Third_Party/FreeRTOS/Source/tasks.o
 .text.vTaskDelay
                0x000000000800820c       0x68 Middlewares/Third_Party/FreeRTOS/Source/tasks.o
                0x000000000800820c                vTaskDelay
 .text.vTaskStartScheduler
                0x0000000008008274       0xc8 Middlewares/Third_Party/FreeRTOS/Source/tasks.o
                0x0000000008008274                vTaskStartScheduler
 .text.vTaskSuspendAll
                0x000000000800833c       0x1c Middlewares/Third_Party/FreeRTOS/Source/tasks.o
                0x000000000800833c                vTaskSuspendAll
 .text.xTaskResumeAll
                0x0000000008008358      0x138 Middlewares/Third_Party/FreeRTOS/Source/tasks.o
                0x0000000008008358                xTaskResumeAll
 .text.xTaskGetTickCount
                0x0000000008008490       0x1c Middlewares/Third_Party/FreeRTOS/Source/tasks.o
                0x0000000008008490                xTaskGetTickCount
 .text.xTaskIncrementTick
                0x00000000080084ac      0x178 Middlewares/Third_Party/FreeRTOS/Source/tasks.o
                0x00000000080084ac                xTaskIncrementTick
 .text.vTaskSwitchContext
                0x0000000008008624       0xb4 Middlewares/Third_Party/FreeRTOS/Source/tasks.o
                0x0000000008008624                vTaskSwitchContext
 .text.vTaskPlaceOnEventList
                0x00000000080086d8       0x48 Middlewares/Third_Party/FreeRTOS/Source/tasks.o
                0x00000000080086d8                vTaskPlaceOnEventList
 .text.vTaskPlaceOnEventListRestricted
                0x0000000008008720       0x54 Middlewares/Third_Party/FreeRTOS/Source/tasks.o
                0x0000000008008720                vTaskPlaceOnEventListRestricted
 .text.xTaskRemoveFromEventList
                0x0000000008008774       0xc4 Middlewares/Third_Party/FreeRTOS/Source/tasks.o
                0x0000000008008774                xTaskRemoveFromEventList
 .text.vTaskInternalSetTimeOutState
                0x0000000008008838       0x2c Middlewares/Third_Party/FreeRTOS/Source/tasks.o
                0x0000000008008838                vTaskInternalSetTimeOutState
 .text.xTaskCheckForTimeOut
                0x0000000008008864       0xc0 Middlewares/Third_Party/FreeRTOS/Source/tasks.o
                0x0000000008008864                xTaskCheckForTimeOut
 .text.vTaskMissedYield
                0x0000000008008924       0x18 Middlewares/Third_Party/FreeRTOS/Source/tasks.o
                0x0000000008008924                vTaskMissedYield
 .text.prvIdleTask
                0x000000000800893c       0x30 Middlewares/Third_Party/FreeRTOS/Source/tasks.o
 .text.prvInitialiseTaskLists
                0x000000000800896c       0x80 Middlewares/Third_Party/FreeRTOS/Source/tasks.o
 .text.prvCheckTasksWaitingTermination
                0x00000000080089ec       0x58 Middlewares/Third_Party/FreeRTOS/Source/tasks.o
 .text.prvDeleteTCB
                0x0000000008008a44       0x5c Middlewares/Third_Party/FreeRTOS/Source/tasks.o
 .text.prvResetNextTaskUnblockTime
                0x0000000008008aa0       0x48 Middlewares/Third_Party/FreeRTOS/Source/tasks.o
 .text.xTaskGetSchedulerState
                0x0000000008008ae8       0x3c Middlewares/Third_Party/FreeRTOS/Source/tasks.o
                0x0000000008008ae8                xTaskGetSchedulerState
 .text.xTaskPriorityInherit
                0x0000000008008b24      0x10c Middlewares/Third_Party/FreeRTOS/Source/tasks.o
                0x0000000008008b24                xTaskPriorityInherit
 .text.xTaskPriorityDisinherit
                0x0000000008008c30      0x108 Middlewares/Third_Party/FreeRTOS/Source/tasks.o
                0x0000000008008c30                xTaskPriorityDisinherit
 .text.vTaskPriorityDisinheritAfterTimeout
                0x0000000008008d38      0x13c Middlewares/Third_Party/FreeRTOS/Source/tasks.o
                0x0000000008008d38                vTaskPriorityDisinheritAfterTimeout
 .text.pvTaskIncrementMutexHeldCount
                0x0000000008008e74       0x28 Middlewares/Third_Party/FreeRTOS/Source/tasks.o
                0x0000000008008e74                pvTaskIncrementMutexHeldCount
 .text.prvAddCurrentTaskToDelayedList
                0x0000000008008e9c       0xcc Middlewares/Third_Party/FreeRTOS/Source/tasks.o
 .text.xTimerCreateTimerTask
                0x0000000008008f68       0x90 Middlewares/Third_Party/FreeRTOS/Source/timers.o
                0x0000000008008f68                xTimerCreateTimerTask
 .text.xTimerCreate
                0x0000000008008ff8       0x42 Middlewares/Third_Party/FreeRTOS/Source/timers.o
                0x0000000008008ff8                xTimerCreate
 .text.xTimerCreateStatic
                0x000000000800903a       0x76 Middlewares/Third_Party/FreeRTOS/Source/timers.o
                0x000000000800903a                xTimerCreateStatic
 .text.prvInitialiseNewTimer
                0x00000000080090b0       0x62 Middlewares/Third_Party/FreeRTOS/Source/timers.o
 *fill*         0x0000000008009112        0x2 
 .text.xTimerGenericCommand
                0x0000000008009114       0x98 Middlewares/Third_Party/FreeRTOS/Source/timers.o
                0x0000000008009114                xTimerGenericCommand
 .text.prvProcessExpiredTimer
                0x00000000080091ac       0x80 Middlewares/Third_Party/FreeRTOS/Source/timers.o
 .text.prvTimerTask
                0x000000000800922c       0x24 Middlewares/Third_Party/FreeRTOS/Source/timers.o
 .text.prvProcessTimerOrBlockTask
                0x0000000008009250       0x9c Middlewares/Third_Party/FreeRTOS/Source/timers.o
 .text.prvGetNextExpireTime
                0x00000000080092ec       0x48 Middlewares/Third_Party/FreeRTOS/Source/timers.o
 .text.prvSampleTimeNow
                0x0000000008009334       0x40 Middlewares/Third_Party/FreeRTOS/Source/timers.o
 .text.prvInsertTimerInActiveList
                0x0000000008009374       0x84 Middlewares/Third_Party/FreeRTOS/Source/timers.o
 .text.prvProcessReceivedCommands
                0x00000000080093f8      0x12c Middlewares/Third_Party/FreeRTOS/Source/timers.o
 .text.prvSwitchTimerLists
                0x0000000008009524       0xc0 Middlewares/Third_Party/FreeRTOS/Source/timers.o
 .text.prvCheckForValidListAndQueue
                0x00000000080095e4       0x80 Middlewares/Third_Party/FreeRTOS/Source/timers.o
 .text.pxPortInitialiseStack
                0x0000000008009664       0x58 Middlewares/Third_Party/FreeRTOS/Source/portable/GCC/ARM_CM3/port.o
                0x0000000008009664                pxPortInitialiseStack
 .text.prvTaskExitError
                0x00000000080096bc       0x50 Middlewares/Third_Party/FreeRTOS/Source/portable/GCC/ARM_CM3/port.o
 *fill*         0x000000000800970c        0x4 
 .text.SVC_Handler
                0x0000000008009710       0x28 Middlewares/Third_Party/FreeRTOS/Source/portable/GCC/ARM_CM3/port.o
                0x0000000008009710                SVC_Handler
 .text.prvPortStartFirstTask
                0x0000000008009738       0x20 Middlewares/Third_Party/FreeRTOS/Source/portable/GCC/ARM_CM3/port.o
 .text.xPortStartScheduler
                0x0000000008009758       0xe0 Middlewares/Third_Party/FreeRTOS/Source/portable/GCC/ARM_CM3/port.o
                0x0000000008009758                xPortStartScheduler
 .text.vPortEnterCritical
                0x0000000008009838       0x5c Middlewares/Third_Party/FreeRTOS/Source/portable/GCC/ARM_CM3/port.o
                0x0000000008009838                vPortEnterCritical
 .text.vPortExitCritical
                0x0000000008009894       0x4c Middlewares/Third_Party/FreeRTOS/Source/portable/GCC/ARM_CM3/port.o
                0x0000000008009894                vPortExitCritical
 .text.PendSV_Handler
                0x00000000080098e0       0x48 Middlewares/Third_Party/FreeRTOS/Source/portable/GCC/ARM_CM3/port.o
                0x00000000080098e0                PendSV_Handler
 .text.SysTick_Handler
                0x0000000008009928       0x40 Middlewares/Third_Party/FreeRTOS/Source/portable/GCC/ARM_CM3/port.o
                0x0000000008009928                SysTick_Handler
 .text.vPortSetupTimerInterrupt
                0x0000000008009968       0x44 Middlewares/Third_Party/FreeRTOS/Source/portable/GCC/ARM_CM3/port.o
                0x0000000008009968                vPortSetupTimerInterrupt
 .text.vPortValidateInterruptPriority
                0x00000000080099ac       0x78 Middlewares/Third_Party/FreeRTOS/Source/portable/GCC/ARM_CM3/port.o
                0x00000000080099ac                vPortValidateInterruptPriority
 .text.pvPortMalloc
                0x0000000008009a24      0x184 Middlewares/Third_Party/FreeRTOS/Source/portable/MemMang/heap_4.o
                0x0000000008009a24                pvPortMalloc
 .text.vPortFree
                0x0000000008009ba8       0xb0 Middlewares/Third_Party/FreeRTOS/Source/portable/MemMang/heap_4.o
                0x0000000008009ba8                vPortFree
 .text.prvHeapInit
                0x0000000008009c58       0xc4 Middlewares/Third_Party/FreeRTOS/Source/portable/MemMang/heap_4.o
 .text.prvInsertBlockIntoFreeList
                0x0000000008009d1c       0xb0 Middlewares/Third_Party/FreeRTOS/Source/portable/MemMang/heap_4.o
 .text.atoi     0x0000000008009dcc        0x8 /opt/st/stm32cubeide_1.5.1/plugins/com.st.stm32cube.ide.mcu.externaltools.gnu-tools-for-stm32.7-2018-q2-update.linux64_1.5.0.202011040924/tools/bin/../lib/gcc/arm-none-eabi/7.3.1/../../../../arm-none-eabi/lib/thumb/v7-m/libc_nano.a(lib_a-atoi.o)
                0x0000000008009dcc                atoi
 .text.__errno  0x0000000008009dd4        0xc /opt/st/stm32cubeide_1.5.1/plugins/com.st.stm32cube.ide.mcu.externaltools.gnu-tools-for-stm32.7-2018-q2-update.linux64_1.5.0.202011040924/tools/bin/../lib/gcc/arm-none-eabi/7.3.1/../../../../arm-none-eabi/lib/thumb/v7-m/libc_nano.a(lib_a-errno.o)
                0x0000000008009dd4                __errno
 .text.__libc_init_array
                0x0000000008009de0       0x48 /opt/st/stm32cubeide_1.5.1/plugins/com.st.stm32cube.ide.mcu.externaltools.gnu-tools-for-stm32.7-2018-q2-update.linux64_1.5.0.202011040924/tools/bin/../lib/gcc/arm-none-eabi/7.3.1/../../../../arm-none-eabi/lib/thumb/v7-m/libc_nano.a(lib_a-init.o)
                0x0000000008009de0                __libc_init_array
 .text.memcpy   0x0000000008009e28       0x16 /opt/st/stm32cubeide_1.5.1/plugins/com.st.stm32cube.ide.mcu.externaltools.gnu-tools-for-stm32.7-2018-q2-update.linux64_1.5.0.202011040924/tools/bin/../lib/gcc/arm-none-eabi/7.3.1/../../../../arm-none-eabi/lib/thumb/v7-m/libc_nano.a(lib_a-memcpy-stub.o)
                0x0000000008009e28                memcpy
 .text.memset   0x0000000008009e3e       0x10 /opt/st/stm32cubeide_1.5.1/plugins/com.st.stm32cube.ide.mcu.externaltools.gnu-tools-for-stm32.7-2018-q2-update.linux64_1.5.0.202011040924/tools/bin/../lib/gcc/arm-none-eabi/7.3.1/../../../../arm-none-eabi/lib/thumb/v7-m/libc_nano.a(lib_a-memset.o)
                0x0000000008009e3e                memset
 *fill*         0x0000000008009e4e        0x2 
 .text.sprintf  0x0000000008009e50       0x40 /opt/st/stm32cubeide_1.5.1/plugins/com.st.stm32cube.ide.mcu.externaltools.gnu-tools-for-stm32.7-2018-q2-update.linux64_1.5.0.202011040924/tools/bin/../lib/gcc/arm-none-eabi/7.3.1/../../../../arm-none-eabi/lib/thumb/v7-m/libc_nano.a(lib_a-sprintf.o)
                0x0000000008009e50                sprintf
                0x0000000008009e50                siprintf
 .text._strtol_l.isra.0
                0x0000000008009e90       0xf6 /opt/st/stm32cubeide_1.5.1/plugins/com.st.stm32cube.ide.mcu.externaltools.gnu-tools-for-stm32.7-2018-q2-update.linux64_1.5.0.202011040924/tools/bin/../lib/gcc/arm-none-eabi/7.3.1/../../../../arm-none-eabi/lib/thumb/v7-m/libc_nano.a(lib_a-strtol.o)
 *fill*         0x0000000008009f86        0x2 
 .text.strtol   0x0000000008009f88       0x2c /opt/st/stm32cubeide_1.5.1/plugins/com.st.stm32cube.ide.mcu.externaltools.gnu-tools-for-stm32.7-2018-q2-update.linux64_1.5.0.202011040924/tools/bin/../lib/gcc/arm-none-eabi/7.3.1/../../../../arm-none-eabi/lib/thumb/v7-m/libc_nano.a(lib_a-strtol.o)
                0x0000000008009f88                strtol
 .text.__locale_ctype_ptr_l
                0x0000000008009fb4        0x6 /opt/st/stm32cubeide_1.5.1/plugins/com.st.stm32cube.ide.mcu.externaltools.gnu-tools-for-stm32.7-2018-q2-update.linux64_1.5.0.202011040924/tools/bin/../lib/gcc/arm-none-eabi/7.3.1/../../../../arm-none-eabi/lib/thumb/v7-m/libc_nano.a(lib_a-locale.o)
                0x0000000008009fb4                __locale_ctype_ptr_l
 .text.__ascii_mbtowc
                0x0000000008009fba       0x24 /opt/st/stm32cubeide_1.5.1/plugins/com.st.stm32cube.ide.mcu.externaltools.gnu-tools-for-stm32.7-2018-q2-update.linux64_1.5.0.202011040924/tools/bin/../lib/gcc/arm-none-eabi/7.3.1/../../../../arm-none-eabi/lib/thumb/v7-m/libc_nano.a(lib_a-mbtowc_r.o)
                0x0000000008009fba                __ascii_mbtowc
 .text.__ssputs_r
                0x0000000008009fde       0xb4 /opt/st/stm32cubeide_1.5.1/plugins/com.st.stm32cube.ide.mcu.externaltools.gnu-tools-for-stm32.7-2018-q2-update.linux64_1.5.0.202011040924/tools/bin/../lib/gcc/arm-none-eabi/7.3.1/../../../../arm-none-eabi/lib/thumb/v7-m/libc_nano.a(lib_a-nano-svfprintf.o)
                0x0000000008009fde                __ssputs_r
 *fill*         0x000000000800a092        0x2 
 .text._svfprintf_r
                0x000000000800a094      0x1f0 /opt/st/stm32cubeide_1.5.1/plugins/com.st.stm32cube.ide.mcu.externaltools.gnu-tools-for-stm32.7-2018-q2-update.linux64_1.5.0.202011040924/tools/bin/../lib/gcc/arm-none-eabi/7.3.1/../../../../arm-none-eabi/lib/thumb/v7-m/libc_nano.a(lib_a-nano-svfprintf.o)
                0x000000000800a094                _svfprintf_r
                0x000000000800a094                _svfiprintf_r
 .text._printf_common
                0x000000000800a284       0xec /opt/st/stm32cubeide_1.5.1/plugins/com.st.stm32cube.ide.mcu.externaltools.gnu-tools-for-stm32.7-2018-q2-update.linux64_1.5.0.202011040924/tools/bin/../lib/gcc/arm-none-eabi/7.3.1/../../../../arm-none-eabi/lib/thumb/v7-m/libc_nano.a(lib_a-nano-vfprintf_i.o)
                0x000000000800a284                _printf_common
 .text._printf_i
                0x000000000800a370      0x224 /opt/st/stm32cubeide_1.5.1/plugins/com.st.stm32cube.ide.mcu.externaltools.gnu-tools-for-stm32.7-2018-q2-update.linux64_1.5.0.202011040924/tools/bin/../lib/gcc/arm-none-eabi/7.3.1/../../../../arm-none-eabi/lib/thumb/v7-m/libc_nano.a(lib_a-nano-vfprintf_i.o)
                0x000000000800a370                _printf_i
 .text.__ascii_wctomb
                0x000000000800a594       0x1a /opt/st/stm32cubeide_1.5.1/plugins/com.st.stm32cube.ide.mcu.externaltools.gnu-tools-for-stm32.7-2018-q2-update.linux64_1.5.0.202011040924/tools/bin/../lib/gcc/arm-none-eabi/7.3.1/../../../../arm-none-eabi/lib/thumb/v7-m/libc_nano.a(lib_a-wctomb_r.o)
                0x000000000800a594                __ascii_wctomb
 .text.memchr   0x000000000800a5ae       0x1c /opt/st/stm32cubeide_1.5.1/plugins/com.st.stm32cube.ide.mcu.externaltools.gnu-tools-for-stm32.7-2018-q2-update.linux64_1.5.0.202011040924/tools/bin/../lib/gcc/arm-none-eabi/7.3.1/../../../../arm-none-eabi/lib/thumb/v7-m/libc_nano.a(lib_a-memchr-stub.o)
                0x000000000800a5ae                memchr
 .text.memmove  0x000000000800a5ca       0x32 /opt/st/stm32cubeide_1.5.1/plugins/com.st.stm32cube.ide.mcu.externaltools.gnu-tools-for-stm32.7-2018-q2-update.linux64_1.5.0.202011040924/tools/bin/../lib/gcc/arm-none-eabi/7.3.1/../../../../arm-none-eabi/lib/thumb/v7-m/libc_nano.a(lib_a-memmove.o)
                0x000000000800a5ca                memmove
 .text._free_r  0x000000000800a5fc       0x98 /opt/st/stm32cubeide_1.5.1/plugins/com.st.stm32cube.ide.mcu.externaltools.gnu-tools-for-stm32.7-2018-q2-update.linux64_1.5.0.202011040924/tools/bin/../lib/gcc/arm-none-eabi/7.3.1/../../../../arm-none-eabi/lib/thumb/v7-m/libc_nano.a(lib_a-nano-freer.o)
                0x000000000800a5fc                _free_r
 .text._malloc_r
                0x000000000800a694       0xb4 /opt/st/stm32cubeide_1.5.1/plugins/com.st.stm32cube.ide.mcu.externaltools.gnu-tools-for-stm32.7-2018-q2-update.linux64_1.5.0.202011040924/tools/bin/../lib/gcc/arm-none-eabi/7.3.1/../../../../arm-none-eabi/lib/thumb/v7-m/libc_nano.a(lib_a-nano-mallocr.o)
                0x000000000800a694                _malloc_r
 .text._realloc_r
                0x000000000800a748       0x4c /opt/st/stm32cubeide_1.5.1/plugins/com.st.stm32cube.ide.mcu.externaltools.gnu-tools-for-stm32.7-2018-q2-update.linux64_1.5.0.202011040924/tools/bin/../lib/gcc/arm-none-eabi/7.3.1/../../../../arm-none-eabi/lib/thumb/v7-m/libc_nano.a(lib_a-nano-reallocr.o)
                0x000000000800a748                _realloc_r
 .text._sbrk_r  0x000000000800a794       0x20 /opt/st/stm32cubeide_1.5.1/plugins/com.st.stm32cube.ide.mcu.externaltools.gnu-tools-for-stm32.7-2018-q2-update.linux64_1.5.0.202011040924/tools/bin/../lib/gcc/arm-none-eabi/7.3.1/../../../../arm-none-eabi/lib/thumb/v7-m/libc_nano.a(lib_a-sbrkr.o)
                0x000000000800a794                _sbrk_r
 .text.__malloc_lock
                0x000000000800a7b4        0x2 /opt/st/stm32cubeide_1.5.1/plugins/com.st.stm32cube.ide.mcu.externaltools.gnu-tools-for-stm32.7-2018-q2-update.linux64_1.5.0.202011040924/tools/bin/../lib/gcc/arm-none-eabi/7.3.1/../../../../arm-none-eabi/lib/thumb/v7-m/libc_nano.a(lib_a-mlock.o)
                0x000000000800a7b4                __malloc_lock
 .text.__malloc_unlock
                0x000000000800a7b6        0x2 /opt/st/stm32cubeide_1.5.1/plugins/com.st.stm32cube.ide.mcu.externaltools.gnu-tools-for-stm32.7-2018-q2-update.linux64_1.5.0.202011040924/tools/bin/../lib/gcc/arm-none-eabi/7.3.1/../../../../arm-none-eabi/lib/thumb/v7-m/libc_nano.a(lib_a-mlock.o)
                0x000000000800a7b6                __malloc_unlock
 .text._malloc_usable_size_r
                0x000000000800a7b8       0x10 /opt/st/stm32cubeide_1.5.1/plugins/com.st.stm32cube.ide.mcu.externaltools.gnu-tools-for-stm32.7-2018-q2-update.linux64_1.5.0.202011040924/tools/bin/../lib/gcc/arm-none-eabi/7.3.1/../../../../arm-none-eabi/lib/thumb/v7-m/libc_nano.a(lib_a-nano-msizer.o)
                0x000000000800a7b8                _malloc_usable_size_r
 *(.glue_7)
 .glue_7        0x000000000800a7c8        0x0 linker stubs
 *(.glue_7t)
 .glue_7t       0x000000000800a7c8        0x0 linker stubs
 *(.eh_frame)
 .eh_frame      0x000000000800a7c8        0x0 /opt/st/stm32cubeide_1.5.1/plugins/com.st.stm32cube.ide.mcu.externaltools.gnu-tools-for-stm32.7-2018-q2-update.linux64_1.5.0.202011040924/tools/bin/../lib/gcc/arm-none-eabi/7.3.1/thumb/v7-m/crtbegin.o
 *(.init)
 .init          0x000000000800a7c8        0x4 /opt/st/stm32cubeide_1.5.1/plugins/com.st.stm32cube.ide.mcu.externaltools.gnu-tools-for-stm32.7-2018-q2-update.linux64_1.5.0.202011040924/tools/bin/../lib/gcc/arm-none-eabi/7.3.1/thumb/v7-m/crti.o
                0x000000000800a7c8                _init
 .init          0x000000000800a7cc        0x8 /opt/st/stm32cubeide_1.5.1/plugins/com.st.stm32cube.ide.mcu.externaltools.gnu-tools-for-stm32.7-2018-q2-update.linux64_1.5.0.202011040924/tools/bin/../lib/gcc/arm-none-eabi/7.3.1/thumb/v7-m/crtn.o
 *(.fini)
 .fini          0x000000000800a7d4        0x4 /opt/st/stm32cubeide_1.5.1/plugins/com.st.stm32cube.ide.mcu.externaltools.gnu-tools-for-stm32.7-2018-q2-update.linux64_1.5.0.202011040924/tools/bin/../lib/gcc/arm-none-eabi/7.3.1/thumb/v7-m/crti.o
                0x000000000800a7d4                _fini
 .fini          0x000000000800a7d8        0x8 /opt/st/stm32cubeide_1.5.1/plugins/com.st.stm32cube.ide.mcu.externaltools.gnu-tools-for-stm32.7-2018-q2-update.linux64_1.5.0.202011040924/tools/bin/../lib/gcc/arm-none-eabi/7.3.1/thumb/v7-m/crtn.o
                0x000000000800a7e0                . = ALIGN (0x4)
                0x000000000800a7e0                _etext = .

.vfp11_veneer   0x000000000800a7e0        0x0
 .vfp11_veneer  0x000000000800a7e0        0x0 linker stubs

.v4_bx          0x000000000800a7e0        0x0
 .v4_bx         0x000000000800a7e0        0x0 linker stubs

.iplt           0x000000000800a7e0        0x0
 .iplt          0x000000000800a7e0        0x0 /opt/st/stm32cubeide_1.5.1/plugins/com.st.stm32cube.ide.mcu.externaltools.gnu-tools-for-stm32.7-2018-q2-update.linux64_1.5.0.202011040924/tools/bin/../lib/gcc/arm-none-eabi/7.3.1/thumb/v7-m/crtbegin.o

.rodata         0x000000000800a7e0      0x258
                0x000000000800a7e0                . = ALIGN (0x4)
 *(.rodata)
 .rodata        0x000000000800a7e0       0xbf Core/Src/main.o
 *fill*         0x000000000800a89f        0x1 
 .rodata        0x000000000800a8a0       0x12 Drivers/STM32F1xx_HAL_Driver/Src/stm32f1xx_hal_rcc.o
 *fill*         0x000000000800a8b2        0x2 
 .rodata        0x000000000800a8b4        0x1 Middlewares/Third_Party/FreeRTOS/Source/CMSIS_RTOS/cmsis_os.o
 *fill*         0x000000000800a8b5        0x3 
 .rodata        0x000000000800a8b8        0x5 Middlewares/Third_Party/FreeRTOS/Source/tasks.o
 *fill*         0x000000000800a8bd        0x3 
 .rodata        0x000000000800a8c0        0xd Middlewares/Third_Party/FreeRTOS/Source/timers.o
 *(.rodata*)
 *fill*         0x000000000800a8cd        0x3 
 .rodata.AHBPrescTable
                0x000000000800a8d0       0x10 Core/Src/system_stm32f1xx.o
                0x000000000800a8d0                AHBPrescTable
 .rodata.APBPrescTable
                0x000000000800a8e0        0x8 Core/Src/system_stm32f1xx.o
                0x000000000800a8e0                APBPrescTable
 .rodata.ws2812_channel_gpio_map
                0x000000000800a8e8       0x10 Core/Src/ws2812_led.o
 .rodata._setlocale_r.str1.1
                0x000000000800a8f8        0x8 /opt/st/stm32cubeide_1.5.1/plugins/com.st.stm32cube.ide.mcu.externaltools.gnu-tools-for-stm32.7-2018-q2-update.linux64_1.5.0.202011040924/tools/bin/../lib/gcc/arm-none-eabi/7.3.1/../../../../arm-none-eabi/lib/thumb/v7-m/libc_nano.a(lib_a-locale.o)
                                          0x9 (size before relaxing)
 .rodata.str1.1
                0x000000000800a900        0x2 /opt/st/stm32cubeide_1.5.1/plugins/com.st.stm32cube.ide.mcu.externaltools.gnu-tools-for-stm32.7-2018-q2-update.linux64_1.5.0.202011040924/tools/bin/../lib/gcc/arm-none-eabi/7.3.1/../../../../arm-none-eabi/lib/thumb/v7-m/libc_nano.a(lib_a-locale.o)
 .rodata._svfprintf_r.str1.1
                0x000000000800a902       0x11 /opt/st/stm32cubeide_1.5.1/plugins/com.st.stm32cube.ide.mcu.externaltools.gnu-tools-for-stm32.7-2018-q2-update.linux64_1.5.0.202011040924/tools/bin/../lib/gcc/arm-none-eabi/7.3.1/../../../../arm-none-eabi/lib/thumb/v7-m/libc_nano.a(lib_a-nano-svfprintf.o)
 .rodata._printf_i.str1.1
                0x000000000800a913       0x22 /opt/st/stm32cubeide_1.5.1/plugins/com.st.stm32cube.ide.mcu.externaltools.gnu-tools-for-stm32.7-2018-q2-update.linux64_1.5.0.202011040924/tools/bin/../lib/gcc/arm-none-eabi/7.3.1/../../../../arm-none-eabi/lib/thumb/v7-m/libc_nano.a(lib_a-nano-vfprintf_i.o)
 .rodata._ctype_
                0x000000000800a935      0x101 /opt/st/stm32cubeide_1.5.1/plugins/com.st.stm32cube.ide.mcu.externaltools.gnu-tools-for-stm32.7-2018-q2-update.linux64_1.5.0.202011040924/tools/bin/../lib/gcc/arm-none-eabi/7.3.1/../../../../arm-none-eabi/lib/thumb/v7-m/libc_nano.a(lib_a-ctype_.o)
                0x000000000800a935                _ctype_
                0x000000000800aa38                . = ALIGN (0x4)
 *fill*         0x000000000800aa36        0x2 

.rel.dyn        0x000000000800aa38        0x0
 .rel.iplt      0x000000000800aa38        0x0 /opt/st/stm32cubeide_1.5.1/plugins/com.st.stm32cube.ide.mcu.externaltools.gnu-tools-for-stm32.7-2018-q2-update.linux64_1.5.0.202011040924/tools/bin/../lib/gcc/arm-none-eabi/7.3.1/thumb/v7-m/crtbegin.o

.ARM.extab      0x000000000800aa38        0x0
                0x000000000800aa38                . = ALIGN (0x4)
 *(.ARM.extab* .gnu.linkonce.armextab.*)
                0x000000000800aa38                . = ALIGN (0x4)

.ARM            0x000000000800aa38        0x0
                0x000000000800aa38                . = ALIGN (0x4)
                0x000000000800aa38                __exidx_start = .
 *(.ARM.exidx*)
                0x000000000800aa38                __exidx_end = .
                0x000000000800aa38                . = ALIGN (0x4)

.preinit_array  0x000000000800aa38        0x0
                0x000000000800aa38                . = ALIGN (0x4)
                0x000000000800aa38                PROVIDE (__preinit_array_start = .)
 *(.preinit_array*)
                0x000000000800aa38                PROVIDE (__preinit_array_end = .)
                0x000000000800aa38                . = ALIGN (0x4)

.init_array     0x000000000800aa38        0x4
                0x000000000800aa38                . = ALIGN (0x4)
                0x000000000800aa38                PROVIDE (__init_array_start = .)
 *(SORT_BY_NAME(.init_array.*))
 *(.init_array*)
 .init_array    0x000000000800aa38        0x4 /opt/st/stm32cubeide_1.5.1/plugins/com.st.stm32cube.ide.mcu.externaltools.gnu-tools-for-stm32.7-2018-q2-update.linux64_1.5.0.202011040924/tools/bin/../lib/gcc/arm-none-eabi/7.3.1/thumb/v7-m/crtbegin.o
                0x000000000800aa3c                PROVIDE (__init_array_end = .)
                0x000000000800aa3c                . = ALIGN (0x4)

.fini_array     0x000000000800aa3c        0x4
                0x000000000800aa3c                . = ALIGN (0x4)
                [!provide]                        PROVIDE (__fini_array_start = .)
 *(SORT_BY_NAME(.fini_array.*))
 *(.fini_array*)
 .fini_array    0x000000000800aa3c        0x4 /opt/st/stm32cubeide_1.5.1/plugins/com.st.stm32cube.ide.mcu.externaltools.gnu-tools-for-stm32.7-2018-q2-update.linux64_1.5.0.202011040924/tools/bin/../lib/gcc/arm-none-eabi/7.3.1/thumb/v7-m/crtbegin.o
                [!provide]                        PROVIDE (__fini_array_end = .)
                0x000000000800aa40                . = ALIGN (0x4)
                0x000000000800aa40                _sidata = LOADADDR (.data)

.data           0x0000000020000000      0x270 load address 0x000000000800aa40
                0x0000000020000000                . = ALIGN (0x4)
                0x0000000020000000                _sdata = .
 *(.data)
 *(.data*)
 .data.LFMaxPos
                0x0000000020000000        0x4 Core/Src/main.o
                0x0000000020000000                LFMaxPos
 .data.LFMinPos
                0x0000000020000004        0x4 Core/Src/main.o
                0x0000000020000004                LFMinPos
 .data.RFMaxPos
                0x0000000020000008        0x4 Core/Src/main.o
                0x0000000020000008                RFMaxPos
 .data.RFMinPos
                0x000000002000000c        0x4 Core/Src/main.o
                0x000000002000000c                RFMinPos
 .data.M1MinPos
                0x0000000020000010        0x4 Core/Src/main.o
                0x0000000020000010                M1MinPos
 .data.M1MaxPos
                0x0000000020000014        0x4 Core/Src/main.o
                0x0000000020000014                M1MaxPos
 .data.M2MinPos
                0x0000000020000018        0x4 Core/Src/main.o
                0x0000000020000018                M2MinPos
 .data.M2MaxPos
                0x000000002000001c        0x4 Core/Src/main.o
                0x000000002000001c                M2MaxPos
 .data.gripperGapDelta
                0x0000000020000020        0x4 Core/Src/main.o
                0x0000000020000020                gripperGapDelta
 *fill*         0x0000000020000024        0x4 
 .data.g_Kp     0x0000000020000028        0x8 Core/Src/main.o
                0x0000000020000028                g_Kp
 .data.g_Kd     0x0000000020000030        0x8 Core/Src/main.o
                0x0000000020000030                g_Kd
 .data.g_Ki     0x0000000020000038        0x8 Core/Src/main.o
                0x0000000020000038                g_Ki
 .data.gmin     0x0000000020000040        0x4 Core/Src/main.o
                0x0000000020000040                gmin
 .data.gmax     0x0000000020000044        0x4 Core/Src/main.o
                0x0000000020000044                gmax
 .data.lPosDelta
                0x0000000020000048        0x4 Core/Src/main.o
                0x0000000020000048                lPosDelta
 .data.rPosDelta
                0x000000002000004c        0x4 Core/Src/main.o
                0x000000002000004c                rPosDelta
 .data.pid_time_period
                0x0000000020000050        0x1 Core/Src/main.o
                0x0000000020000050                pid_time_period
 *fill*         0x0000000020000051        0x7 
 .data.l_Kp     0x0000000020000058        0x8 Core/Src/main.o
                0x0000000020000058                l_Kp
 .data.l_Kd     0x0000000020000060        0x8 Core/Src/main.o
                0x0000000020000060                l_Kd
 .data.l_Ki     0x0000000020000068        0x8 Core/Src/main.o
                0x0000000020000068                l_Ki
 .data.r_Kp     0x0000000020000070        0x8 Core/Src/main.o
                0x0000000020000070                r_Kp
 .data.r_Kd     0x0000000020000078        0x8 Core/Src/main.o
                0x0000000020000078                r_Kd
 .data.r_Ki     0x0000000020000080        0x8 Core/Src/main.o
                0x0000000020000080                r_Ki
 .data.gTimeOut
                0x0000000020000088        0x4 Core/Src/main.o
                0x0000000020000088                gTimeOut
 .data.num_irsensors
                0x000000002000008c        0x4 Core/Src/main.o
                0x000000002000008c                num_irsensors
 .data.SystemCoreClock
                0x0000000020000090        0x4 Core/Src/system_stm32f1xx.o
                0x0000000020000090                SystemCoreClock
 .data.uwTickPrio
                0x0000000020000094        0x4 Drivers/STM32F1xx_HAL_Driver/Src/stm32f1xx_hal.o
                0x0000000020000094                uwTickPrio
 .data.uwTickFreq
                0x0000000020000098        0x1 Drivers/STM32F1xx_HAL_Driver/Src/stm32f1xx_hal.o
                0x0000000020000098                uwTickFreq
 *fill*         0x0000000020000099        0x3 
 .data.uxCriticalNesting
                0x000000002000009c        0x4 Middlewares/Third_Party/FreeRTOS/Source/portable/GCC/ARM_CM3/port.o
 .data._impure_ptr
                0x00000000200000a0        0x4 /opt/st/stm32cubeide_1.5.1/plugins/com.st.stm32cube.ide.mcu.externaltools.gnu-tools-for-stm32.7-2018-q2-update.linux64_1.5.0.202011040924/tools/bin/../lib/gcc/arm-none-eabi/7.3.1/../../../../arm-none-eabi/lib/thumb/v7-m/libc_nano.a(lib_a-impure.o)
                0x00000000200000a0                _impure_ptr
 .data.impure_data
                0x00000000200000a4       0x60 /opt/st/stm32cubeide_1.5.1/plugins/com.st.stm32cube.ide.mcu.externaltools.gnu-tools-for-stm32.7-2018-q2-update.linux64_1.5.0.202011040924/tools/bin/../lib/gcc/arm-none-eabi/7.3.1/../../../../arm-none-eabi/lib/thumb/v7-m/libc_nano.a(lib_a-impure.o)
 .data.__global_locale
                0x0000000020000104      0x16c /opt/st/stm32cubeide_1.5.1/plugins/com.st.stm32cube.ide.mcu.externaltools.gnu-tools-for-stm32.7-2018-q2-update.linux64_1.5.0.202011040924/tools/bin/../lib/gcc/arm-none-eabi/7.3.1/../../../../arm-none-eabi/lib/thumb/v7-m/libc_nano.a(lib_a-locale.o)
                0x0000000020000104                __global_locale
                0x0000000020000270                . = ALIGN (0x4)
                0x0000000020000270                _edata = .

.igot.plt       0x0000000020000270        0x0 load address 0x000000000800acb0
 .igot.plt      0x0000000020000270        0x0 /opt/st/stm32cubeide_1.5.1/plugins/com.st.stm32cube.ide.mcu.externaltools.gnu-tools-for-stm32.7-2018-q2-update.linux64_1.5.0.202011040924/tools/bin/../lib/gcc/arm-none-eabi/7.3.1/thumb/v7-m/crtbegin.o
                0x0000000020000270                . = ALIGN (0x4)

.bss            0x0000000020000270     0x1b90 load address 0x000000000800acb0
                0x0000000020000270                _sbss = .
                0x0000000020000270                __bss_start__ = _sbss
 *(.bss)
 .bss           0x0000000020000270       0x1c /opt/st/stm32cubeide_1.5.1/plugins/com.st.stm32cube.ide.mcu.externaltools.gnu-tools-for-stm32.7-2018-q2-update.linux64_1.5.0.202011040924/tools/bin/../lib/gcc/arm-none-eabi/7.3.1/thumb/v7-m/crtbegin.o
 *(.bss*)
 .bss.xIdleTaskTCBBuffer
                0x000000002000028c       0x54 Core/Src/freertos.o
 .bss.xIdleStack
                0x00000000200002e0      0x200 Core/Src/freertos.o
 .bss.xTimerTaskTCBBuffer
                0x00000000200004e0       0x54 Core/Src/freertos.o
 .bss.xTimerStack
                0x0000000020000534      0x400 Core/Src/freertos.o
 .bss.uartTXBufferIndex
                0x0000000020000934        0x2 Core/Src/main.o
                0x0000000020000934                uartTXBufferIndex
 .bss.uartTXBufferLength
                0x0000000020000936        0x2 Core/Src/main.o
                0x0000000020000936                uartTXBufferLength
 .bss.lrw       0x0000000020000938        0x4 Core/Src/main.o
                0x0000000020000938                lrw
 .bss.lfw       0x000000002000093c        0x4 Core/Src/main.o
                0x000000002000093c                lfw
 .bss.rfw       0x0000000020000940        0x4 Core/Src/main.o
                0x0000000020000940                rfw
 .bss.rrw       0x0000000020000944        0x4 Core/Src/main.o
                0x0000000020000944                rrw
 .bss.mgo       0x0000000020000948        0x4 Core/Src/main.o
                0x0000000020000948                mgo
 .bss.mgc       0x000000002000094c        0x4 Core/Src/main.o
                0x000000002000094c                mgc
 .bss.lPid      0x0000000020000950        0x4 Core/Src/main.o
                0x0000000020000950                lPid
 .bss.rPid      0x0000000020000954        0x4 Core/Src/main.o
                0x0000000020000954                rPid
 .bss.gPid      0x0000000020000958        0x4 Core/Src/main.o
                0x0000000020000958                gPid
 .bss.gripperGapcmd
                0x000000002000095c        0x4 Core/Src/main.o
                0x000000002000095c                gripperGapcmd
 .bss.g_error_prev
                0x0000000020000960        0x8 Core/Src/main.o
                0x0000000020000960                g_error_prev
 .bss.g_error_integral
                0x0000000020000968        0x8 Core/Src/main.o
                0x0000000020000968                g_error_integral
 .bss.lPosDesired
                0x0000000020000970        0x4 Core/Src/main.o
                0x0000000020000970                lPosDesired
 .bss.rPosDesired
                0x0000000020000974        0x4 Core/Src/main.o
                0x0000000020000974                rPosDesired
 .bss.l_error_prev
                0x0000000020000978        0x8 Core/Src/main.o
                0x0000000020000978                l_error_prev
 .bss.l_error_integral
                0x0000000020000980        0x8 Core/Src/main.o
                0x0000000020000980                l_error_integral
 .bss.r_error_prev
                0x0000000020000988        0x8 Core/Src/main.o
                0x0000000020000988                r_error_prev
 .bss.r_error_integral
                0x0000000020000990        0x8 Core/Src/main.o
                0x0000000020000990                r_error_integral
 .bss.gForceThres
                0x0000000020000998        0x4 Core/Src/main.o
                0x0000000020000998                gForceThres
 .bss.startTick
                0x000000002000099c        0x4 Core/Src/main.o
                0x000000002000099c                startTick
 .bss.__sbrk_heap_end
                0x00000000200009a0        0x4 Core/Src/sysmem.o
 .bss.ws2812_gpio_set_bits
                0x00000000200009a4        0x2 Core/Src/ws2812_led.o
 *fill*         0x00000000200009a6        0x2 
 .bss.dma_buffer
                0x00000000200009a8       0x20 Core/Src/ws2812_led.o
 .bss.pxCurrentTCB
                0x00000000200009c8        0x4 Middlewares/Third_Party/FreeRTOS/Source/tasks.o
                0x00000000200009c8                pxCurrentTCB
 .bss.pxReadyTasksLists
                0x00000000200009cc       0x8c Middlewares/Third_Party/FreeRTOS/Source/tasks.o
 .bss.xDelayedTaskList1
                0x0000000020000a58       0x14 Middlewares/Third_Party/FreeRTOS/Source/tasks.o
 .bss.xDelayedTaskList2
                0x0000000020000a6c       0x14 Middlewares/Third_Party/FreeRTOS/Source/tasks.o
 .bss.pxDelayedTaskList
                0x0000000020000a80        0x4 Middlewares/Third_Party/FreeRTOS/Source/tasks.o
 .bss.pxOverflowDelayedTaskList
                0x0000000020000a84        0x4 Middlewares/Third_Party/FreeRTOS/Source/tasks.o
 .bss.xPendingReadyList
                0x0000000020000a88       0x14 Middlewares/Third_Party/FreeRTOS/Source/tasks.o
 .bss.xTasksWaitingTermination
                0x0000000020000a9c       0x14 Middlewares/Third_Party/FreeRTOS/Source/tasks.o
 .bss.uxDeletedTasksWaitingCleanUp
                0x0000000020000ab0        0x4 Middlewares/Third_Party/FreeRTOS/Source/tasks.o
 .bss.xSuspendedTaskList
                0x0000000020000ab4       0x14 Middlewares/Third_Party/FreeRTOS/Source/tasks.o
 .bss.uxCurrentNumberOfTasks
                0x0000000020000ac8        0x4 Middlewares/Third_Party/FreeRTOS/Source/tasks.o
 .bss.xTickCount
                0x0000000020000acc        0x4 Middlewares/Third_Party/FreeRTOS/Source/tasks.o
 .bss.uxTopReadyPriority
                0x0000000020000ad0        0x4 Middlewares/Third_Party/FreeRTOS/Source/tasks.o
 .bss.xSchedulerRunning
                0x0000000020000ad4        0x4 Middlewares/Third_Party/FreeRTOS/Source/tasks.o
 .bss.uxPendedTicks
                0x0000000020000ad8        0x4 Middlewares/Third_Party/FreeRTOS/Source/tasks.o
 .bss.xYieldPending
                0x0000000020000adc        0x4 Middlewares/Third_Party/FreeRTOS/Source/tasks.o
 .bss.xNumOfOverflows
                0x0000000020000ae0        0x4 Middlewares/Third_Party/FreeRTOS/Source/tasks.o
 .bss.uxTaskNumber
                0x0000000020000ae4        0x4 Middlewares/Third_Party/FreeRTOS/Source/tasks.o
 .bss.xNextTaskUnblockTime
                0x0000000020000ae8        0x4 Middlewares/Third_Party/FreeRTOS/Source/tasks.o
 .bss.xIdleTaskHandle
                0x0000000020000aec        0x4 Middlewares/Third_Party/FreeRTOS/Source/tasks.o
 .bss.uxSchedulerSuspended
                0x0000000020000af0        0x4 Middlewares/Third_Party/FreeRTOS/Source/tasks.o
 .bss.xActiveTimerList1
                0x0000000020000af4       0x14 Middlewares/Third_Party/FreeRTOS/Source/timers.o
 .bss.xActiveTimerList2
                0x0000000020000b08       0x14 Middlewares/Third_Party/FreeRTOS/Source/timers.o
 .bss.pxCurrentTimerList
                0x0000000020000b1c        0x4 Middlewares/Third_Party/FreeRTOS/Source/timers.o
 .bss.pxOverflowTimerList
                0x0000000020000b20        0x4 Middlewares/Third_Party/FreeRTOS/Source/timers.o
 .bss.xTimerQueue
                0x0000000020000b24        0x4 Middlewares/Third_Party/FreeRTOS/Source/timers.o
 .bss.xTimerTaskHandle
                0x0000000020000b28        0x4 Middlewares/Third_Party/FreeRTOS/Source/timers.o
 .bss.xLastTime.5443
                0x0000000020000b2c        0x4 Middlewares/Third_Party/FreeRTOS/Source/timers.o
 .bss.ucStaticTimerQueueStorage.5492
                0x0000000020000b30       0x78 Middlewares/Third_Party/FreeRTOS/Source/timers.o
 .bss.xStaticTimerQueue.5491
                0x0000000020000ba8       0x48 Middlewares/Third_Party/FreeRTOS/Source/timers.o
 .bss.ucMaxSysCallPriority
                0x0000000020000bf0        0x1 Middlewares/Third_Party/FreeRTOS/Source/portable/GCC/ARM_CM3/port.o
 *fill*         0x0000000020000bf1        0x3 
 .bss.ulMaxPRIGROUPValue
                0x0000000020000bf4        0x4 Middlewares/Third_Party/FreeRTOS/Source/portable/GCC/ARM_CM3/port.o
 .bss.ucHeap    0x0000000020000bf8      0xc00 Middlewares/Third_Party/FreeRTOS/Source/portable/MemMang/heap_4.o
 .bss.xStart    0x00000000200017f8        0x8 Middlewares/Third_Party/FreeRTOS/Source/portable/MemMang/heap_4.o
 .bss.pxEnd     0x0000000020001800        0x4 Middlewares/Third_Party/FreeRTOS/Source/portable/MemMang/heap_4.o
 .bss.xFreeBytesRemaining
                0x0000000020001804        0x4 Middlewares/Third_Party/FreeRTOS/Source/portable/MemMang/heap_4.o
 .bss.xMinimumEverFreeBytesRemaining
                0x0000000020001808        0x4 Middlewares/Third_Party/FreeRTOS/Source/portable/MemMang/heap_4.o
 .bss.xBlockAllocatedBit
                0x000000002000180c        0x4 Middlewares/Third_Party/FreeRTOS/Source/portable/MemMang/heap_4.o
 .bss.__malloc_free_list
                0x0000000020001810        0x4 /opt/st/stm32cubeide_1.5.1/plugins/com.st.stm32cube.ide.mcu.externaltools.gnu-tools-for-stm32.7-2018-q2-update.linux64_1.5.0.202011040924/tools/bin/../lib/gcc/arm-none-eabi/7.3.1/../../../../arm-none-eabi/lib/thumb/v7-m/libc_nano.a(lib_a-nano-mallocr.o)
                0x0000000020001810                __malloc_free_list
 .bss.__malloc_sbrk_start
                0x0000000020001814        0x4 /opt/st/stm32cubeide_1.5.1/plugins/com.st.stm32cube.ide.mcu.externaltools.gnu-tools-for-stm32.7-2018-q2-update.linux64_1.5.0.202011040924/tools/bin/../lib/gcc/arm-none-eabi/7.3.1/../../../../arm-none-eabi/lib/thumb/v7-m/libc_nano.a(lib_a-nano-mallocr.o)
                0x0000000020001814                __malloc_sbrk_start
 *(COMMON)
 COMMON         0x0000000020001818      0x444 Core/Src/main.o
                0x0000000020001818                data_fl
                0x000000002000181c                hdma_tim2_ch1
                0x0000000020001860                data_fr_real
                0x0000000020001864                htim4
                0x00000000200018ac                uartTXBuffer
                0x00000000200019ac                hdma_tim2_up
                0x00000000200019f0                data_fr
                0x00000000200019f4                serialreaderHandle
                0x00000000200019f8                hdma_tim2_ch2_ch4
                0x0000000020001a3c                adcreaderHandle
                0x0000000020001a40                adc_value
                0x0000000020001a5c                irdata_fl
                0x0000000020001a84                hadc1
                0x0000000020001ab4                pidTimerHandle
                0x0000000020001ab8                statusUpdateHandle
                0x0000000020001abc                hdma_adc1
                0x0000000020001b00                data_fr_noise
                0x0000000020001b04                htim1
                0x0000000020001b4c                data_fl_real
                0x0000000020001b50                data_fl_noise
                0x0000000020001b54                myQueue01Handle
                0x0000000020001b58                htim2
                0x0000000020001ba0                channel_framebuffers
                0x0000000020001c30                BinSemHandle
                0x0000000020001c34                irdata_fr
 COMMON         0x0000000020001c5c       0x48 Core/Src/stm32f1xx_hal_timebase_tim.o
                0x0000000020001c5c                htim3
 COMMON         0x0000000020001ca4      0x114 Core/Src/ws2812_led.o
                0x0000000020001ca4                hdma_tim2_pwm_ch2
                0x0000000020001ce8                hdma_tim2_pwm_ch1
                0x0000000020001d2c                hdma_tim2_update
                0x0000000020001d70                htimer2
 COMMON         0x0000000020001db8        0x4 Drivers/STM32F1xx_HAL_Driver/Src/stm32f1xx_hal.o
                0x0000000020001db8                uwTick
 COMMON         0x0000000020001dbc       0x40 Middlewares/Third_Party/FreeRTOS/Source/queue.o
                0x0000000020001dbc                xQueueRegistry
 COMMON         0x0000000020001dfc        0x4 /opt/st/stm32cubeide_1.5.1/plugins/com.st.stm32cube.ide.mcu.externaltools.gnu-tools-for-stm32.7-2018-q2-update.linux64_1.5.0.202011040924/tools/bin/../lib/gcc/arm-none-eabi/7.3.1/../../../../arm-none-eabi/lib/thumb/v7-m/libc_nano.a(lib_a-reent.o)
                0x0000000020001dfc                errno
                0x0000000020001e00                . = ALIGN (0x4)
                0x0000000020001e00                _ebss = .
                0x0000000020001e00                __bss_end__ = _ebss

._user_heap_stack
                0x0000000020001e00      0x600 load address 0x000000000800acb0
                0x0000000020001e00                . = ALIGN (0x8)
                [!provide]                        PROVIDE (end = .)
                0x0000000020001e00                PROVIDE (_end = .)
                0x0000000020002000                . = (. + _Min_Heap_Size)
 *fill*         0x0000000020001e00      0x200 
                0x0000000020002400                . = (. + _Min_Stack_Size)
 *fill*         0x0000000020002000      0x400 
                0x0000000020002400                . = ALIGN (0x8)

/DISCARD/
 libc.a(*)
 libm.a(*)
 libgcc.a(*)

.ARM.attributes
                0x0000000000000000       0x29
 *(.ARM.attributes)
 .ARM.attributes
                0x0000000000000000       0x1d /opt/st/stm32cubeide_1.5.1/plugins/com.st.stm32cube.ide.mcu.externaltools.gnu-tools-for-stm32.7-2018-q2-update.linux64_1.5.0.202011040924/tools/bin/../lib/gcc/arm-none-eabi/7.3.1/thumb/v7-m/crti.o
 .ARM.attributes
                0x000000000000001d       0x2d /opt/st/stm32cubeide_1.5.1/plugins/com.st.stm32cube.ide.mcu.externaltools.gnu-tools-for-stm32.7-2018-q2-update.linux64_1.5.0.202011040924/tools/bin/../lib/gcc/arm-none-eabi/7.3.1/thumb/v7-m/crtbegin.o
 .ARM.attributes
                0x000000000000004a       0x33 Core/Src/freertos.o
 .ARM.attributes
                0x000000000000007d       0x33 Core/Src/main.o
 .ARM.attributes
                0x00000000000000b0       0x33 Core/Src/stm32f1xx_hal_msp.o
 .ARM.attributes
                0x00000000000000e3       0x33 Core/Src/stm32f1xx_hal_timebase_tim.o
 .ARM.attributes
                0x0000000000000116       0x33 Core/Src/stm32f1xx_it.o
 .ARM.attributes
                0x0000000000000149       0x33 Core/Src/sysmem.o
 .ARM.attributes
                0x000000000000017c       0x33 Core/Src/system_stm32f1xx.o
 .ARM.attributes
                0x00000000000001af       0x33 Core/Src/ws2812_led.o
 .ARM.attributes
                0x00000000000001e2       0x21 Core/Startup/startup_stm32f103c8tx.o
 .ARM.attributes
                0x0000000000000203       0x33 Drivers/STM32F1xx_HAL_Driver/Src/stm32f1xx_hal.o
 .ARM.attributes
                0x0000000000000236       0x33 Drivers/STM32F1xx_HAL_Driver/Src/stm32f1xx_hal_adc.o
 .ARM.attributes
                0x0000000000000269       0x33 Drivers/STM32F1xx_HAL_Driver/Src/stm32f1xx_hal_cortex.o
 .ARM.attributes
                0x000000000000029c       0x33 Drivers/STM32F1xx_HAL_Driver/Src/stm32f1xx_hal_dma.o
 .ARM.attributes
                0x00000000000002cf       0x33 Drivers/STM32F1xx_HAL_Driver/Src/stm32f1xx_hal_gpio.o
 .ARM.attributes
                0x0000000000000302       0x33 Drivers/STM32F1xx_HAL_Driver/Src/stm32f1xx_hal_rcc.o
 .ARM.attributes
                0x0000000000000335       0x33 Drivers/STM32F1xx_HAL_Driver/Src/stm32f1xx_hal_rcc_ex.o
 .ARM.attributes
                0x0000000000000368       0x33 Drivers/STM32F1xx_HAL_Driver/Src/stm32f1xx_hal_tim.o
 .ARM.attributes
                0x000000000000039b       0x33 Drivers/STM32F1xx_HAL_Driver/Src/stm32f1xx_hal_tim_ex.o
 .ARM.attributes
                0x00000000000003ce       0x33 Drivers/STM32F1xx_HAL_Driver/Src/stm32f1xx_ll_gpio.o
 .ARM.attributes
                0x0000000000000401       0x33 Drivers/STM32F1xx_HAL_Driver/Src/stm32f1xx_ll_rcc.o
 .ARM.attributes
                0x0000000000000434       0x33 Drivers/STM32F1xx_HAL_Driver/Src/stm32f1xx_ll_usart.o
 .ARM.attributes
                0x0000000000000467       0x33 Middlewares/Third_Party/FreeRTOS/Source/CMSIS_RTOS/cmsis_os.o
 .ARM.attributes
                0x000000000000049a       0x33 Middlewares/Third_Party/FreeRTOS/Source/list.o
 .ARM.attributes
                0x00000000000004cd       0x33 Middlewares/Third_Party/FreeRTOS/Source/queue.o
 .ARM.attributes
                0x0000000000000500       0x33 Middlewares/Third_Party/FreeRTOS/Source/tasks.o
 .ARM.attributes
                0x0000000000000533       0x33 Middlewares/Third_Party/FreeRTOS/Source/timers.o
 .ARM.attributes
                0x0000000000000566       0x33 Middlewares/Third_Party/FreeRTOS/Source/portable/GCC/ARM_CM3/port.o
 .ARM.attributes
                0x0000000000000599       0x33 Middlewares/Third_Party/FreeRTOS/Source/portable/MemMang/heap_4.o
 .ARM.attributes
                0x00000000000005cc       0x2d /opt/st/stm32cubeide_1.5.1/plugins/com.st.stm32cube.ide.mcu.externaltools.gnu-tools-for-stm32.7-2018-q2-update.linux64_1.5.0.202011040924/tools/bin/../lib/gcc/arm-none-eabi/7.3.1/../../../../arm-none-eabi/lib/thumb/v7-m/libc_nano.a(lib_a-atoi.o)
 .ARM.attributes
                0x00000000000005f9       0x2d /opt/st/stm32cubeide_1.5.1/plugins/com.st.stm32cube.ide.mcu.externaltools.gnu-tools-for-stm32.7-2018-q2-update.linux64_1.5.0.202011040924/tools/bin/../lib/gcc/arm-none-eabi/7.3.1/../../../../arm-none-eabi/lib/thumb/v7-m/libc_nano.a(lib_a-errno.o)