main.c:83:6:make_pretty_colors	40	static
main.c:116:6:lightupLED	32	static
main.c:143:6:lightupLED2	32	static
main.c:165:6:HAL_USART_RxCpltCallback	16	static
main.c:170:6:open	8	static
main.c:186:6:close	8	static
main.c:203:6:ir_led_on	8	static
main.c:208:6:ir_led_off	8	static
main.c:214:6:set_mux_fl	16	static
main.c:223:6:set_mux_fr	16	static
main.c:236:5:main	376	dynamic,ignoring_inline_asm
main.c:466:6:SystemClock_Config	88	static
main.c:512:13:MX_ADC1_Init	24	static
main.c:607:13:MX_TIM2_Init	64	static
main.c:669:13:MX_USART1_UART_Init	8	static
main.c:700:13:MX_DMA_Init	16	static
main.c:727:13:MX_GPIO_Init	40	static
main.c:783:6:Error_Handler	4	static
