core_cm3.h:1499:26:__NVIC_GetPriorityGrouping	4	static
core_cm3.h:1511:22:__NVIC_EnableIRQ	16	static
core_cm3.h:1639:22:__NVIC_SetPriority	16	static
core_cm3.h:1686:26:NVIC_EncodePriority	40	static
stm32f1xx_ll_usart.h:411:22:LL_USART_Enable	16	static
stm32f1xx_ll_usart.h:1526:22:LL_USART_ConfigAsyncMode	16	static
stm32f1xx_ll_usart.h:1839:26:LL_USART_IsActiveFlag_RXNE	16	static
stm32f1xx_ll_usart.h:1861:26:LL_USART_IsActiveFlag_TXE	16	static
stm32f1xx_ll_usart.h:2082:22:LL_USART_EnableIT_RXNE	16	static
stm32f1xx_ll_usart.h:2104:22:LL_USART_EnableIT_TXE	16	static
stm32f1xx_ll_usart.h:2200:22:LL_USART_DisableIT_TXE	16	static
stm32f1xx_ll_usart.h:2296:26:LL_USART_IsEnabledIT_TXE	16	static
stm32f1xx_ll_usart.h:2450:25:LL_USART_ReceiveData8	16	static
stm32f1xx_ll_usart.h:2473:22:LL_USART_TransmitData8	16	static
stm32f1xx_ll_bus.h:763:22:LL_APB2_GRP1_EnableClock	24	static
main.c:202:6:lightupLED1	32	static
main.c:230:6:lightupLED2	32	static
main.c:252:6:open_gripper	24	static
main.c:268:6:close_gripper	24	static
main.c:285:6:brake_lf	4	static
main.c:290:6:brake_rf	4	static
main.c:295:6:stop_lf	4	static
main.c:301:6:stop_rf	4	static
main.c:306:6:brake_gripper	8	static
main.c:313:6:stop_gripper	8	static
main.c:320:6:brake_all	8	static
main.c:335:6:stop_all	8	static
main.c:351:6:move_lf	24	static
main.c:373:6:move_lb	24	static
main.c:390:6:move_rf	24	static
main.c:412:6:move_rb	24	static
main.c:429:6:ir_led_on	8	static
main.c:434:6:ir_led_off	8	static
main.c:442:6:set_mux_fl	16	static
main.c:449:6:set_mux_fr	16	static
main.c:457:5:scale_val	40	static
main.c:472:5:clamp_val	24	static
main.c:487:9:sendData	24	static
main.c:516:6:LL_USART1_IRQHandler	16	static
main.c:550:5:main	104	static,ignoring_inline_asm
main.c:729:6:SystemClock_Config	88	static
main.c:775:13:MX_ADC1_Init	24	static
main.c:870:13:MX_TIM1_Init	96	static
main.c:945:13:MX_TIM2_Init	64	static
main.c:1007:13:MX_TIM4_Init	64	static
main.c:1078:13:MX_USART1_UART_Init	56	static
main.c:1136:13:MX_DMA_Init	16	static
main.c:1163:13:MX_GPIO_Init	40	static
main.c:1222:6:adc_reader_task	24	static
main.c:1276:6:serial_reader_task	72	dynamic
main.c:1491:6:pid_timer	72	static
main.c:1695:6:status_update_timer	232	static
main.c:1741:6:HAL_TIM_PeriodElapsedCallback	16	static
main.c:1758:6:Error_Handler	4	static
