main.c:108:6:make_pretty_colors	40	static
main.c:141:6:lightupLED	32	static
main.c:168:6:lightupLED2	32	static
main.c:190:6:HAL_UART_RxCpltCallback	16	static
main.c:197:6:open	8	static
main.c:214:6:close	8	static
main.c:231:6:stop_all	8	static
main.c:247:6:ir_led_on	8	static
main.c:252:6:ir_led_off	8	static
main.c:258:6:clear_rxBuffer	16	static
main.c:266:6:set_mux_fl	16	static
main.c:275:6:set_mux_fr	16	static
main.c:288:5:main	112	static,ignoring_inline_asm
main.c:491:6:SystemClock_Config	88	static
main.c:537:13:MX_ADC1_Init	24	static
main.c:632:13:MX_TIM1_Init	96	static
main.c:707:13:MX_TIM2_Init	64	static
main.c:769:13:MX_TIM4_Init	64	static
main.c:840:13:MX_USART1_UART_Init	8	static
main.c:871:13:MX_DMA_Init	16	static
main.c:898:13:MX_GPIO_Init	40	static
main.c:957:6:adc_reader_task	24	static
main.c:1010:6:serial_reader_task	56	static
main.c:1139:6:pid_timer	16	static
main.c:1150:6:status_update_timer	200	static
main.c:1181:6:HAL_TIM_PeriodElapsedCallback	16	static
main.c:1198:6:Error_Handler	4	static
