main.c:102:6:make_pretty_colors	40	static
main.c:135:6:lightupLED	32	static
main.c:162:6:lightupLED2	32	static
main.c:184:6:HAL_USART_RxCpltCallback	16	static
main.c:189:6:open	8	static
main.c:205:6:close	8	static
main.c:222:6:ir_led_on	8	static
main.c:227:6:ir_led_off	8	static
main.c:233:6:set_mux_fl	16	static
main.c:242:6:set_mux_fr	16	static
main.c:255:5:main	112	static,ignoring_inline_asm
main.c:448:6:SystemClock_Config	88	static
main.c:494:13:MX_ADC1_Init	24	static
main.c:589:13:MX_TIM2_Init	64	static
main.c:651:13:MX_USART1_UART_Init	8	static
main.c:682:13:MX_DMA_Init	16	static
main.c:709:13:MX_GPIO_Init	40	static
main.c:768:6:adc_reader_task	24	static
main.c:829:6:serial_reader_task	16	static
main.c:842:6:pid_timer	16	static
main.c:853:6:status_update_timer	56	static
main.c:872:6:HAL_TIM_PeriodElapsedCallback	16	static
main.c:889:6:Error_Handler	4	static
