main.c:83:6:make_pretty_colors	40	static
main.c:116:6:lightupLED	32	static
main.c:143:6:lightupLED2	32	static
main.c:165:6:HAL_USART_RxCpltCallback	16	static
main.c:170:6:open	8	static
main.c:186:6:close	8	static
main.c:209:5:main	288	static,ignoring_inline_asm
main.c:391:6:SystemClock_Config	88	static
main.c:437:13:MX_ADC1_Init	24	static
main.c:516:13:MX_TIM2_Init	64	static
main.c:578:13:MX_USART1_UART_Init	8	static
main.c:609:13:MX_DMA_Init	16	static
main.c:636:13:MX_GPIO_Init	40	static
main.c:689:6:Error_Handler	4	static
