main.c:149:6:make_pretty_colors	40	static
main.c:182:6:lightupLED	32	static
main.c:209:6:lightupLED2	32	static
main.c:231:6:HAL_UART_RxCpltCallback	16	static
main.c:238:6:open	24	static
main.c:266:6:close_vel	24	static
main.c:296:6:stop_lf	4	static
main.c:301:6:stop_all	8	static
main.c:317:6:move_lf	24	static
main.c:339:6:move_lb	24	static
main.c:356:6:move_rf	24	static
main.c:378:6:move_rb	24	static
main.c:395:6:ir_led_on	8	static
main.c:400:6:ir_led_off	8	static
main.c:406:6:clear_rxBuffer	16	static
main.c:414:6:set_mux_fl	16	static
main.c:423:6:set_mux_fr	16	static
main.c:431:5:scale_val	40	static
main.c:446:5:constrain	24	static
main.c:465:5:main	120	static,ignoring_inline_asm
main.c:673:6:SystemClock_Config	88	static
main.c:719:13:MX_ADC1_Init	24	static
main.c:814:13:MX_TIM1_Init	96	static
main.c:889:13:MX_TIM2_Init	64	static
main.c:951:13:MX_TIM4_Init	64	static
main.c:1022:13:MX_USART1_UART_Init	8	static
main.c:1053:13:MX_DMA_Init	16	static
main.c:1080:13:MX_GPIO_Init	40	static
main.c:1139:6:adc_reader_task	24	static
main.c:1192:6:serial_reader_task	64	static
main.c:1336:6:pid_timer	56	static
main.c:1446:6:status_update_timer	200	static
main.c:1479:6:HAL_TIM_PeriodElapsedCallback	16	static
main.c:1496:6:Error_Handler	4	static
