main.c:156:6:make_pretty_colors	40	static
main.c:189:6:lightupLED	32	static
main.c:216:6:lightupLED2	32	static
main.c:238:6:HAL_UART_RxCpltCallback	16	static
main.c:245:6:open	24	static
main.c:273:6:close_vel	24	static
main.c:303:6:brake_lf	4	static
main.c:308:6:brake_rf	4	static
main.c:313:6:stop_lf	4	static
main.c:319:6:stop_rf	4	static
main.c:324:6:brake_gripper	8	static
main.c:331:6:stop_gripper	8	static
main.c:338:6:brake_all	8	static
main.c:353:6:stop_all	8	static
main.c:369:6:move_lf	24	static
main.c:391:6:move_lb	24	static
main.c:408:6:move_rf	24	static
main.c:430:6:move_rb	24	static
main.c:447:6:ir_led_on	8	static
main.c:452:6:ir_led_off	8	static
main.c:458:6:clear_rxBuffer	16	static
main.c:466:6:set_mux_fl	16	static
main.c:475:6:set_mux_fr	16	static
main.c:483:5:scale_val	40	static
main.c:498:5:constrain	24	static
main.c:517:5:main	120	static,ignoring_inline_asm
main.c:693:6:SystemClock_Config	88	static
main.c:739:13:MX_ADC1_Init	24	static
main.c:834:13:MX_TIM1_Init	96	static
main.c:909:13:MX_TIM2_Init	64	static
main.c:971:13:MX_TIM4_Init	64	static
main.c:1042:13:MX_USART1_UART_Init	8	static
main.c:1073:13:MX_DMA_Init	16	static
main.c:1100:13:MX_GPIO_Init	40	static
main.c:1159:6:adc_reader_task	24	static
main.c:1212:6:serial_reader_task	64	static,ignoring_inline_asm
main.c:1415:6:pid_timer	64	static
main.c:1554:6:status_update_timer	200	static
main.c:1586:6:HAL_TIM_PeriodElapsedCallback	16	static
main.c:1603:6:Error_Handler	4	static
