main.c:164:6:make_pretty_colors	40	static
main.c:197:6:lightupLED	32	static
main.c:224:6:lightupLED2	32	static
main.c:246:6:HAL_UART_RxCpltCallback	16	static
main.c:253:6:open_gripper	24	static
main.c:281:6:close_gripper	24	static
main.c:311:6:brake_lf	4	static
main.c:316:6:brake_rf	4	static
main.c:321:6:stop_lf	4	static
main.c:327:6:stop_rf	4	static
main.c:332:6:brake_gripper	8	static
main.c:339:6:stop_gripper	8	static
main.c:346:6:brake_all	8	static
main.c:361:6:stop_all	8	static
main.c:377:6:move_lf	24	static
main.c:399:6:move_lb	24	static
main.c:416:6:move_rf	24	static
main.c:438:6:move_rb	24	static
main.c:455:6:ir_led_on	8	static
main.c:460:6:ir_led_off	8	static
main.c:466:6:clear_rxBuffer	16	static
main.c:474:6:set_mux_fl	16	static
main.c:483:6:set_mux_fr	16	static
main.c:491:5:scale_val	40	static
main.c:506:5:constrain	24	static
main.c:525:5:main	120	static,ignoring_inline_asm
main.c:701:6:SystemClock_Config	88	static
main.c:747:13:MX_ADC1_Init	24	static
main.c:842:13:MX_TIM1_Init	96	static
main.c:917:13:MX_TIM2_Init	64	static
main.c:979:13:MX_TIM4_Init	64	static
main.c:1050:13:MX_USART1_UART_Init	8	static
main.c:1081:13:MX_DMA_Init	16	static
main.c:1108:13:MX_GPIO_Init	40	static
main.c:1167:6:adc_reader_task	24	static
main.c:1220:6:serial_reader_task	72	static,ignoring_inline_asm
main.c:1429:6:pid_timer	64	static
main.c:1584:6:status_update_timer	200	static
main.c:1616:6:HAL_TIM_PeriodElapsedCallback	16	static
main.c:1633:6:Error_Handler	4	static
