main.c:83:6:make_pretty_colors	40	static
main.c:116:6:lightupLED	32	static
main.c:143:6:lightupLED2	32	static
main.c:165:6:HAL_USART_RxCpltCallback	16	static
main.c:170:6:open	8	static
main.c:186:6:close	8	static
main.c:209:5:main	312	static,ignoring_inline_asm
main.c:391:6:SystemClock_Config	88	static
main.c:437:13:MX_ADC1_Init	24	static
main.c:532:13:MX_TIM2_Init	64	static
main.c:594:13:MX_USART1_UART_Init	8	static
main.c:625:13:MX_DMA_Init	16	static
main.c:652:13:MX_GPIO_Init	40	static
main.c:705:6:Error_Handler	4	static
