main.c:169:6:make_pretty_colors	40	static
main.c:202:6:lightupLED	32	static
main.c:229:6:lightupLED2	32	static
main.c:251:6:HAL_UART_RxCpltCallback	24	static
main.c:267:6:open_gripper	24	static
main.c:295:6:close_gripper	24	static
main.c:325:6:brake_lf	4	static
main.c:330:6:brake_rf	4	static
main.c:335:6:stop_lf	4	static
main.c:341:6:stop_rf	4	static
main.c:346:6:brake_gripper	8	static
main.c:353:6:stop_gripper	8	static
main.c:360:6:brake_all	8	static
main.c:375:6:stop_all	8	static
main.c:391:6:move_lf	24	static
main.c:413:6:move_lb	24	static
main.c:430:6:move_rf	24	static
main.c:452:6:move_rb	24	static
main.c:469:6:ir_led_on	8	static
main.c:474:6:ir_led_off	8	static
main.c:480:6:clear_rxBuffer	16	static
main.c:490:6:set_mux_fl	16	static
main.c:499:6:set_mux_fr	16	static
main.c:507:5:scale_val	40	static
main.c:522:5:constrain	24	static
main.c:541:5:main	120	static,ignoring_inline_asm
main.c:723:6:SystemClock_Config	88	static
main.c:769:13:MX_ADC1_Init	24	static
main.c:864:13:MX_TIM1_Init	96	static
main.c:939:13:MX_TIM2_Init	64	static
main.c:1001:13:MX_TIM4_Init	64	static
main.c:1072:13:MX_USART1_UART_Init	8	static
main.c:1103:13:MX_DMA_Init	16	static
main.c:1130:13:MX_GPIO_Init	40	static
main.c:1189:6:adc_reader_task	24	static
main.c:1242:6:serial_reader_task	72	static,ignoring_inline_asm
main.c:1464:6:serial_reader_task_temp	16	static
main.c:1531:6:pid_timer	64	static
main.c:1704:6:status_update_timer	200	static
main.c:1737:6:HAL_TIM_PeriodElapsedCallback	16	static
main.c:1754:6:Error_Handler	4	static
