main.c:157:6:make_pretty_colors	40	static
main.c:190:6:lightupLED	32	static
main.c:217:6:lightupLED2	32	static
main.c:239:6:HAL_UART_RxCpltCallback	16	static
main.c:246:6:open	24	static
main.c:274:6:close_vel	24	static
main.c:304:6:stop_lf	4	static
main.c:309:6:stop_rf	4	static
main.c:314:6:stop_all	8	static
main.c:330:6:move_lf	24	static
main.c:352:6:move_lb	24	static
main.c:369:6:move_rf	24	static
main.c:391:6:move_rb	24	static
main.c:408:6:ir_led_on	8	static
main.c:413:6:ir_led_off	8	static
main.c:419:6:clear_rxBuffer	16	static
main.c:427:6:set_mux_fl	16	static
main.c:436:6:set_mux_fr	16	static
main.c:444:5:scale_val	40	static
main.c:459:5:constrain	24	static
main.c:478:5:main	120	static,ignoring_inline_asm
main.c:654:6:SystemClock_Config	88	static
main.c:700:13:MX_ADC1_Init	24	static
main.c:795:13:MX_TIM1_Init	96	static
main.c:870:13:MX_TIM2_Init	64	static
main.c:932:13:MX_TIM4_Init	64	static
main.c:1003:13:MX_USART1_UART_Init	8	static
main.c:1034:13:MX_DMA_Init	16	static
main.c:1061:13:MX_GPIO_Init	40	static
main.c:1120:6:adc_reader_task	24	static
main.c:1173:6:serial_reader_task	64	static
main.c:1317:6:pid_timer	64	static
main.c:1456:6:status_update_timer	200	static
main.c:1489:6:HAL_TIM_PeriodElapsedCallback	16	static
main.c:1506:6:Error_Handler	4	static
