main.c:135:6:make_pretty_colors	40	static
main.c:168:6:lightupLED	32	static
main.c:195:6:lightupLED2	32	static
main.c:217:6:HAL_UART_RxCpltCallback	16	static
main.c:224:6:open	24	static
main.c:252:6:close_vel	24	static
main.c:283:6:stop_all	8	static
main.c:299:6:move_lf	24	static
main.c:321:6:move_lb	24	static
main.c:338:6:move_rf	24	static
main.c:360:6:move_rb	24	static
main.c:377:6:ir_led_on	8	static
main.c:382:6:ir_led_off	8	static
main.c:388:6:clear_rxBuffer	16	static
main.c:396:6:set_mux_fl	16	static
main.c:405:6:set_mux_fr	16	static
main.c:413:5:scale_val	40	static
main.c:433:5:main	120	static,ignoring_inline_asm
main.c:641:6:SystemClock_Config	88	static
main.c:687:13:MX_ADC1_Init	24	static
main.c:782:13:MX_TIM1_Init	96	static
main.c:857:13:MX_TIM2_Init	64	static
main.c:919:13:MX_TIM4_Init	64	static
main.c:990:13:MX_USART1_UART_Init	8	static
main.c:1021:13:MX_DMA_Init	16	static
main.c:1048:13:MX_GPIO_Init	40	static
main.c:1107:6:adc_reader_task	24	static
main.c:1160:6:serial_reader_task	56	static
main.c:1296:6:pid_timer	16	static
main.c:1365:6:status_update_timer	200	static
main.c:1397:6:HAL_TIM_PeriodElapsedCallback	16	static
main.c:1414:6:Error_Handler	4	static
