main.c:107:6:make_pretty_colors	40	static
main.c:140:6:lightupLED	32	static
main.c:167:6:lightupLED2	32	static
main.c:189:6:HAL_UART_RxCpltCallback	16	static
main.c:196:6:open	8	static
main.c:213:6:close	8	static
main.c:230:6:ir_led_on	8	static
main.c:235:6:ir_led_off	8	static
main.c:241:6:clear_rxBuffer	16	static
main.c:249:6:set_mux_fl	16	static
main.c:258:6:set_mux_fr	16	static
main.c:271:5:main	112	static,ignoring_inline_asm
main.c:474:6:SystemClock_Config	88	static
main.c:520:13:MX_ADC1_Init	24	static
main.c:615:13:MX_TIM1_Init	96	static
main.c:690:13:MX_TIM2_Init	64	static
main.c:752:13:MX_TIM4_Init	64	static
main.c:823:13:MX_USART1_UART_Init	8	static
main.c:854:13:MX_DMA_Init	16	static
main.c:881:13:MX_GPIO_Init	40	static
main.c:940:6:adc_reader_task	24	static
main.c:993:6:serial_reader_task	16	static
main.c:1025:6:pid_timer	16	static
main.c:1036:6:status_update_timer	200	static
main.c:1067:6:HAL_TIM_PeriodElapsedCallback	16	static
main.c:1084:6:Error_Handler	4	static
