main.c:83:6:make_pretty_colors	40	static
main.c:116:6:lightupLED	32	static
main.c:143:6:lightupLED2	32	static
main.c:165:6:HAL_USART_RxCpltCallback	16	static
main.c:170:6:open	8	static
main.c:186:6:close	8	static
main.c:203:6:ir_led_on	8	static
main.c:208:6:ir_led_off	8	static
main.c:214:6:set_mux1	16	static
main.c:223:6:set_mux2	16	static
main.c:236:5:main	312	static,ignoring_inline_asm
main.c:428:6:SystemClock_Config	88	static
main.c:474:13:MX_ADC1_Init	24	static
main.c:569:13:MX_TIM2_Init	64	static
main.c:631:13:MX_USART1_UART_Init	8	static
main.c:662:13:MX_DMA_Init	16	static
main.c:689:13:MX_GPIO_Init	40	static
main.c:745:6:Error_Handler	4	static
