main.c:93:6:make_pretty_colors	40	static
main.c:126:6:lightupLED	32	static
main.c:153:6:lightupLED2	32	static
main.c:175:6:HAL_USART_RxCpltCallback	16	static
main.c:180:6:open	8	static
main.c:196:6:close	8	static
main.c:213:6:ir_led_on	8	static
main.c:218:6:ir_led_off	8	static
main.c:224:6:set_mux_fl	16	static
main.c:233:6:set_mux_fr	16	static
main.c:246:5:main	344	dynamic,ignoring_inline_asm
main.c:468:6:SystemClock_Config	88	static
main.c:514:13:MX_ADC1_Init	24	static
main.c:609:13:MX_TIM2_Init	64	static
main.c:671:13:MX_USART1_UART_Init	8	static
main.c:702:13:MX_DMA_Init	16	static
main.c:729:13:MX_GPIO_Init	40	static
main.c:788:6:status_update_task	16	static
main.c:807:6:serial_reader_task	16	static
main.c:820:6:pid_timer	16	static
main.c:835:6:HAL_TIM_PeriodElapsedCallback	16	static
main.c:852:6:Error_Handler	4	static
