main.c:108:6:make_pretty_colors	40	static
main.c:141:6:lightupLED	32	static
main.c:168:6:lightupLED2	32	static
main.c:190:6:HAL_UART_RxCpltCallback	16	static
main.c:197:6:open	8	static
main.c:214:6:close	8	static
main.c:231:6:stop_all	8	static
main.c:247:6:move_lf	24	static
main.c:256:6:move_lr	24	static
main.c:263:6:ir_led_on	8	static
main.c:268:6:ir_led_off	8	static
main.c:274:6:clear_rxBuffer	16	static
main.c:282:6:set_mux_fl	16	static
main.c:291:6:set_mux_fr	16	static
main.c:299:5:scale_val	40	static
main.c:319:5:main	112	static,ignoring_inline_asm
main.c:522:6:SystemClock_Config	88	static
main.c:568:13:MX_ADC1_Init	24	static
main.c:663:13:MX_TIM1_Init	96	static
main.c:738:13:MX_TIM2_Init	64	static
main.c:800:13:MX_TIM4_Init	64	static
main.c:871:13:MX_USART1_UART_Init	8	static
main.c:902:13:MX_DMA_Init	16	static
main.c:929:13:MX_GPIO_Init	40	static
main.c:988:6:adc_reader_task	24	static
main.c:1041:6:serial_reader_task	56	static
main.c:1173:6:pid_timer	16	static
main.c:1184:6:status_update_timer	200	static
main.c:1215:6:HAL_TIM_PeriodElapsedCallback	16	static
main.c:1232:6:Error_Handler	4	static
