main.c:166:6:make_pretty_colors	40	static
main.c:199:6:lightupLED	32	static
main.c:226:6:lightupLED2	32	static
main.c:248:6:HAL_UART_RxCpltCallback	16	static
main.c:255:6:open_gripper	24	static
main.c:283:6:close_gripper	24	static
main.c:313:6:brake_lf	4	static
main.c:318:6:brake_rf	4	static
main.c:323:6:stop_lf	4	static
main.c:329:6:stop_rf	4	static
main.c:334:6:brake_gripper	8	static
main.c:341:6:stop_gripper	8	static
main.c:348:6:brake_all	8	static
main.c:363:6:stop_all	8	static
main.c:379:6:move_lf	24	static
main.c:401:6:move_lb	24	static
main.c:418:6:move_rf	24	static
main.c:440:6:move_rb	24	static
main.c:457:6:ir_led_on	8	static
main.c:462:6:ir_led_off	8	static
main.c:468:6:clear_rxBuffer	16	static
main.c:476:6:set_mux_fl	16	static
main.c:485:6:set_mux_fr	16	static
main.c:493:5:scale_val	40	static
main.c:508:5:constrain	24	static
main.c:527:5:main	120	static,ignoring_inline_asm
main.c:703:6:SystemClock_Config	88	static
main.c:749:13:MX_ADC1_Init	24	static
main.c:844:13:MX_TIM1_Init	96	static
main.c:919:13:MX_TIM2_Init	64	static
main.c:981:13:MX_TIM4_Init	64	static
main.c:1052:13:MX_USART1_UART_Init	8	static
main.c:1083:13:MX_DMA_Init	16	static
main.c:1110:13:MX_GPIO_Init	40	static
main.c:1169:6:adc_reader_task	24	static
main.c:1222:6:serial_reader_task	72	static,ignoring_inline_asm
main.c:1435:6:pid_timer	64	static
main.c:1599:6:status_update_timer	200	static
main.c:1632:6:HAL_TIM_PeriodElapsedCallback	16	static
main.c:1649:6:Error_Handler	4	static
