main.c:126:6:make_pretty_colors	40	static
main.c:159:6:lightupLED	32	static
main.c:186:6:lightupLED2	32	static
main.c:208:6:HAL_UART_RxCpltCallback	16	static
main.c:215:6:open	8	static
main.c:232:6:close	8	static
main.c:249:6:stop_all	8	static
main.c:265:6:move_lf	24	static
main.c:287:6:move_lb	24	static
main.c:304:6:move_rf	24	static
main.c:326:6:move_rb	24	static
main.c:343:6:ir_led_on	8	static
main.c:348:6:ir_led_off	8	static
main.c:354:6:clear_rxBuffer	16	static
main.c:362:6:set_mux_fl	16	static
main.c:371:6:set_mux_fr	16	static
main.c:379:5:scale_val	40	static
main.c:399:5:main	120	static,ignoring_inline_asm
main.c:607:6:SystemClock_Config	88	static
main.c:653:13:MX_ADC1_Init	24	static
main.c:748:13:MX_TIM1_Init	96	static
main.c:823:13:MX_TIM2_Init	64	static
main.c:885:13:MX_TIM4_Init	64	static
main.c:956:13:MX_USART1_UART_Init	8	static
main.c:987:13:MX_DMA_Init	16	static
main.c:1014:13:MX_GPIO_Init	40	static
main.c:1073:6:adc_reader_task	24	static
main.c:1126:6:serial_reader_task	56	static
main.c:1260:6:pid_timer	16	static
main.c:1308:6:status_update_timer	200	static
main.c:1340:6:HAL_TIM_PeriodElapsedCallback	16	static
main.c:1357:6:Error_Handler	4	static
