main.c:127:6:make_pretty_colors	40	static
main.c:160:6:lightupLED	32	static
main.c:187:6:lightupLED2	32	static
main.c:209:6:HAL_UART_RxCpltCallback	16	static
main.c:216:6:open	8	static
main.c:233:6:close	8	static
main.c:250:6:stop_all	8	static
main.c:266:6:move_lf	24	static
main.c:294:6:move_lb	24	static
main.c:316:6:ir_led_on	8	static
main.c:321:6:ir_led_off	8	static
main.c:327:6:clear_rxBuffer	16	static
main.c:335:6:set_mux_fl	16	static
main.c:344:6:set_mux_fr	16	static
main.c:352:5:scale_val	40	static
main.c:372:5:main	120	static,ignoring_inline_asm
main.c:580:6:SystemClock_Config	88	static
main.c:626:13:MX_ADC1_Init	24	static
main.c:721:13:MX_TIM1_Init	96	static
main.c:796:13:MX_TIM2_Init	64	static
main.c:858:13:MX_TIM4_Init	64	static
main.c:929:13:MX_USART1_UART_Init	8	static
main.c:960:13:MX_DMA_Init	16	static
main.c:987:13:MX_GPIO_Init	40	static
main.c:1046:6:adc_reader_task	24	static
main.c:1099:6:serial_reader_task	56	static
main.c:1231:6:pid_timer	16	static
main.c:1267:6:status_update_timer	200	static
main.c:1299:6:HAL_TIM_PeriodElapsedCallback	16	static
main.c:1316:6:Error_Handler	4	static
