main.c:140:6:make_pretty_colors	40	static
main.c:173:6:lightupLED	32	static
main.c:200:6:lightupLED2	32	static
main.c:222:6:HAL_UART_RxCpltCallback	16	static
main.c:229:6:open	24	static
main.c:257:6:close_vel	24	static
main.c:288:6:stop_all	8	static
main.c:304:6:move_lf	24	static
main.c:326:6:move_lb	24	static
main.c:343:6:move_rf	24	static
main.c:365:6:move_rb	24	static
main.c:382:6:ir_led_on	8	static
main.c:387:6:ir_led_off	8	static
main.c:393:6:clear_rxBuffer	16	static
main.c:401:6:set_mux_fl	16	static
main.c:410:6:set_mux_fr	16	static
main.c:418:5:scale_val	40	static
main.c:438:5:main	120	static,ignoring_inline_asm
main.c:646:6:SystemClock_Config	88	static
main.c:692:13:MX_ADC1_Init	24	static
main.c:787:13:MX_TIM1_Init	96	static
main.c:862:13:MX_TIM2_Init	64	static
main.c:924:13:MX_TIM4_Init	64	static
main.c:995:13:MX_USART1_UART_Init	8	static
main.c:1026:13:MX_DMA_Init	16	static
main.c:1053:13:MX_GPIO_Init	40	static
main.c:1112:6:adc_reader_task	24	static
main.c:1165:6:serial_reader_task	56	static
main.c:1309:6:pid_timer	32	static
main.c:1390:6:status_update_timer	200	static
main.c:1423:6:HAL_TIM_PeriodElapsedCallback	16	static
main.c:1440:6:Error_Handler	4	static
