main.c:157:6:make_pretty_colors	40	static
main.c:190:6:lightupLED	32	static
main.c:217:6:lightupLED2	32	static
main.c:239:6:HAL_UART_RxCpltCallback	16	static
main.c:246:6:open	24	static
main.c:274:6:close_vel	24	static
main.c:304:6:brake_lf	4	static
main.c:309:6:brake_rf	4	static
main.c:314:6:stop_lf	4	static
main.c:320:6:stop_rf	4	static
main.c:325:6:brake_gripper	8	static
main.c:332:6:stop_gripper	8	static
main.c:339:6:brake_all	8	static
main.c:354:6:stop_all	8	static
main.c:370:6:move_lf	24	static
main.c:392:6:move_lb	24	static
main.c:409:6:move_rf	24	static
main.c:431:6:move_rb	24	static
main.c:448:6:ir_led_on	8	static
main.c:453:6:ir_led_off	8	static
main.c:459:6:clear_rxBuffer	16	static
main.c:467:6:set_mux_fl	16	static
main.c:476:6:set_mux_fr	16	static
main.c:484:5:scale_val	40	static
main.c:499:5:constrain	24	static
main.c:518:5:main	120	static,ignoring_inline_asm
main.c:694:6:SystemClock_Config	88	static
main.c:740:13:MX_ADC1_Init	24	static
main.c:835:13:MX_TIM1_Init	96	static
main.c:910:13:MX_TIM2_Init	64	static
main.c:972:13:MX_TIM4_Init	64	static
main.c:1043:13:MX_USART1_UART_Init	8	static
main.c:1074:13:MX_DMA_Init	16	static
main.c:1101:13:MX_GPIO_Init	40	static
main.c:1160:6:adc_reader_task	24	static
main.c:1213:6:serial_reader_task	64	static,ignoring_inline_asm
main.c:1416:6:pid_timer	64	static
main.c:1555:6:status_update_timer	200	static
main.c:1588:6:HAL_TIM_PeriodElapsedCallback	16	static
main.c:1605:6:Error_Handler	4	static
