main.c:106:6:make_pretty_colors	40	static
main.c:139:6:lightupLED	32	static
main.c:166:6:lightupLED2	32	static
main.c:188:6:HAL_USART_RxCpltCallback	16	static
main.c:193:6:open	8	static
main.c:209:6:close	8	static
main.c:226:6:ir_led_on	8	static
main.c:231:6:ir_led_off	8	static
main.c:237:6:set_mux_fl	16	static
main.c:246:6:set_mux_fr	16	static
main.c:259:5:main	112	static,ignoring_inline_asm
main.c:485:6:SystemClock_Config	88	static
main.c:531:13:MX_ADC1_Init	24	static
main.c:626:13:MX_TIM1_Init	96	static
main.c:701:13:MX_TIM2_Init	64	static
main.c:763:13:MX_TIM4_Init	64	static
main.c:834:13:MX_USART1_UART_Init	8	static
main.c:865:13:MX_DMA_Init	16	static
main.c:892:13:MX_GPIO_Init	40	static
main.c:951:6:adc_reader_task	24	static
main.c:1012:6:serial_reader_task	16	static
main.c:1025:6:pid_timer	16	static
main.c:1036:6:status_update_timer	200	static
main.c:1065:6:HAL_TIM_PeriodElapsedCallback	16	static
main.c:1082:6:Error_Handler	4	static
